ARM Linker, 5.03 [Build 76] [MDK-ARM Standard][RL-ARM]

==============================================================================

Section Cross References

    startup_stm32f429x.o(RESET) refers to startup_stm32f429x.o(STACK) for __initial_sp
    startup_stm32f429x.o(RESET) refers to startup_stm32f429x.o(.text) for Reset_Handler
    startup_stm32f429x.o(RESET) refers to stm32f4xx_it.o(.text) for NMI_Handler
    startup_stm32f429x.o(RESET) refers to port.o(.emb_text) for SVC_Handler
    startup_stm32f429x.o(RESET) refers to rtc.o(.text) for RTC_Alarm_IRQHandler
    startup_stm32f429x.o(RESET) refers to debug_uart.o(.text) for USART6_IRQHandler
    startup_stm32f429x.o(.text) refers to system_stm32f4xx.o(.text) for SystemInit
    startup_stm32f429x.o(.text) refers to entry.o(.ARM.Collect$$$$00000000) for __main
    system_stm32f4xx.o(.text) refers to system_stm32f4xx.o(.data) for SystemCoreClock
    stm32f4xx_adc.o(.text) refers to stm32f4xx_rcc.o(.text) for RCC_APB2PeriphResetCmd
    stm32f4xx_can.o(.text) refers to stm32f4xx_rcc.o(.text) for RCC_APB1PeriphResetCmd
    stm32f4xx_cryp.o(.text) refers to stm32f4xx_rcc.o(.text) for RCC_AHB2PeriphResetCmd
    stm32f4xx_cryp_aes.o(.text) refers to stm32f4xx_cryp.o(.text) for CRYP_KeyStructInit
    stm32f4xx_cryp_des.o(.text) refers to stm32f4xx_cryp.o(.text) for CRYP_KeyStructInit
    stm32f4xx_cryp_tdes.o(.text) refers to stm32f4xx_cryp.o(.text) for CRYP_KeyStructInit
    stm32f4xx_dac.o(.text) refers to stm32f4xx_rcc.o(.text) for RCC_APB1PeriphResetCmd
    stm32f4xx_dma2d.o(.text) refers to stm32f4xx_rcc.o(.text) for RCC_AHB1PeriphResetCmd
    stm32f4xx_gpio.o(.text) refers to stm32f4xx_rcc.o(.text) for RCC_AHB1PeriphResetCmd
    stm32f4xx_hash.o(.text) refers to stm32f4xx_rcc.o(.text) for RCC_AHB2PeriphResetCmd
    stm32f4xx_hash_md5.o(.text) refers to stm32f4xx_hash.o(.text) for HASH_DeInit
    stm32f4xx_hash_sha1.o(.text) refers to stm32f4xx_hash.o(.text) for HASH_DeInit
    stm32f4xx_i2c.o(.text) refers to stm32f4xx_rcc.o(.text) for RCC_APB1PeriphResetCmd
    stm32f4xx_ltdc.o(.text) refers to stm32f4xx_rcc.o(.text) for RCC_APB2PeriphResetCmd
    stm32f4xx_pwr.o(.text) refers to stm32f4xx_rcc.o(.text) for RCC_APB1PeriphResetCmd
    stm32f4xx_rcc.o(.text) refers to stm32f4xx_rcc.o(.data) for APBAHBPrescTable
    stm32f4xx_rng.o(.text) refers to stm32f4xx_rcc.o(.text) for RCC_AHB2PeriphResetCmd
    stm32f4xx_sai.o(.text) refers to stm32f4xx_rcc.o(.text) for RCC_APB2PeriphResetCmd
    stm32f4xx_sdio.o(.text) refers to stm32f4xx_rcc.o(.text) for RCC_APB2PeriphResetCmd
    stm32f4xx_spi.o(.text) refers to stm32f4xx_rcc.o(.text) for RCC_APB2PeriphResetCmd
    stm32f4xx_syscfg.o(.text) refers to stm32f4xx_rcc.o(.text) for RCC_APB2PeriphResetCmd
    stm32f4xx_tim.o(.text) refers to stm32f4xx_rcc.o(.text) for RCC_APB2PeriphResetCmd
    stm32f4xx_usart.o(.text) refers to stm32f4xx_rcc.o(.text) for RCC_APB2PeriphResetCmd
    stm32f4xx_wwdg.o(.text) refers to stm32f4xx_rcc.o(.text) for RCC_APB1PeriphResetCmd
    stm32f4x7_eth.o(.text) refers to stm32f4xx_rcc.o(.text) for RCC_AHB1PeriphResetCmd
    stm32f4x7_eth.o(.text) refers to stm32f4x7_eth.o(.data) for DMARxDescToGet
    stm32f4x7_eth.o(.text) refers to stm32f4x7_eth.o(.bss) for RX_Frame_Descriptor
    api_lib.o(.text) refers to api_msg.o(.text) for netconn_alloc
    api_lib.o(.text) refers to tcpip.o(.text) for tcpip_apimsg
    api_lib.o(.text) refers to sys_arch.o(.text) for sys_sem_valid
    api_lib.o(.text) refers to memp.o(.text) for memp_free
    api_msg.o(.text) refers to sys_arch.o(.text) for sys_mbox_valid
    api_msg.o(.text) refers to pbuf.o(.text) for pbuf_alloc
    api_msg.o(.text) refers to memp.o(.text) for memp_malloc
    api_msg.o(.text) refers to netbuf.o(.text) for netbuf_delete
    api_msg.o(.text) refers to tcp.o(.text) for tcp_recved
    api_msg.o(.text) refers to tcp_out.o(.text) for tcp_write
    api_msg.o(.text) refers to ip.o(.data) for current_iphdr_src
    api_msg.o(.text) refers to raw.o(.text) for raw_new
    api_msg.o(.text) refers to udp.o(.text) for udp_new
    netbuf.o(.text) refers to memp.o(.text) for memp_malloc
    netbuf.o(.text) refers to pbuf.o(.text) for pbuf_free
    tcpip.o(.text) refers to timers.o(.text) for sys_timeouts_mbox_fetch
    tcpip.o(.text) refers to etharp.o(.text) for ethernet_input
    tcpip.o(.text) refers to ip.o(.text) for ip_input
    tcpip.o(.text) refers to memp.o(.text) for memp_free
    tcpip.o(.text) refers to sys_arch.o(.text) for sys_mbox_valid
    tcpip.o(.text) refers to init.o(.text) for lwip_init
    tcpip.o(.text) refers to pbuf.o(.text) for pbuf_free
    tcpip.o(.text) refers to tcpip.o(.data) for tcpip_init_done
    tcpip.o(.text) refers to mem.o(.text) for mem_free
    dhcp.o(.text) refers to pbuf.o(.text) for pbuf_free
    dhcp.o(.text) refers to def.o(.text) for lwip_htonl
    dhcp.o(.text) refers to udp.o(.text) for udp_sendto_if
    dhcp.o(.text) refers to netif.o(.text) for netif_set_down
[...]
    ..\..\..\..\Utilities\Third_Party\lwip-1.4.1\src\core\tcp_in.c 0x00000000   Number         0  tcp_in.o ABSOLUTE
    ..\..\..\..\Utilities\Third_Party\lwip-1.4.1\src\core\tcp_out.c 0x00000000   Number         0  tcp_out.o ABSOLUTE
    ..\..\..\..\Utilities\Third_Party\lwip-1.4.1\src\core\timers.c 0x00000000   Number         0  timers.o ABSOLUTE
    ..\..\..\..\Utilities\Third_Party\lwip-1.4.1\src\core\udp.c 0x00000000   Number         0  udp.o ABSOLUTE
    ..\..\..\..\Utilities\Third_Party\lwip-1.4.1\src\netif\etharp.c 0x00000000   Number         0  etharp.o ABSOLUTE
    ..\\..\\..\\..\\Libraries\\CMSIS\\Device\\ST\\STM32F4xx\\Source\\Templates\\system_stm32f4xx.c 0x00000000   Number         0  system_stm32f4xx.o ABSOLUTE
    ..\\..\\..\\..\\Libraries\\STM32F4x7_ETH_Driver\\src\\stm32f4x7_eth.c 0x00000000   Number         0  stm32f4x7_eth.o ABSOLUTE
    ..\\..\\..\\..\\Libraries\\STM32F4xx_StdPeriph_Driver\\src\\misc.c 0x00000000   Number         0  misc.o ABSOLUTE
    ..\\..\\..\\..\\Libraries\\STM32F4xx_StdPeriph_Driver\\src\\stm32f4xx_adc.c 0x00000000   Number         0  stm32f4xx_adc.o ABSOLUTE
    ..\\..\\..\\..\\Libraries\\STM32F4xx_StdPeriph_Driver\\src\\stm32f4xx_can.c 0x00000000   Number         0  stm32f4xx_can.o ABSOLUTE
    ..\\..\\..\\..\\Libraries\\STM32F4xx_StdPeriph_Driver\\src\\stm32f4xx_crc.c 0x00000000   Number         0  stm32f4xx_crc.o ABSOLUTE
    ..\\..\\..\\..\\Libraries\\STM32F4xx_StdPeriph_Driver\\src\\stm32f4xx_cryp.c 0x00000000   Number         0  stm32f4xx_cryp.o ABSOLUTE
    ..\\..\\..\\..\\Libraries\\STM32F4xx_StdPeriph_Driver\\src\\stm32f4xx_cryp_aes.c 0x00000000   Number         0  stm32f4xx_cryp_aes.o ABSOLUTE
    ..\\..\\..\\..\\Libraries\\STM32F4xx_StdPeriph_Driver\\src\\stm32f4xx_cryp_des.c 0x00000000   Number         0  stm32f4xx_cryp_des.o ABSOLUTE
    ..\\..\\..\\..\\Libraries\\STM32F4xx_StdPeriph_Driver\\src\\stm32f4xx_cryp_tdes.c 0x00000000   Number         0  stm32f4xx_cryp_tdes.o ABSOLUTE
    ..\\..\\..\\..\\Libraries\\STM32F4xx_StdPeriph_Driver\\src\\stm32f4xx_dac.c 0x00000000   Number         0  stm32f4xx_dac.o ABSOLUTE
    ..\\..\\..\\..\\Libraries\\STM32F4xx_StdPeriph_Driver\\src\\stm32f4xx_dbgmcu.c 0x00000000   Number         0  stm32f4xx_dbgmcu.o ABSOLUTE
    ..\\..\\..\\..\\Libraries\\STM32F4xx_StdPeriph_Driver\\src\\stm32f4xx_dcmi.c 0x00000000   Number         0  stm32f4xx_dcmi.o ABSOLUTE
    ..\\..\\..\\..\\Libraries\\STM32F4xx_StdPeriph_Driver\\src\\stm32f4xx_dma.c 0x00000000   Number         0  stm32f4xx_dma.o ABSOLUTE
    ..\\..\\..\\..\\Libraries\\STM32F4xx_StdPeriph_Driver\\src\\stm32f4xx_dma2d.c 0x00000000   Number         0  stm32f4xx_dma2d.o ABSOLUTE
    ..\\..\\..\\..\\Libraries\\STM32F4xx_StdPeriph_Driver\\src\\stm32f4xx_exti.c 0x00000000   Number         0  stm32f4xx_exti.o ABSOLUTE
    ..\\..\\..\\..\\Libraries\\STM32F4xx_StdPeriph_Driver\\src\\stm32f4xx_flash.c 0x00000000   Number         0  stm32f4xx_flash.o ABSOLUTE
    ..\\..\\..\\..\\Libraries\\STM32F4xx_StdPeriph_Driver\\src\\stm32f4xx_fmc.c 0x00000000   Number         0  stm32f4xx_fmc.o ABSOLUTE
    ..\\..\\..\\..\\Libraries\\STM32F4xx_StdPeriph_Driver\\src\\stm32f4xx_gpio.c 0x00000000   Number         0  stm32f4xx_gpio.o ABSOLUTE
    ..\\..\\..\\..\\Libraries\\STM32F4xx_StdPeriph_Driver\\src\\stm32f4xx_hash.c 0x00000000   Number         0  stm32f4xx_hash.o ABSOLUTE
    ..\\..\\..\\..\\Libraries\\STM32F4xx_StdPeriph_Driver\\src\\stm32f4xx_hash_md5.c 0x00000000   Number         0  stm32f4xx_hash_md5.o ABSOLUTE
    ..\\..\\..\\..\\Libraries\\STM32F4xx_StdPeriph_Driver\\src\\stm32f4xx_hash_sha1.c 0x00000000   Number         0  stm32f4xx_hash_sha1.o ABSOLUTE
    ..\\..\\..\\..\\Libraries\\STM32F4xx_StdPeriph_Driver\\src\\stm32f4xx_i2c.c 0x00000000   Number         0  stm32f4xx_i2c.o ABSOLUTE
    ..\\..\\..\\..\\Libraries\\STM32F4xx_StdPeriph_Driver\\src\\stm32f4xx_iwdg.c 0x00000000   Number         0  stm32f4xx_iwdg.o ABSOLUTE
    ..\\..\\..\\..\\Libraries\\STM32F4xx_StdPeriph_Driver\\src\\stm32f4xx_ltdc.c 0x00000000   Number         0  stm32f4xx_ltdc.o ABSOLUTE
    ..\\..\\..\\..\\Libraries\\STM32F4xx_StdPeriph_Driver\\src\\stm32f4xx_pwr.c 0x00000000   Number         0  stm32f4xx_pwr.o ABSOLUTE
    ..\\..\\..\\..\\Libraries\\STM32F4xx_StdPeriph_Driver\\src\\stm32f4xx_rcc.c 0x00000000   Number         0  stm32f4xx_rcc.o ABSOLUTE
    ..\\..\\..\\..\\Libraries\\STM32F4xx_StdPeriph_Driver\\src\\stm32f4xx_rng.c 0x00000000   Number         0  stm32f4xx_rng.o ABSOLUTE
    ..\\..\\..\\..\\Libraries\\STM32F4xx_StdPeriph_Driver\\src\\stm32f4xx_rtc.c 0x00000000   Number         0  stm32f4xx_rtc.o ABSOLUTE
    ..\\..\\..\\..\\Libraries\\STM32F4xx_StdPeriph_Driver\\src\\stm32f4xx_sai.c 0x00000000   Number         0  stm32f4xx_sai.o ABSOLUTE
    ..\\..\\..\\..\\Libraries\\STM32F4xx_StdPeriph_Driver\\src\\stm32f4xx_sdio.c 0x00000000   Number         0  stm32f4xx_sdio.o ABSOLUTE
    ..\\..\\..\\..\\Libraries\\STM32F4xx_StdPeriph_Driver\\src\\stm32f4xx_spi.c 0x00000000   Number         0  stm32f4xx_spi.o ABSOLUTE
    ..\\..\\..\\..\\Libraries\\STM32F4xx_StdPeriph_Driver\\src\\stm32f4xx_syscfg.c 0x00000000   Number         0  stm32f4xx_syscfg.o ABSOLUTE
    ..\\..\\..\\..\\Libraries\\STM32F4xx_StdPeriph_Driver\\src\\stm32f4xx_tim.c 0x00000000   Number         0  stm32f4xx_tim.o ABSOLUTE
    ..\\..\\..\\..\\Libraries\\STM32F4xx_StdPeriph_Driver\\src\\stm32f4xx_usart.c 0x00000000   Number         0  stm32f4xx_usart.o ABSOLUTE
    ..\\..\\..\\..\\Libraries\\STM32F4xx_StdPeriph_Driver\\src\\stm32f4xx_wwdg.c 0x00000000   Number         0  stm32f4xx_wwdg.o ABSOLUTE
    ..\\..\\..\\..\\Utilities\\Third_Party\\FreeRTOS\\Source\\portable\\RVDS\\ARM_CM4F\\port.c 0x00000000   Number         0  port.o ABSOLUTE
    ..\\..\\..\\..\\Utilities\\Third_Party\\lwip-1.4.1\\port\\STM32F4xx\\FreeRTOS\\ethernetif.c 0x00000000   Number         0  ethernetif.o ABSOLUTE
    ..\\src\\debug_uart.c                    0x00000000   Number         0  debug_uart.o ABSOLUTE
    ..\\src\\led_buzzer.c                    0x00000000   Number         0  led_buzzer.o ABSOLUTE
    ..\\src\\main.c                          0x00000000   Number         0  main.o ABSOLUTE
    ..\\src\\rtc.c                           0x00000000   Number         0  rtc.o ABSOLUTE
    ..\\src\\stm32f4x7_eth_bsp.c             0x00000000   Number         0  stm32f4x7_eth_bsp.o ABSOLUTE
    ..\\src\\stm32f4xx_it.c                  0x00000000   Number         0  stm32f4xx_it.o ABSOLUTE
    ..\src\debug_uart.c                      0x00000000   Number         0  debug_uart.o ABSOLUTE
    ..\src\led_buzzer.c                      0x00000000   Number         0  led_buzzer.o ABSOLUTE
    ..\src\main.c                            0x00000000   Number         0  main.o ABSOLUTE
    ..\src\rtc.c                             0x00000000   Number         0  rtc.o ABSOLUTE
    ..\src\stm32f4x7_eth_bsp.c               0x00000000   Number         0  stm32f4x7_eth_bsp.o ABSOLUTE
    ..\src\stm32f4xx_it.c                    0x00000000   Number         0  stm32f4xx_it.o ABSOLUTE
    cdrcmple.s                               0x00000000   Number         0  cdrcmple.o ABSOLUTE
    dc.s                                     0x00000000   Number         0  dc.o ABSOLUTE
    handlers.s                               0x00000000   Number         0  handlers.o ABSOLUTE
    init.s                                   0x00000000   Number         0  init.o ABSOLUTE
    RESET                                    0x08000000   Section      428  startup_stm32f429x.o(RESET)
    .ARM.Collect$$$$00000000                 0x080001ac   Section        0  entry.o(.ARM.Collect$$$$00000000)
    .ARM.Collect$$$$00000001                 0x080001ac   Section        4  entry2.o(.ARM.Collect$$$$00000001)
    .ARM.Collect$$$$00000004                 0x080001b0   Section        4  entry5.o(.ARM.Collect$$$$00000004)
    .ARM.Collect$$$$00000008                 0x080001b4   Section        0  entry7b.o(.ARM.Collect$$$$00000008)
    .ARM.Collect$$$$0000000A                 0x080001b4   Section        0  entry8b.o(.ARM.Collect$$$$0000000A)
    .ARM.Collect$$$$0000000B                 0x080001b4   Section        8  entry9a.o(.ARM.Collect$$$$0000000B)
    .ARM.Collect$$$$0000000D                 0x080001bc   Section        0  entry10a.o(.ARM.Collect$$$$0000000D)
    .ARM.Collect$$$$0000000F                 0x080001bc   Section        0  entry11a.o(.ARM.Collect$$$$0000000F)
    .ARM.Collect$$$$00002712                 0x080001bc   Section        4  entry2.o(.ARM.Collect$$$$00002712)
    __lit__00000000                          0x080001bc   Data           4  entry2.o(.ARM.Collect$$$$00002712)
    .emb_text                                0x080001c0   Section      168  port.o(.emb_text)
    $v0                                      0x080001c0   Number         0  port.o(.emb_text)
    .text                                    0x08000268   Section       36  startup_stm32f429x.o(.text)
    $v0                                      0x08000268   Number         0  startup_stm32f429x.o(.text)
    .text                                    0x0800028c   Section        0  system_stm32f4xx.o(.text)
    SetSysClock                              0x0800028d   Thumb Code   416  system_stm32f4xx.o(.text)
    .text                                    0x08000564   Section        0  misc.o(.text)
    .text                                    0x08000648   Section        0  stm32f4xx_gpio.o(.text)
    .text                                    0x080008dc   Section        0  stm32f4xx_pwr.o(.text)
    .text                                    0x08000a0c   Section        0  stm32f4xx_rcc.o(.text)
    .text                                    0x08001044   Section        0  stm32f4xx_rtc.o(.text)
    RTC_ByteToBcd2                           0x080012d7   Thumb Code    28  stm32f4xx_rtc.o(.text)
    RTC_Bcd2ToByte                           0x080012f3   Thumb Code    22  stm32f4xx_rtc.o(.text)
    .text                                    0x08001dac   Section        0  stm32f4xx_tim.o(.text)
    TI4_Config                               0x0800254b   Thumb Code    80  stm32f4xx_tim.o(.text)
    TI3_Config                               0x080025ad   Thumb Code    72  stm32f4xx_tim.o(.text)
    TI2_Config                               0x0800260f   Thumb Code    90  stm32f4xx_tim.o(.text)
    TI1_Config                               0x0800267b   Thumb Code    58  stm32f4xx_tim.o(.text)
    .text                                    0x08002a50   Section        0  stm32f4xx_usart.o(.text)
    .text                                    0x08002ea4   Section        0  stm32f4x7_eth.o(.text)
    ETH_Delay                                0x08002ea5   Thumb Code    28  stm32f4x7_eth.o(.text)
    .text                                    0x08003d10   Section        0  queue.o(.text)
    prvUnlockQueue                           0x08003de3   Thumb Code   126  queue.o(.text)
    prvIsQueueFull                           0x08003e61   Thumb Code    32  queue.o(.text)
    prvCopyDataToQueue                       0x08003e81   Thumb Code   104  queue.o(.text)
    prvIsQueueEmpty                          0x08004061   Thumb Code    28  queue.o(.text)
    prvCopyDataFromQueue                     0x0800407d   Thumb Code    42  queue.o(.text)
    vQueueUnregisterQueue                    0x0800436f   Thumb Code    38  queue.o(.text)
    .text                                    0x08004438   Section        0  list.o(.text)
    .text                                    0x080044d0   Section        0  tasks.o(.text)
    prvInitialiseTaskLists                   0x080044d1   Thumb Code    64  tasks.o(.text)
    prvInitialiseTCBVariables                0x08004511   Thumb Code    70  tasks.o(.text)
    prvAllocateTCBAndStack                   0x08004557   Thumb Code    58  tasks.o(.text)
    prvAddCurrentTaskToDelayedList           0x08004939   Thumb Code    62  tasks.o(.text)
    prvDeleteTCB                             0x08004a89   Thumb Code    18  tasks.o(.text)
    prvCheckTasksWaitingTermination          0x08004a9b   Thumb Code    86  tasks.o(.text)
    prvIdleTask                              0x08004af1   Thumb Code    20  tasks.o(.text)
    usTaskCheckFreeStackSpace                0x08004b83   Thumb Code    22  tasks.o(.text)
    prvListTaskWithinSingleList              0x08004b99   Thumb Code   116  tasks.o(.text)
    .text                                    0x08004f98   Section        0  heap_4.o(.text)
    prvInsertBlockIntoFreeList               0x08004f99   Thumb Code    96  heap_4.o(.text)
    prvHeapInit                              0x08004ff9   Thumb Code   108  heap_4.o(.text)
    .text                                    0x08005134   Section        0  port.o(.text)
    .text                                    0x08005210   Section        0  main.o(.text)
    .text                                    0x080053c0   Section        0  stm32f4xx_it.o(.text)
    .text                                    0x0800541c   Section        0  debug_uart.o(.text)
    .text                                    0x080055b0   Section        0  rtc.o(.text)
    .text                                    0x08005784   Section        0  led_buzzer.o(.text)
    .text                                    0x08005c18   Section        0  memcpya.o(.text)
    .text                                    0x08005c3c   Section        0  memseta.o(.text)
    .text                                    0x08005c60   Section        0  strcat.o(.text)
    .text                                    0x08005c78   Section        0  strncpy.o(.text)
    .text                                    0x08005c90   Section        0  strlen.o(.text)
    .text                                    0x08005c9e   Section        0  uidiv.o(.text)
    .text                                    0x08005ccc   Section       36  init.o(.text)
    i.__0sprintf$3                           0x08005cf0   Section        0  printf3.o(i.__0sprintf$3)
    i.__scatterload_copy                     0x08005d18   Section       14  handlers.o(i.__scatterload_copy)
    i.__scatterload_null                     0x08005d26   Section        2  handlers.o(i.__scatterload_null)
    i.__scatterload_zeroinit                 0x08005d28   Section       14  handlers.o(i.__scatterload_zeroinit)
    i._printf_core                           0x08005d38   Section        0  printf3.o(i._printf_core)
    _printf_core                             0x08005d39   Thumb Code   436  printf3.o(i._printf_core)
    i._sputc                                 0x08005ef0   Section        0  printf3.o(i._sputc)
    _sputc                                   0x08005ef1   Thumb Code    10  printf3.o(i._sputc)
    .data                                    0x20000000   Section       20  system_stm32f4xx.o(.data)
    .data                                    0x20000014   Section       16  stm32f4xx_rcc.o(.data)
    APBAHBPrescTable                         0x20000014   Data          16  stm32f4xx_rcc.o(.data)
    .data                                    0x20000024   Section       16  stm32f4x7_eth.o(.data)
    .data                                    0x20000034   Section       12  ethernetif.o(.data)
    s_pxNetIf                                0x20000034   Data           4  ethernetif.o(.data)
    xTxSemaphore                             0x2000003c   Data           4  ethernetif.o(.data)
    .data                                    0x20000040   Section       60  tasks.o(.data)
    uxTasksDeleted                           0x20000044   Data           4  tasks.o(.data)
    uxCurrentNumberOfTasks                   0x20000048   Data           4  tasks.o(.data)
    xTickCount                               0x2000004c   Data           4  tasks.o(.data)
    uxTopUsedPriority                        0x20000050   Data           4  tasks.o(.data)
    uxTopReadyPriority                       0x20000054   Data           4  tasks.o(.data)
    xSchedulerRunning                        0x20000058   Data           4  tasks.o(.data)
    uxSchedulerSuspended                     0x2000005c   Data           4  tasks.o(.data)
    uxMissedTicks                            0x20000060   Data           4  tasks.o(.data)
    xMissedYield                             0x20000064   Data           4  tasks.o(.data)
    xNumOfOverflows                          0x20000068   Data           4  tasks.o(.data)
    uxTaskNumber                             0x2000006c   Data           4  tasks.o(.data)
    xNextTaskUnblockTime                     0x20000070   Data           4  tasks.o(.data)
    pxDelayedTaskList                        0x20000074   Data           4  tasks.o(.data)
    pxOverflowDelayedTaskList                0x20000078   Data           4  tasks.o(.data)
    .data                                    0x2000007c   Section       16  heap_4.o(.data)
    pxEnd                                    0x2000007c   Data           4  heap_4.o(.data)
    xFreeBytesRemaining                      0x20000080   Data           4  heap_4.o(.data)
    xStart                                   0x20000084   Data           8  heap_4.o(.data)
    .data                                    0x2000008c   Section        4  port.o(.data)
    uxCriticalNesting                        0x2000008c   Data           4  port.o(.data)
    .data                                    0x20000090   Section        8  main.o(.data)
    .data                                    0x20000098   Section       21  rtc.o(.data)
    .data                                    0x200000ae   Section        7  led_buzzer.o(.data)
    .bss                                     0x200000b8   Section    15572  stm32f4x7_eth.o(.bss)
    .bss                                     0x20003d8c   Section       64  queue.o(.bss)
    .bss                                     0x20003dcc   Section      288  tasks.o(.bss)
    pcStatusString                           0x20003dcc   Data          46  tasks.o(.bss)
    pxReadyTasksLists                        0x20003dfc   Data         160  tasks.o(.bss)
    xDelayedTaskList1                        0x20003e9c   Data          20  tasks.o(.bss)
    xDelayedTaskList2                        0x20003eb0   Data          20  tasks.o(.bss)
    xPendingReadyList                        0x20003ec4   Data          20  tasks.o(.bss)
    xTasksWaitingTermination                 0x20003ed8   Data          20  tasks.o(.bss)
    .bss                                     0x20003ef0   Section    15360  heap_4.o(.bss)
    xHeap                                    0x20003ef0   Data       15360  heap_4.o(.bss)
    .bss                                     0x20007af0   Section       12  rtc.o(.bss)
    STACK                                    0x20007b00   Section     4096  startup_stm32f429x.o(STACK)

    Global Symbols

    Symbol Name                              Value     Ov Type        Size  Object(Section)

    BuildAttributes$$THM_ISAv4$E$P$D$K$B$S$7EM$VFPi3$EXTD16$VFPS$VFMA$PE$A:L22UL41UL21$X:L11$S22US41US21$IEEE1$IW$USESV6$~STKCKD$USESV7$~SHL$OSPACE$ROPI$EBA8$MICROLIB$REQ8$PRES8$EABIv2 0x00000000   Number         0  anon$$obj.o ABSOLUTE
    __ARM_use_no_argv                        0x00000000   Number         0  main.o ABSOLUTE
    _printf_a                                0x00000000   Number         0  stubs.o ABSOLUTE
    _printf_c                                0x00000000   Number         0  stubs.o ABSOLUTE
    _printf_charcount                        0x00000000   Number         0  stubs.o ABSOLUTE
    _printf_d                                0x00000000   Number         0  stubs.o ABSOLUTE
    _printf_e                                0x00000000   Number         0  stubs.o ABSOLUTE
    _printf_f                                0x00000000   Number         0  stubs.o ABSOLUTE
    _printf_flags                            0x00000000   Number         0  stubs.o ABSOLUTE
    _printf_fp_dec                           0x00000000   Number         0  stubs.o ABSOLUTE
    _printf_fp_hex                           0x00000000   Number         0  stubs.o ABSOLUTE
    _printf_g                                0x00000000   Number         0  stubs.o ABSOLUTE
    _printf_i                                0x00000000   Number         0  stubs.o ABSOLUTE
    _printf_int_dec                          0x00000000   Number         0  stubs.o ABSOLUTE
    _printf_l                                0x00000000   Number         0  stubs.o ABSOLUTE
    _printf_lc                               0x00000000   Number         0  stubs.o ABSOLUTE
    _printf_ll                               0x00000000   Number         0  stubs.o ABSOLUTE
    _printf_lld                              0x00000000   Number         0  stubs.o ABSOLUTE
    _printf_lli                              0x00000000   Number         0  stubs.o ABSOLUTE
    _printf_llo                              0x00000000   Number         0  stubs.o ABSOLUTE
    _printf_llu                              0x00000000   Number         0  stubs.o ABSOLUTE
    _printf_llx                              0x00000000   Number         0  stubs.o ABSOLUTE
    _printf_longlong_dec                     0x00000000   Number         0  stubs.o ABSOLUTE
    _printf_longlong_hex                     0x00000000   Number         0  stubs.o ABSOLUTE
    _printf_longlong_oct                     0x00000000   Number         0  stubs.o ABSOLUTE
    _printf_ls                               0x00000000   Number         0  stubs.o ABSOLUTE
    _printf_mbtowc                           0x00000000   Number         0  stubs.o ABSOLUTE
    _printf_n                                0x00000000   Number         0  stubs.o ABSOLUTE
    _printf_o                                0x00000000   Number         0  stubs.o ABSOLUTE
    _printf_p                                0x00000000   Number         0  stubs.o ABSOLUTE
    _printf_percent                          0x00000000   Number         0  stubs.o ABSOLUTE
    _printf_pre_padding                      0x00000000   Number         0  stubs.o ABSOLUTE
    _printf_return_value                     0x00000000   Number         0  stubs.o ABSOLUTE
    _printf_s                                0x00000000   Number         0  stubs.o ABSOLUTE
    _printf_sizespec                         0x00000000   Number         0  stubs.o ABSOLUTE
    _printf_str                              0x00000000   Number         0  stubs.o ABSOLUTE
    _printf_truncate_signed                  0x00000000   Number         0  stubs.o ABSOLUTE
    _printf_truncate_unsigned                0x00000000   Number         0  stubs.o ABSOLUTE
    _printf_u                                0x00000000   Number         0  stubs.o ABSOLUTE
    _printf_wc                               0x00000000   Number         0  stubs.o ABSOLUTE
    _printf_wctomb                           0x00000000   Number         0  stubs.o ABSOLUTE
    _printf_widthprec                        0x00000000   Number         0  stubs.o ABSOLUTE
    _printf_x                                0x00000000   Number         0  stubs.o ABSOLUTE
    __cpp_initialize__aeabi_                  - Undefined Weak Reference
    __cxa_finalize                            - Undefined Weak Reference
    __decompress                              - Undefined Weak Reference
    _clock_init                               - Undefined Weak Reference
    _microlib_exit                            - Undefined Weak Reference
    __Vectors_Size                           0x000001ac   Number         0  startup_stm32f429x.o ABSOLUTE
    __Vectors                                0x08000000   Data           4  startup_stm32f429x.o(RESET)
    __Vectors_End                            0x080001ac   Data           0  startup_stm32f429x.o(RESET)
    __main                                   0x080001ad   Thumb Code     0  entry.o(.ARM.Collect$$$$00000000)
    _main_stk                                0x080001ad   Thumb Code     0  entry2.o(.ARM.Collect$$$$00000001)
    _main_scatterload                        0x080001b1   Thumb Code     0  entry5.o(.ARM.Collect$$$$00000004)
    __main_after_scatterload                 0x080001b5   Thumb Code     0  entry5.o(.ARM.Collect$$$$00000004)
    _main_clock                              0x080001b5   Thumb Code     0  entry7b.o(.ARM.Collect$$$$00000008)
    _main_cpp_init                           0x080001b5   Thumb Code     0  entry8b.o(.ARM.Collect$$$$0000000A)
    _main_init                               0x080001b5   Thumb Code     0  entry9a.o(.ARM.Collect$$$$0000000B)
    __rt_final_cpp                           0x080001bd   Thumb Code     0  entry10a.o(.ARM.Collect$$$$0000000D)
    __rt_final_exit                          0x080001bd   Thumb Code     0  entry11a.o(.ARM.Collect$$$$0000000F)
    SVC_Handler                              0x080001c1   Thumb Code    24  port.o(.emb_text)
    __asm___6_port_c_39a90d8d__prvStartFirstTask 0x080001dd   Thumb Code    16  port.o(.emb_text)
    __asm___6_port_c_39a90d8d__prvEnableVFP  0x080001f1   Thumb Code    16  port.o(.emb_text)
    PendSV_Handler                           0x08000205   Thumb Code    76  port.o(.emb_text)
    ulPortSetInterruptMask                   0x08000255   Thumb Code    14  port.o(.emb_text)
    vPortClearInterruptMask                  0x08000263   Thumb Code     6  port.o(.emb_text)
    Reset_Handler                            0x08000269   Thumb Code     8  startup_stm32f429x.o(.text)
    ADC_IRQHandler                           0x08000283   Thumb Code     0  startup_stm32f429x.o(.text)
    CAN1_RX0_IRQHandler                      0x08000283   Thumb Code     0  startup_stm32f429x.o(.text)
    CAN1_RX1_IRQHandler                      0x08000283   Thumb Code     0  startup_stm32f429x.o(.text)
    CAN1_SCE_IRQHandler                      0x08000283   Thumb Code     0  startup_stm32f429x.o(.text)
    CAN1_TX_IRQHandler                       0x08000283   Thumb Code     0  startup_stm32f429x.o(.text)
    CAN2_RX0_IRQHandler                      0x08000283   Thumb Code     0  startup_stm32f429x.o(.text)
    CAN2_RX1_IRQHandler                      0x08000283   Thumb Code     0  startup_stm32f429x.o(.text)
    CAN2_SCE_IRQHandler                      0x08000283   Thumb Code     0  startup_stm32f429x.o(.text)
    CAN2_TX_IRQHandler                       0x08000283   Thumb Code     0  startup_stm32f429x.o(.text)
    CRYP_IRQHandler                          0x08000283   Thumb Code     0  startup_stm32f429x.o(.text)
    DCMI_IRQHandler                          0x08000283   Thumb Code     0  startup_stm32f429x.o(.text)
    DMA1_Stream0_IRQHandler                  0x08000283   Thumb Code     0  startup_stm32f429x.o(.text)
    DMA1_Stream1_IRQHandler                  0x08000283   Thumb Code     0  startup_stm32f429x.o(.text)
    DMA1_Stream2_IRQHandler                  0x08000283   Thumb Code     0  startup_stm32f429x.o(.text)
    DMA1_Stream3_IRQHandler                  0x08000283   Thumb Code     0  startup_stm32f429x.o(.text)
    DMA1_Stream4_IRQHandler                  0x08000283   Thumb Code     0  startup_stm32f429x.o(.text)
    DMA1_Stream5_IRQHandler                  0x08000283   Thumb Code     0  startup_stm32f429x.o(.text)
    DMA1_Stream6_IRQHandler                  0x08000283   Thumb Code     0  startup_stm32f429x.o(.text)
    DMA1_Stream7_IRQHandler                  0x08000283   Thumb Code     0  startup_stm32f429x.o(.text)
    DMA2D_IRQHandler                         0x08000283   Thumb Code     0  startup_stm32f429x.o(.text)
    DMA2_Stream0_IRQHandler                  0x08000283   Thumb Code     0  startup_stm32f429x.o(.text)
    DMA2_Stream1_IRQHandler                  0x08000283   Thumb Code     0  startup_stm32f429x.o(.text)
    DMA2_Stream2_IRQHandler                  0x08000283   Thumb Code     0  startup_stm32f429x.o(.text)
    DMA2_Stream3_IRQHandler                  0x08000283   Thumb Code     0  startup_stm32f429x.o(.text)
    DMA2_Stream4_IRQHandler                  0x08000283   Thumb Code     0  startup_stm32f429x.o(.text)
    DMA2_Stream5_IRQHandler                  0x08000283   Thumb Code     0  startup_stm32f429x.o(.text)
    DMA2_Stream6_IRQHandler                  0x08000283   Thumb Code     0  startup_stm32f429x.o(.text)
    DMA2_Stream7_IRQHandler                  0x08000283   Thumb Code     0  startup_stm32f429x.o(.text)
    ETH_WKUP_IRQHandler                      0x08000283   Thumb Code     0  startup_stm32f429x.o(.text)
    EXTI0_IRQHandler                         0x08000283   Thumb Code     0  startup_stm32f429x.o(.text)
    EXTI15_10_IRQHandler                     0x08000283   Thumb Code     0  startup_stm32f429x.o(.text)
    EXTI1_IRQHandler                         0x08000283   Thumb Code     0  startup_stm32f429x.o(.text)
    EXTI2_IRQHandler                         0x08000283   Thumb Code     0  startup_stm32f429x.o(.text)
    EXTI3_IRQHandler                         0x08000283   Thumb Code     0  startup_stm32f429x.o(.text)
    EXTI4_IRQHandler                         0x08000283   Thumb Code     0  startup_stm32f429x.o(.text)
    EXTI9_5_IRQHandler                       0x08000283   Thumb Code     0  startup_stm32f429x.o(.text)
    FLASH_IRQHandler                         0x08000283   Thumb Code     0  startup_stm32f429x.o(.text)
    FMC_IRQHandler                           0x08000283   Thumb Code     0  startup_stm32f429x.o(.text)
    FPU_IRQHandler                           0x08000283   Thumb Code     0  startup_stm32f429x.o(.text)
    HASH_RNG_IRQHandler                      0x08000283   Thumb Code     0  startup_stm32f429x.o(.text)
    I2C1_ER_IRQHandler                       0x08000283   Thumb Code     0  startup_stm32f429x.o(.text)
    I2C1_EV_IRQHandler                       0x08000283   Thumb Code     0  startup_stm32f429x.o(.text)
    I2C2_ER_IRQHandler                       0x08000283   Thumb Code     0  startup_stm32f429x.o(.text)
    I2C2_EV_IRQHandler                       0x08000283   Thumb Code     0  startup_stm32f429x.o(.text)
    I2C3_ER_IRQHandler                       0x08000283   Thumb Code     0  startup_stm32f429x.o(.text)
    I2C3_EV_IRQHandler                       0x08000283   Thumb Code     0  startup_stm32f429x.o(.text)
    LTDC_ER_IRQHandler                       0x08000283   Thumb Code     0  startup_stm32f429x.o(.text)
    LTDC_IRQHandler                          0x08000283   Thumb Code     0  startup_stm32f429x.o(.text)
    OTG_FS_IRQHandler                        0x08000283   Thumb Code     0  startup_stm32f429x.o(.text)
    OTG_FS_WKUP_IRQHandler                   0x08000283   Thumb Code     0  startup_stm32f429x.o(.text)
    OTG_HS_EP1_IN_IRQHandler                 0x08000283   Thumb Code     0  startup_stm32f429x.o(.text)
    OTG_HS_EP1_OUT_IRQHandler                0x08000283   Thumb Code     0  startup_stm32f429x.o(.text)
    OTG_HS_IRQHandler                        0x08000283   Thumb Code     0  startup_stm32f429x.o(.text)
    OTG_HS_WKUP_IRQHandler                   0x08000283   Thumb Code     0  startup_stm32f429x.o(.text)
    PVD_IRQHandler                           0x08000283   Thumb Code     0  startup_stm32f429x.o(.text)
    RCC_IRQHandler                           0x08000283   Thumb Code     0  startup_stm32f429x.o(.text)
    RTC_WKUP_IRQHandler                      0x08000283   Thumb Code     0  startup_stm32f429x.o(.text)
    SAI1_IRQHandler                          0x08000283   Thumb Code     0  startup_stm32f429x.o(.text)
    SDIO_IRQHandler                          0x08000283   Thumb Code     0  startup_stm32f429x.o(.text)
    SPI1_IRQHandler                          0x08000283   Thumb Code     0  startup_stm32f429x.o(.text)
    SPI2_IRQHandler                          0x08000283   Thumb Code     0  startup_stm32f429x.o(.text)
    SPI3_IRQHandler                          0x08000283   Thumb Code     0  startup_stm32f429x.o(.text)
    SPI4_IRQHandler                          0x08000283   Thumb Code     0  startup_stm32f429x.o(.text)
    SPI5_IRQHandler                          0x08000283   Thumb Code     0  startup_stm32f429x.o(.text)
    SPI6_IRQHandler                          0x08000283   Thumb Code     0  startup_stm32f429x.o(.text)
    TAMP_STAMP_IRQHandler                    0x08000283   Thumb Code     0  startup_stm32f429x.o(.text)
    TIM1_BRK_TIM9_IRQHandler                 0x08000283   Thumb Code     0  startup_stm32f429x.o(.text)
    TIM1_CC_IRQHandler                       0x08000283   Thumb Code     0  startup_stm32f429x.o(.text)
    TIM1_TRG_COM_TIM11_IRQHandler            0x08000283   Thumb Code     0  startup_stm32f429x.o(.text)
    TIM1_UP_TIM10_IRQHandler                 0x08000283   Thumb Code     0  startup_stm32f429x.o(.text)
    TIM2_IRQHandler                          0x08000283   Thumb Code     0  startup_stm32f429x.o(.text)
    TIM3_IRQHandler                          0x08000283   Thumb Code     0  startup_stm32f429x.o(.text)
    TIM4_IRQHandler                          0x08000283   Thumb Code     0  startup_stm32f429x.o(.text)
    TIM5_IRQHandler                          0x08000283   Thumb Code     0  startup_stm32f429x.o(.text)
    TIM6_DAC_IRQHandler                      0x08000283   Thumb Code     0  startup_stm32f429x.o(.text)
    TIM7_IRQHandler                          0x08000283   Thumb Code     0  startup_stm32f429x.o(.text)
    TIM8_BRK_TIM12_IRQHandler                0x08000283   Thumb Code     0  startup_stm32f429x.o(.text)
    TIM8_CC_IRQHandler                       0x08000283   Thumb Code     0  startup_stm32f429x.o(.text)
    TIM8_TRG_COM_TIM14_IRQHandler            0x08000283   Thumb Code     0  startup_stm32f429x.o(.text)
    TIM8_UP_TIM13_IRQHandler                 0x08000283   Thumb Code     0  startup_stm32f429x.o(.text)
    UART4_IRQHandler                         0x08000283   Thumb Code     0  startup_stm32f429x.o(.text)
    UART5_IRQHandler                         0x08000283   Thumb Code     0  startup_stm32f429x.o(.text)
    UART7_IRQHandler                         0x08000283   Thumb Code     0  startup_stm32f429x.o(.text)
    UART8_IRQHandler                         0x08000283   Thumb Code     0  startup_stm32f429x.o(.text)
    USART1_IRQHandler                        0x08000283   Thumb Code     0  startup_stm32f429x.o(.text)
    USART2_IRQHandler                        0x08000283   Thumb Code     0  startup_stm32f429x.o(.text)
    USART3_IRQHandler                        0x08000283   Thumb Code     0  startup_stm32f429x.o(.text)
    WWDG_IRQHandler                          0x08000283   Thumb Code     0  startup_stm32f429x.o(.text)
    SystemInit                               0x0800042d   Thumb Code    88  system_stm32f4xx.o(.text)
    SystemCoreClockUpdate                    0x08000485   Thumb Code   174  system_stm32f4xx.o(.text)
    NVIC_PriorityGroupConfig                 0x08000565   Thumb Code    10  misc.o(.text)
    NVIC_Init                                0x0800056f   Thumb Code   108  misc.o(.text)
    NVIC_SetVectorTable                      0x080005db   Thumb Code    14  misc.o(.text)
    NVIC_SystemLPConfig                      0x080005e9   Thumb Code    34  misc.o(.text)
    SysTick_CLKSourceConfig                  0x0800060b   Thumb Code    40  misc.o(.text)
    GPIO_DeInit                              0x08000649   Thumb Code   268  stm32f4xx_gpio.o(.text)
    GPIO_Init                                0x08000755   Thumb Code   144  stm32f4xx_gpio.o(.text)
    GPIO_StructInit                          0x080007e5   Thumb Code    18  stm32f4xx_gpio.o(.text)
    GPIO_PinLockConfig                       0x080007f7   Thumb Code    34  stm32f4xx_gpio.o(.text)
    GPIO_ReadInputDataBit                    0x08000819   Thumb Code    18  stm32f4xx_gpio.o(.text)
    GPIO_ReadInputData                       0x0800082b   Thumb Code     8  stm32f4xx_gpio.o(.text)
    GPIO_ReadOutputDataBit                   0x08000833   Thumb Code    18  stm32f4xx_gpio.o(.text)
    GPIO_ReadOutputData                      0x08000845   Thumb Code     8  stm32f4xx_gpio.o(.text)
    GPIO_SetBits                             0x0800084d   Thumb Code     4  stm32f4xx_gpio.o(.text)
    GPIO_ResetBits                           0x08000851   Thumb Code     4  stm32f4xx_gpio.o(.text)
    GPIO_WriteBit                            0x08000855   Thumb Code    10  stm32f4xx_gpio.o(.text)
    GPIO_Write                               0x0800085f   Thumb Code     4  stm32f4xx_gpio.o(.text)
    GPIO_ToggleBits                          0x08000863   Thumb Code     8  stm32f4xx_gpio.o(.text)
    GPIO_PinAFConfig                         0x0800086b   Thumb Code    70  stm32f4xx_gpio.o(.text)
    PWR_DeInit                               0x080008dd   Thumb Code    22  stm32f4xx_pwr.o(.text)
    PWR_BackupAccessCmd                      0x080008f3   Thumb Code     6  stm32f4xx_pwr.o(.text)
    PWR_PVDLevelConfig                       0x080008f9   Thumb Code    18  stm32f4xx_pwr.o(.text)
    PWR_PVDCmd                               0x0800090b   Thumb Code     6  stm32f4xx_pwr.o(.text)
    PWR_WakeUpPinCmd                         0x08000911   Thumb Code     6  stm32f4xx_pwr.o(.text)
    PWR_BackupRegulatorCmd                   0x08000917   Thumb Code     6  stm32f4xx_pwr.o(.text)
    PWR_MainRegulatorModeConfig              0x0800091d   Thumb Code    18  stm32f4xx_pwr.o(.text)
    PWR_OverDriveCmd                         0x0800092f   Thumb Code     6  stm32f4xx_pwr.o(.text)
    PWR_OverDriveSWCmd                       0x08000935   Thumb Code     6  stm32f4xx_pwr.o(.text)
    PWR_UnderDriveCmd                        0x0800093b   Thumb Code    30  stm32f4xx_pwr.o(.text)
    PWR_FlashPowerDownCmd                    0x08000959   Thumb Code     6  stm32f4xx_pwr.o(.text)
    PWR_EnterSTOPMode                        0x0800095f   Thumb Code    58  stm32f4xx_pwr.o(.text)
    PWR_EnterSTANDBYMode                     0x08000999   Thumb Code    42  stm32f4xx_pwr.o(.text)
    PWR_GetFlagStatus                        0x080009c3   Thumb Code    20  stm32f4xx_pwr.o(.text)
    PWR_ClearFlag                            0x080009d7   Thumb Code    34  stm32f4xx_pwr.o(.text)
    RCC_DeInit                               0x08000a0d   Thumb Code    82  stm32f4xx_rcc.o(.text)
    RCC_HSEConfig                            0x08000a5f   Thumb Code    14  stm32f4xx_rcc.o(.text)
    RCC_GetFlagStatus                        0x08000a6d   Thumb Code    60  stm32f4xx_rcc.o(.text)
    RCC_WaitForHSEStartUp                    0x08000aa9   Thumb Code    56  stm32f4xx_rcc.o(.text)
    RCC_AdjustHSICalibrationValue            0x08000ae1   Thumb Code    20  stm32f4xx_rcc.o(.text)
    RCC_HSICmd                               0x08000af5   Thumb Code     6  stm32f4xx_rcc.o(.text)
    RCC_LSEConfig                            0x08000afb   Thumb Code    46  stm32f4xx_rcc.o(.text)
    RCC_LSICmd                               0x08000b29   Thumb Code     6  stm32f4xx_rcc.o(.text)
    RCC_PLLConfig                            0x08000b2f   Thumb Code    32  stm32f4xx_rcc.o(.text)
    RCC_PLLCmd                               0x08000b4f   Thumb Code     6  stm32f4xx_rcc.o(.text)
    RCC_PLLI2SConfig                         0x08000b55   Thumb Code    20  stm32f4xx_rcc.o(.text)
    RCC_PLLI2SCmd                            0x08000b69   Thumb Code     6  stm32f4xx_rcc.o(.text)
    RCC_PLLSAIConfig                         0x08000b6f   Thumb Code    20  stm32f4xx_rcc.o(.text)
    RCC_PLLSAICmd                            0x08000b83   Thumb Code     6  stm32f4xx_rcc.o(.text)
    RCC_ClockSecuritySystemCmd               0x08000b89   Thumb Code     6  stm32f4xx_rcc.o(.text)
    RCC_MCO1Config                           0x08000b8f   Thumb Code    28  stm32f4xx_rcc.o(.text)
    RCC_MCO2Config                           0x08000bab   Thumb Code    28  stm32f4xx_rcc.o(.text)
    RCC_SYSCLKConfig                         0x08000bc7   Thumb Code    20  stm32f4xx_rcc.o(.text)
    RCC_GetSYSCLKSource                      0x08000bdb   Thumb Code    12  stm32f4xx_rcc.o(.text)
    RCC_HCLKConfig                           0x08000be7   Thumb Code    20  stm32f4xx_rcc.o(.text)
    RCC_PCLK1Config                          0x08000bfb   Thumb Code    20  stm32f4xx_rcc.o(.text)
    RCC_PCLK2Config                          0x08000c0f   Thumb Code    22  stm32f4xx_rcc.o(.text)
    RCC_GetClocksFreq                        0x08000c25   Thumb Code   222  stm32f4xx_rcc.o(.text)
    RCC_RTCCLKConfig                         0x08000d03   Thumb Code    54  stm32f4xx_rcc.o(.text)
    RCC_RTCCLKCmd                            0x08000d39   Thumb Code     8  stm32f4xx_rcc.o(.text)
    RCC_BackupResetCmd                       0x08000d41   Thumb Code     8  stm32f4xx_rcc.o(.text)
    RCC_I2SCLKConfig                         0x08000d49   Thumb Code     6  stm32f4xx_rcc.o(.text)
    RCC_SAIPLLI2SClkDivConfig                0x08000d4f   Thumb Code    26  stm32f4xx_rcc.o(.text)
    RCC_SAIPLLSAIClkDivConfig                0x08000d69   Thumb Code    28  stm32f4xx_rcc.o(.text)
    RCC_SAIBlockACLKConfig                   0x08000d85   Thumb Code    20  stm32f4xx_rcc.o(.text)
    RCC_SAIBlockBCLKConfig                   0x08000d99   Thumb Code    20  stm32f4xx_rcc.o(.text)
    RCC_LTDCCLKDivConfig                     0x08000dad   Thumb Code    20  stm32f4xx_rcc.o(.text)
    RCC_TIMCLKPresConfig                     0x08000dc1   Thumb Code     6  stm32f4xx_rcc.o(.text)
    RCC_AHB1PeriphClockCmd                   0x08000dc7   Thumb Code    82  stm32f4xx_rcc.o(.text)
    RCC_AHB2PeriphClockCmd                   0x08000e19   Thumb Code    26  stm32f4xx_rcc.o(.text)
    RCC_AHB3PeriphClockCmd                   0x08000e33   Thumb Code    34  stm32f4xx_rcc.o(.text)
    RCC_APB1PeriphClockCmd                   0x08000e55   Thumb Code    34  stm32f4xx_rcc.o(.text)
    RCC_APB2PeriphClockCmd                   0x08000e77   Thumb Code    34  stm32f4xx_rcc.o(.text)
    RCC_AHB1PeriphResetCmd                   0x08000e99   Thumb Code    34  stm32f4xx_rcc.o(.text)
    RCC_AHB2PeriphResetCmd                   0x08000ebb   Thumb Code    34  stm32f4xx_rcc.o(.text)
    RCC_AHB3PeriphResetCmd                   0x08000edd   Thumb Code    34  stm32f4xx_rcc.o(.text)
    RCC_APB1PeriphResetCmd                   0x08000eff   Thumb Code    34  stm32f4xx_rcc.o(.text)
    RCC_APB2PeriphResetCmd                   0x08000f21   Thumb Code    34  stm32f4xx_rcc.o(.text)
    RCC_AHB1PeriphClockLPModeCmd             0x08000f43   Thumb Code    34  stm32f4xx_rcc.o(.text)
    RCC_AHB2PeriphClockLPModeCmd             0x08000f65   Thumb Code    34  stm32f4xx_rcc.o(.text)
    RCC_AHB3PeriphClockLPModeCmd             0x08000f87   Thumb Code    34  stm32f4xx_rcc.o(.text)
    RCC_APB1PeriphClockLPModeCmd             0x08000fa9   Thumb Code    34  stm32f4xx_rcc.o(.text)
    RCC_APB2PeriphClockLPModeCmd             0x08000fcb   Thumb Code    34  stm32f4xx_rcc.o(.text)
    RCC_ITConfig                             0x08000fed   Thumb Code    34  stm32f4xx_rcc.o(.text)
    RCC_ClearFlag                            0x0800100f   Thumb Code    18  stm32f4xx_rcc.o(.text)
    RCC_GetITStatus                          0x08001021   Thumb Code    22  stm32f4xx_rcc.o(.text)
    RCC_ClearITPendingBit                    0x08001037   Thumb Code     8  stm32f4xx_rcc.o(.text)
    RTC_WaitForSynchro                       0x08001045   Thumb Code    92  stm32f4xx_rtc.o(.text)
    RTC_EnterInitMode                        0x080010a1   Thumb Code    84  stm32f4xx_rtc.o(.text)
    RTC_DeInit                               0x080010f5   Thumb Code   204  stm32f4xx_rtc.o(.text)
    RTC_ExitInitMode                         0x080011c1   Thumb Code    18  stm32f4xx_rtc.o(.text)
    RTC_Init                                 0x080011d3   Thumb Code    94  stm32f4xx_rtc.o(.text)
    RTC_StructInit                           0x08001231   Thumb Code    14  stm32f4xx_rtc.o(.text)
    RTC_WriteProtectionCmd                   0x0800123f   Thumb Code    22  stm32f4xx_rtc.o(.text)
    RTC_RefClockCmd                          0x08001255   Thumb Code    76  stm32f4xx_rtc.o(.text)
    RTC_BypassShadowCmd                      0x080012a1   Thumb Code    54  stm32f4xx_rtc.o(.text)
    RTC_SetTime                              0x08001309   Thumb Code   200  stm32f4xx_rtc.o(.text)
    RTC_TimeStructInit                       0x080013d1   Thumb Code    12  stm32f4xx_rtc.o(.text)
    RTC_GetTime                              0x080013dd   Thumb Code    74  stm32f4xx_rtc.o(.text)
    RTC_GetSubSecond                         0x08001427   Thumb Code    30  stm32f4xx_rtc.o(.text)
    RTC_SetDate                              0x08001445   Thumb Code   190  stm32f4xx_rtc.o(.text)
    RTC_DateStructInit                       0x08001503   Thumb Code    14  stm32f4xx_rtc.o(.text)
    RTC_GetDate                              0x08001511   Thumb Code    70  stm32f4xx_rtc.o(.text)
    RTC_SetAlarm                             0x08001557   Thumb Code   230  stm32f4xx_rtc.o(.text)
    RTC_AlarmStructInit                      0x0800163d   Thumb Code    22  stm32f4xx_rtc.o(.text)
    RTC_GetAlarm                             0x08001653   Thumb Code   114  stm32f4xx_rtc.o(.text)
    RTC_AlarmCmd                             0x080016c5   Thumb Code   112  stm32f4xx_rtc.o(.text)
    RTC_AlarmSubSecondConfig                 0x08001735   Thumb Code    46  stm32f4xx_rtc.o(.text)
    RTC_GetAlarmSubSecond                    0x08001763   Thumb Code    34  stm32f4xx_rtc.o(.text)
    RTC_WakeUpClockConfig                    0x08001785   Thumb Code    42  stm32f4xx_rtc.o(.text)
    RTC_SetWakeUpCounter                     0x080017af   Thumb Code    22  stm32f4xx_rtc.o(.text)
    RTC_GetWakeUpCounter                     0x080017c5   Thumb Code    10  stm32f4xx_rtc.o(.text)
    RTC_WakeUpCmd                            0x080017cf   Thumb Code   116  stm32f4xx_rtc.o(.text)
    RTC_DayLightSavingConfig                 0x08001843   Thumb Code    50  stm32f4xx_rtc.o(.text)
    RTC_GetStoreOperation                    0x08001875   Thumb Code    12  stm32f4xx_rtc.o(.text)
    RTC_OutputConfig                         0x08001881   Thumb Code    60  stm32f4xx_rtc.o(.text)
    RTC_CoarseCalibConfig                    0x080018bd   Thumb Code    52  stm32f4xx_rtc.o(.text)
    RTC_CoarseCalibCmd                       0x080018f1   Thumb Code    76  stm32f4xx_rtc.o(.text)
    RTC_CalibOutputCmd                       0x0800193d   Thumb Code    54  stm32f4xx_rtc.o(.text)
    RTC_CalibOutputConfig                    0x08001973   Thumb Code    42  stm32f4xx_rtc.o(.text)
    RTC_SmoothCalibConfig                    0x0800199d   Thumb Code    90  stm32f4xx_rtc.o(.text)
    RTC_TimeStampCmd                         0x080019f7   Thumb Code    54  stm32f4xx_rtc.o(.text)
    RTC_GetTimeStamp                         0x08001a2d   Thumb Code   144  stm32f4xx_rtc.o(.text)
    RTC_GetTimeStampSubSecond                0x08001abd   Thumb Code     8  stm32f4xx_rtc.o(.text)
    RTC_TamperTriggerConfig                  0x08001ac5   Thumb Code    38  stm32f4xx_rtc.o(.text)
    RTC_TamperCmd                            0x08001aeb   Thumb Code    34  stm32f4xx_rtc.o(.text)
    RTC_TamperFilterConfig                   0x08001b0d   Thumb Code    26  stm32f4xx_rtc.o(.text)
    RTC_TamperSamplingFreqConfig             0x08001b27   Thumb Code    26  stm32f4xx_rtc.o(.text)
    RTC_TamperPinsPrechargeDuration          0x08001b41   Thumb Code    26  stm32f4xx_rtc.o(.text)
    RTC_TimeStampOnTamperDetectionCmd        0x08001b5b   Thumb Code    38  stm32f4xx_rtc.o(.text)
    RTC_TamperPullUpCmd                      0x08001b81   Thumb Code    38  stm32f4xx_rtc.o(.text)
    RTC_WriteBackupRegister                  0x08001ba7   Thumb Code    26  stm32f4xx_rtc.o(.text)
    RTC_ReadBackupRegister                   0x08001bc1   Thumb Code    28  stm32f4xx_rtc.o(.text)
    RTC_TamperPinSelection                   0x08001bdd   Thumb Code    26  stm32f4xx_rtc.o(.text)
    RTC_TimeStampPinSelection                0x08001bf7   Thumb Code    26  stm32f4xx_rtc.o(.text)
    RTC_OutputTypeConfig                     0x08001c11   Thumb Code    26  stm32f4xx_rtc.o(.text)
    RTC_SynchroShiftConfig                   0x08001c2b   Thumb Code   130  stm32f4xx_rtc.o(.text)
    RTC_ITConfig                             0x08001cad   Thumb Code    94  stm32f4xx_rtc.o(.text)
    RTC_GetFlagStatus                        0x08001d0b   Thumb Code    32  stm32f4xx_rtc.o(.text)
    RTC_ClearFlag                            0x08001d2b   Thumb Code    28  stm32f4xx_rtc.o(.text)
    RTC_GetITStatus                          0x08001d47   Thumb Code    62  stm32f4xx_rtc.o(.text)
    RTC_ClearITPendingBit                    0x08001d85   Thumb Code    32  stm32f4xx_rtc.o(.text)
    TIM_DeInit                               0x08001dad   Thumb Code   346  stm32f4xx_tim.o(.text)
    TIM_TimeBaseInit                         0x08001f07   Thumb Code   104  stm32f4xx_tim.o(.text)
    TIM_TimeBaseStructInit                   0x08001f6f   Thumb Code    18  stm32f4xx_tim.o(.text)
    TIM_PrescalerConfig                      0x08001f81   Thumb Code     6  stm32f4xx_tim.o(.text)
    TIM_CounterModeConfig                    0x08001f87   Thumb Code    18  stm32f4xx_tim.o(.text)
    TIM_SetCounter                           0x08001f99   Thumb Code     4  stm32f4xx_tim.o(.text)
    TIM_SetAutoreload                        0x08001f9d   Thumb Code     4  stm32f4xx_tim.o(.text)
    TIM_GetCounter                           0x08001fa1   Thumb Code     6  stm32f4xx_tim.o(.text)
    TIM_GetPrescaler                         0x08001fa7   Thumb Code     6  stm32f4xx_tim.o(.text)
    TIM_UpdateDisableConfig                  0x08001fad   Thumb Code    24  stm32f4xx_tim.o(.text)
    TIM_UpdateRequestConfig                  0x08001fc5   Thumb Code    24  stm32f4xx_tim.o(.text)
    TIM_ARRPreloadConfig                     0x08001fdd   Thumb Code    24  stm32f4xx_tim.o(.text)
    TIM_SelectOnePulseMode                   0x08001ff5   Thumb Code    18  stm32f4xx_tim.o(.text)
    TIM_SetClockDivision                     0x08002007   Thumb Code    18  stm32f4xx_tim.o(.text)
    TIM_Cmd                                  0x08002019   Thumb Code    24  stm32f4xx_tim.o(.text)
    TIM_OC1Init                              0x08002031   Thumb Code   114  stm32f4xx_tim.o(.text)
    TIM_OC2Init                              0x080020a3   Thumb Code   154  stm32f4xx_tim.o(.text)
    TIM_OC3Init                              0x0800213d   Thumb Code   204  stm32f4xx_tim.o(.text)
    TIM_OC4Init                              0x08002209   Thumb Code   112  stm32f4xx_tim.o(.text)
    TIM_OCStructInit                         0x08002279   Thumb Code    20  stm32f4xx_tim.o(.text)
    TIM_SelectOCxM                           0x0800228d   Thumb Code    86  stm32f4xx_tim.o(.text)
    TIM_SetCompare1                          0x080022e3   Thumb Code     4  stm32f4xx_tim.o(.text)
    TIM_SetCompare2                          0x080022e7   Thumb Code     4  stm32f4xx_tim.o(.text)
    TIM_SetCompare3                          0x080022eb   Thumb Code     4  stm32f4xx_tim.o(.text)
    TIM_SetCompare4                          0x080022ef   Thumb Code     4  stm32f4xx_tim.o(.text)
    TIM_ForcedOC1Config                      0x080022f3   Thumb Code    18  stm32f4xx_tim.o(.text)
    TIM_ForcedOC2Config                      0x08002305   Thumb Code    26  stm32f4xx_tim.o(.text)
    TIM_ForcedOC3Config                      0x0800231f   Thumb Code    18  stm32f4xx_tim.o(.text)
    TIM_ForcedOC4Config                      0x08002331   Thumb Code    26  stm32f4xx_tim.o(.text)
    TIM_OC1PreloadConfig                     0x0800234b   Thumb Code    18  stm32f4xx_tim.o(.text)
    TIM_OC2PreloadConfig                     0x0800235d   Thumb Code    26  stm32f4xx_tim.o(.text)
    TIM_OC3PreloadConfig                     0x08002377   Thumb Code    18  stm32f4xx_tim.o(.text)
    TIM_OC4PreloadConfig                     0x08002389   Thumb Code    26  stm32f4xx_tim.o(.text)
    TIM_OC1FastConfig                        0x080023a3   Thumb Code    18  stm32f4xx_tim.o(.text)
    TIM_OC2FastConfig                        0x080023b5   Thumb Code    26  stm32f4xx_tim.o(.text)
    TIM_OC3FastConfig                        0x080023cf   Thumb Code    18  stm32f4xx_tim.o(.text)
    TIM_OC4FastConfig                        0x080023e1   Thumb Code    26  stm32f4xx_tim.o(.text)
    TIM_ClearOC1Ref                          0x080023fb   Thumb Code    18  stm32f4xx_tim.o(.text)
    TIM_ClearOC2Ref                          0x0800240d   Thumb Code    24  stm32f4xx_tim.o(.text)
    TIM_ClearOC3Ref                          0x08002425   Thumb Code    18  stm32f4xx_tim.o(.text)
    TIM_ClearOC4Ref                          0x08002437   Thumb Code    24  stm32f4xx_tim.o(.text)
    TIM_OC1PolarityConfig                    0x0800244f   Thumb Code    18  stm32f4xx_tim.o(.text)
    TIM_OC1NPolarityConfig                   0x08002461   Thumb Code    18  stm32f4xx_tim.o(.text)
    TIM_OC2PolarityConfig                    0x08002473   Thumb Code    26  stm32f4xx_tim.o(.text)
    TIM_OC2NPolarityConfig                   0x0800248d   Thumb Code    26  stm32f4xx_tim.o(.text)
    TIM_OC3PolarityConfig                    0x080024a7   Thumb Code    26  stm32f4xx_tim.o(.text)
    TIM_OC3NPolarityConfig                   0x080024c1   Thumb Code    26  stm32f4xx_tim.o(.text)
    TIM_OC4PolarityConfig                    0x080024db   Thumb Code    26  stm32f4xx_tim.o(.text)
    TIM_CCxCmd                               0x080024f5   Thumb Code    30  stm32f4xx_tim.o(.text)
    TIM_CCxNCmd                              0x08002513   Thumb Code    30  stm32f4xx_tim.o(.text)
    TIM_SetIC4Prescaler                      0x08002531   Thumb Code    26  stm32f4xx_tim.o(.text)
    TIM_SetIC3Prescaler                      0x0800259b   Thumb Code    18  stm32f4xx_tim.o(.text)
    TIM_SetIC2Prescaler                      0x080025f5   Thumb Code    26  stm32f4xx_tim.o(.text)
    TIM_SetIC1Prescaler                      0x08002669   Thumb Code    18  stm32f4xx_tim.o(.text)
    TIM_ICInit                               0x080026b5   Thumb Code   110  stm32f4xx_tim.o(.text)
    TIM_ICStructInit                         0x08002723   Thumb Code    18  stm32f4xx_tim.o(.text)
    TIM_PWMIConfig                           0x08002735   Thumb Code   124  stm32f4xx_tim.o(.text)
    TIM_GetCapture1                          0x080027b1   Thumb Code     6  stm32f4xx_tim.o(.text)
    TIM_GetCapture2                          0x080027b7   Thumb Code     6  stm32f4xx_tim.o(.text)
    TIM_GetCapture3                          0x080027bd   Thumb Code     6  stm32f4xx_tim.o(.text)
    TIM_GetCapture4                          0x080027c3   Thumb Code     6  stm32f4xx_tim.o(.text)
    TIM_BDTRConfig                           0x080027c9   Thumb Code    32  stm32f4xx_tim.o(.text)
    TIM_BDTRStructInit                       0x080027e9   Thumb Code    18  stm32f4xx_tim.o(.text)
    TIM_CtrlPWMOutputs                       0x080027fb   Thumb Code    30  stm32f4xx_tim.o(.text)
    TIM_SelectCOM                            0x08002819   Thumb Code    24  stm32f4xx_tim.o(.text)
    TIM_CCPreloadControl                     0x08002831   Thumb Code    24  stm32f4xx_tim.o(.text)
    TIM_ITConfig                             0x08002849   Thumb Code    18  stm32f4xx_tim.o(.text)
    TIM_GenerateEvent                        0x0800285b   Thumb Code     4  stm32f4xx_tim.o(.text)
    TIM_GetFlagStatus                        0x0800285f   Thumb Code    18  stm32f4xx_tim.o(.text)
    TIM_ClearFlag                            0x08002871   Thumb Code     6  stm32f4xx_tim.o(.text)
    TIM_GetITStatus                          0x08002877   Thumb Code    34  stm32f4xx_tim.o(.text)
    TIM_ClearITPendingBit                    0x08002899   Thumb Code     6  stm32f4xx_tim.o(.text)
    TIM_DMAConfig                            0x0800289f   Thumb Code    10  stm32f4xx_tim.o(.text)
    TIM_DMACmd                               0x080028a9   Thumb Code    18  stm32f4xx_tim.o(.text)
    TIM_SelectCCDMA                          0x080028bb   Thumb Code    24  stm32f4xx_tim.o(.text)
    TIM_InternalClockConfig                  0x080028d3   Thumb Code    12  stm32f4xx_tim.o(.text)
    TIM_SelectInputTrigger                   0x080028df   Thumb Code    18  stm32f4xx_tim.o(.text)
    TIM_ITRxExternalClockConfig              0x080028f1   Thumb Code    24  stm32f4xx_tim.o(.text)
    TIM_TIxExternalClockConfig               0x08002909   Thumb Code    62  stm32f4xx_tim.o(.text)
    TIM_ETRConfig                            0x08002947   Thumb Code    28  stm32f4xx_tim.o(.text)
    TIM_ETRClockMode1Config                  0x08002963   Thumb Code    54  stm32f4xx_tim.o(.text)
    TIM_ETRClockMode2Config                  0x08002999   Thumb Code    32  stm32f4xx_tim.o(.text)
    TIM_SelectOutputTrigger                  0x080029b9   Thumb Code    18  stm32f4xx_tim.o(.text)
    TIM_SelectSlaveMode                      0x080029cb   Thumb Code    18  stm32f4xx_tim.o(.text)
    TIM_SelectMasterSlaveMode                0x080029dd   Thumb Code    18  stm32f4xx_tim.o(.text)
    TIM_EncoderInterfaceConfig               0x080029ef   Thumb Code    66  stm32f4xx_tim.o(.text)
    TIM_SelectHallSensor                     0x08002a31   Thumb Code    24  stm32f4xx_tim.o(.text)
    TIM_RemapConfig                          0x08002a49   Thumb Code     6  stm32f4xx_tim.o(.text)
    USART_DeInit                             0x08002a51   Thumb Code   206  stm32f4xx_usart.o(.text)
    USART_Init                               0x08002b1f   Thumb Code   204  stm32f4xx_usart.o(.text)
    USART_StructInit                         0x08002beb   Thumb Code    24  stm32f4xx_usart.o(.text)
    USART_ClockInit                          0x08002c03   Thumb Code    32  stm32f4xx_usart.o(.text)
    USART_ClockStructInit                    0x08002c23   Thumb Code    12  stm32f4xx_usart.o(.text)
    USART_Cmd                                0x08002c2f   Thumb Code    24  stm32f4xx_usart.o(.text)
    USART_SetPrescaler                       0x08002c47   Thumb Code    16  stm32f4xx_usart.o(.text)
    USART_OverSampling8Cmd                   0x08002c57   Thumb Code    22  stm32f4xx_usart.o(.text)
    USART_OneBitMethodCmd                    0x08002c6d   Thumb Code    24  stm32f4xx_usart.o(.text)
    USART_SendData                           0x08002c85   Thumb Code     8  stm32f4xx_usart.o(.text)
    USART_ReceiveData                        0x08002c8d   Thumb Code    10  stm32f4xx_usart.o(.text)
    USART_SetAddress                         0x08002c97   Thumb Code    18  stm32f4xx_usart.o(.text)
    USART_ReceiverWakeUpCmd                  0x08002ca9   Thumb Code    24  stm32f4xx_usart.o(.text)
    USART_WakeUpConfig                       0x08002cc1   Thumb Code    18  stm32f4xx_usart.o(.text)
    USART_LINBreakDetectLengthConfig         0x08002cd3   Thumb Code    18  stm32f4xx_usart.o(.text)
    USART_LINCmd                             0x08002ce5   Thumb Code    24  stm32f4xx_usart.o(.text)
    USART_SendBreak                          0x08002cfd   Thumb Code    10  stm32f4xx_usart.o(.text)
    USART_HalfDuplexCmd                      0x08002d07   Thumb Code    24  stm32f4xx_usart.o(.text)
    USART_SetGuardTime                       0x08002d1f   Thumb Code    16  stm32f4xx_usart.o(.text)
    USART_SmartCardCmd                       0x08002d2f   Thumb Code    24  stm32f4xx_usart.o(.text)
    USART_SmartCardNACKCmd                   0x08002d47   Thumb Code    24  stm32f4xx_usart.o(.text)
    USART_IrDAConfig                         0x08002d5f   Thumb Code    18  stm32f4xx_usart.o(.text)
    USART_IrDACmd                            0x08002d71   Thumb Code    24  stm32f4xx_usart.o(.text)
    USART_DMACmd                             0x08002d89   Thumb Code    18  stm32f4xx_usart.o(.text)
    USART_ITConfig                           0x08002d9b   Thumb Code    74  stm32f4xx_usart.o(.text)
    USART_GetFlagStatus                      0x08002de5   Thumb Code    26  stm32f4xx_usart.o(.text)
    USART_ClearFlag                          0x08002dff   Thumb Code    18  stm32f4xx_usart.o(.text)
    USART_GetITStatus                        0x08002e11   Thumb Code   118  stm32f4xx_usart.o(.text)
    USART_ClearITPendingBit                  0x08002e87   Thumb Code    30  stm32f4xx_usart.o(.text)
    ETH_DeInit                               0x08002ec1   Thumb Code    22  stm32f4x7_eth.o(.text)
    ETH_StructInit                           0x08002ed7   Thumb Code   178  stm32f4x7_eth.o(.text)
    ETH_WritePHYRegister                     0x08002f89   Thumb Code    96  stm32f4x7_eth.o(.text)
    ETH_ReadPHYRegister                      0x08002fe9   Thumb Code    98  stm32f4x7_eth.o(.text)
    ETH_Init                                 0x0800304b   Thumb Code   650  stm32f4x7_eth.o(.text)
    ETH_DMAReceptionCmd                      0x080032d5   Thumb Code    30  stm32f4x7_eth.o(.text)
    ETH_DMATransmissionCmd                   0x080032f3   Thumb Code    30  stm32f4x7_eth.o(.text)
    ETH_MACReceptionCmd                      0x08003311   Thumb Code    30  stm32f4x7_eth.o(.text)
    ETH_FlushTransmitFIFO                    0x0800332f   Thumb Code    14  stm32f4x7_eth.o(.text)
    ETH_MACTransmissionCmd                   0x0800333d   Thumb Code    30  stm32f4x7_eth.o(.text)
    ETH_Start                                0x0800335b   Thumb Code    78  stm32f4x7_eth.o(.text)
    ETH_GetFlowControlBusyStatus             0x080033a9   Thumb Code    20  stm32f4x7_eth.o(.text)
    ETH_InitiatePauseControlFrame            0x080033bd   Thumb Code    14  stm32f4x7_eth.o(.text)
    ETH_BackPressureActivationCmd            0x080033cb   Thumb Code    30  stm32f4x7_eth.o(.text)
    ETH_GetMACFlagStatus                     0x080033e9   Thumb Code    20  stm32f4x7_eth.o(.text)
    ETH_GetMACITStatus                       0x080033fd   Thumb Code    20  stm32f4x7_eth.o(.text)
    ETH_MACITConfig                          0x08003411   Thumb Code    26  stm32f4x7_eth.o(.text)
    ETH_MACAddressConfig                     0x0800342b   Thumb Code    46  stm32f4x7_eth.o(.text)
    ETH_GetMACAddress                        0x08003459   Thumb Code    36  stm32f4x7_eth.o(.text)
    ETH_MACAddressPerfectFilterCmd           0x0800347d   Thumb Code    38  stm32f4x7_eth.o(.text)
    ETH_MACAddressFilterConfig               0x080034a3   Thumb Code    40  stm32f4x7_eth.o(.text)
    ETH_MACAddressMaskBytesFilterConfig      0x080034cb   Thumb Code    32  stm32f4x7_eth.o(.text)
    ETH_Get_Received_Frame                   0x080034eb   Thumb Code    82  stm32f4x7_eth.o(.text)
    ETH_Get_Received_Frame_interrupt         0x0800353d   Thumb Code   268  stm32f4x7_eth.o(.text)
    ETH_Prepare_Transmit_Descriptors         0x08003649   Thumb Code   222  stm32f4x7_eth.o(.text)
    ETH_DMARxDescChainInit                   0x08003727   Thumb Code    82  stm32f4x7_eth.o(.text)
    ETH_CheckFrameReceived                   0x08003779   Thumb Code   216  stm32f4x7_eth.o(.text)
    ETH_DMATxDescChainInit                   0x08003851   Thumb Code    70  stm32f4x7_eth.o(.text)
    ETH_GetDMATxDescFlagStatus               0x08003897   Thumb Code    18  stm32f4x7_eth.o(.text)
    ETH_GetDMATxDescCollisionCount           0x080038a9   Thumb Code    10  stm32f4x7_eth.o(.text)
    ETH_SetDMATxDescOwnBit                   0x080038b3   Thumb Code    10  stm32f4x7_eth.o(.text)
    ETH_DMATxDescTransmitITConfig            0x080038bd   Thumb Code    22  stm32f4x7_eth.o(.text)
    ETH_DMATxDescFrameSegmentConfig          0x080038d3   Thumb Code     8  stm32f4x7_eth.o(.text)
    ETH_DMATxDescChecksumInsertionConfig     0x080038db   Thumb Code     8  stm32f4x7_eth.o(.text)
    ETH_DMATxDescCRCCmd                      0x080038e3   Thumb Code    22  stm32f4x7_eth.o(.text)
    ETH_DMATxDescSecondAddressChainedCmd     0x080038f9   Thumb Code    22  stm32f4x7_eth.o(.text)
    ETH_DMATxDescShortFramePaddingCmd        0x0800390f   Thumb Code    22  stm32f4x7_eth.o(.text)
    ETH_DMATxDescBufferSizeConfig            0x08003925   Thumb Code    14  stm32f4x7_eth.o(.text)
    ETH_GetDMARxDescFlagStatus               0x08003933   Thumb Code    18  stm32f4x7_eth.o(.text)
    ETH_GetDMAPTPRxDescExtendedFlagStatus    0x08003945   Thumb Code    18  stm32f4x7_eth.o(.text)
    ETH_SetDMARxDescOwnBit                   0x08003957   Thumb Code    10  stm32f4x7_eth.o(.text)
    ETH_GetDMARxDescFrameLength              0x08003961   Thumb Code    10  stm32f4x7_eth.o(.text)
    ETH_DMARxDescReceiveITConfig             0x0800396b   Thumb Code    22  stm32f4x7_eth.o(.text)
    ETH_GetDMARxDescBufferSize               0x08003981   Thumb Code    20  stm32f4x7_eth.o(.text)
    ETH_GetRxPktSize                         0x08003995   Thumb Code    42  stm32f4x7_eth.o(.text)
    ETH_EnhancedDescriptorCmd                0x080039bf   Thumb Code    30  stm32f4x7_eth.o(.text)
    ETH_SoftwareReset                        0x080039dd   Thumb Code    14  stm32f4x7_eth.o(.text)
    ETH_GetSoftwareResetStatus               0x080039eb   Thumb Code    20  stm32f4x7_eth.o(.text)
    ETH_GetDMAFlagStatus                     0x080039ff   Thumb Code    20  stm32f4x7_eth.o(.text)
    ETH_DMAClearFlag                         0x08003a13   Thumb Code     6  stm32f4x7_eth.o(.text)
    ETH_DMAITConfig                          0x08003a19   Thumb Code    26  stm32f4x7_eth.o(.text)
    ETH_GetDMAITStatus                       0x08003a33   Thumb Code    20  stm32f4x7_eth.o(.text)
    ETH_DMAClearITPendingBit                 0x08003a47   Thumb Code     6  stm32f4x7_eth.o(.text)
    ETH_GetTransmitProcessState              0x08003a4d   Thumb Code    10  stm32f4x7_eth.o(.text)
    ETH_GetReceiveProcessState               0x08003a57   Thumb Code    10  stm32f4x7_eth.o(.text)
    ETH_GetFlushTransmitFIFOStatus           0x08003a61   Thumb Code    20  stm32f4x7_eth.o(.text)
    ETH_GetDMAOverflowStatus                 0x08003a75   Thumb Code    20  stm32f4x7_eth.o(.text)
    ETH_GetRxOverflowMissedFrameCounter      0x08003a89   Thumb Code    10  stm32f4x7_eth.o(.text)
    ETH_GetBufferUnavailableMissedFrameCounter 0x08003a93   Thumb Code     8  stm32f4x7_eth.o(.text)
    ETH_GetCurrentTxDescStartAddress         0x08003a9b   Thumb Code     6  stm32f4x7_eth.o(.text)
    ETH_GetCurrentRxDescStartAddress         0x08003aa1   Thumb Code     6  stm32f4x7_eth.o(.text)
    ETH_GetCurrentTxBufferAddress            0x08003aa7   Thumb Code     6  stm32f4x7_eth.o(.text)
    ETH_GetCurrentRxBufferAddress            0x08003aad   Thumb Code     6  stm32f4x7_eth.o(.text)
    ETH_ResumeDMATransmission                0x08003ab3   Thumb Code     8  stm32f4x7_eth.o(.text)
    ETH_ResumeDMAReception                   0x08003abb   Thumb Code     8  stm32f4x7_eth.o(.text)
    ETH_SetReceiveWatchdogTimer              0x08003ac3   Thumb Code     6  stm32f4x7_eth.o(.text)
    ETH_PHYLoopBackCmd                       0x08003ac9   Thumb Code    52  stm32f4x7_eth.o(.text)
    ETH_ResetWakeUpFrameFilterRegisterPointer 0x08003afd   Thumb Code    14  stm32f4x7_eth.o(.text)
    ETH_SetWakeUpFrameFilterRegister         0x08003b0b   Thumb Code    24  stm32f4x7_eth.o(.text)
    ETH_GlobalUnicastWakeUpCmd               0x08003b23   Thumb Code    30  stm32f4x7_eth.o(.text)
    ETH_GetPMTFlagStatus                     0x08003b41   Thumb Code    20  stm32f4x7_eth.o(.text)
    ETH_WakeUpFrameDetectionCmd              0x08003b55   Thumb Code    30  stm32f4x7_eth.o(.text)
    ETH_MagicPacketDetectionCmd              0x08003b73   Thumb Code    30  stm32f4x7_eth.o(.text)
    ETH_PowerDownCmd                         0x08003b91   Thumb Code    50  stm32f4x7_eth.o(.text)
    ETH_MMCCounterFullPreset                 0x08003bc3   Thumb Code    16  stm32f4x7_eth.o(.text)
    ETH_MMCCounterHalfPreset                 0x08003bd3   Thumb Code    30  stm32f4x7_eth.o(.text)
    ETH_MMCCounterFreezeCmd                  0x08003bf1   Thumb Code    34  stm32f4x7_eth.o(.text)
    ETH_MMCResetOnReadCmd                    0x08003c13   Thumb Code    34  stm32f4x7_eth.o(.text)
    ETH_MMCCounterRolloverCmd                0x08003c35   Thumb Code    34  stm32f4x7_eth.o(.text)
    ETH_MMCCountersReset                     0x08003c57   Thumb Code    16  stm32f4x7_eth.o(.text)
    ETH_MMCITConfig                          0x08003c67   Thumb Code    78  stm32f4x7_eth.o(.text)
    ETH_GetMMCITStatus                       0x08003cb5   Thumb Code    58  stm32f4x7_eth.o(.text)
    ETH_GetMMCRegister                       0x08003cef   Thumb Code     8  stm32f4x7_eth.o(.text)
    xQueueGenericReset                       0x08003d11   Thumb Code   118  queue.o(.text)
    xQueueGenericCreate                      0x08003d87   Thumb Code    92  queue.o(.text)
    xQueueGenericSend                        0x08003ee9   Thumb Code   234  queue.o(.text)
    xQueueCreateMutex                        0x08003fd3   Thumb Code    86  queue.o(.text)
    xQueueGiveMutexRecursive                 0x08004029   Thumb Code    56  queue.o(.text)
    xQueueGenericReceive                     0x080040a7   Thumb Code   310  queue.o(.text)
    xQueueTakeMutexRecursive                 0x080041dd   Thumb Code    64  queue.o(.text)
    xQueueCreateCountingSemaphore            0x0800421d   Thumb Code    36  queue.o(.text)
    xQueueGenericSendFromISR                 0x08004241   Thumb Code   128  queue.o(.text)
    xQueueReceiveFromISR                     0x080042c1   Thumb Code   126  queue.o(.text)
    uxQueueMessagesWaiting                   0x0800433f   Thumb Code    28  queue.o(.text)
    uxQueueMessagesWaitingFromISR            0x0800435b   Thumb Code    20  queue.o(.text)
    vQueueDelete                             0x08004395   Thumb Code    34  queue.o(.text)
    ucQueueGetQueueNumber                    0x080043b7   Thumb Code     8  queue.o(.text)
    vQueueSetQueueNumber                     0x080043bf   Thumb Code     6  queue.o(.text)
    ucQueueGetQueueType                      0x080043c5   Thumb Code     8  queue.o(.text)
    xQueueIsQueueEmptyFromISR                0x080043cd   Thumb Code    30  queue.o(.text)
    xQueueIsQueueFullFromISR                 0x080043eb   Thumb Code    34  queue.o(.text)
    vQueueAddToRegistry                      0x0800440d   Thumb Code    38  queue.o(.text)
    vListInitialise                          0x08004439   Thumb Code    26  list.o(.text)
    vListInitialiseItem                      0x08004453   Thumb Code     6  list.o(.text)
    vListInsertEnd                           0x08004459   Thumb Code    28  list.o(.text)
    vListInsert                              0x08004475   Thumb Code    52  list.o(.text)
    uxListRemove                             0x080044a9   Thumb Code    40  list.o(.text)
    xTaskGenericCreate                       0x08004591   Thumb Code   302  tasks.o(.text)
    vTaskDelete                              0x080046bf   Thumb Code    94  tasks.o(.text)
    vTaskIncrementTick                       0x0800471d   Thumb Code   254  tasks.o(.text)
    xTaskResumeAll                           0x0800481b   Thumb Code   286  tasks.o(.text)
    vTaskSuspendAll                          0x08004977   Thumb Code    12  tasks.o(.text)
    vTaskDelay                               0x08004983   Thumb Code    48  tasks.o(.text)
    uxTaskPriorityGet                        0x080049b3   Thumb Code    30  tasks.o(.text)
    vTaskPrioritySet                         0x080049d1   Thumb Code   184  tasks.o(.text)
    vTaskStartScheduler                      0x08004b05   Thumb Code    62  tasks.o(.text)
    vTaskEndScheduler                        0x08004b43   Thumb Code    18  tasks.o(.text)
    xTaskGetTickCount                        0x08004b55   Thumb Code    18  tasks.o(.text)
    xTaskGetTickCountFromISR                 0x08004b67   Thumb Code    22  tasks.o(.text)
    uxTaskGetNumberOfTasks                   0x08004b7d   Thumb Code     6  tasks.o(.text)
    vTaskList                                0x08004c0d   Thumb Code   158  tasks.o(.text)
    vTaskSwitchContext                       0x08004cab   Thumb Code   206  tasks.o(.text)
    vTaskPlaceOnEventList                    0x08004d79   Thumb Code    52  tasks.o(.text)
    xTaskRemoveFromEventList                 0x08004dad   Thumb Code   106  tasks.o(.text)
    vTaskSetTimeOutState                     0x08004e17   Thumb Code    28  tasks.o(.text)
    xTaskCheckForTimeOut                     0x08004e33   Thumb Code   102  tasks.o(.text)
    vTaskMissedYield                         0x08004e99   Thumb Code     8  tasks.o(.text)
    uxTaskGetTaskNumber                      0x08004ea1   Thumb Code    14  tasks.o(.text)
    vTaskSetTaskNumber                       0x08004eaf   Thumb Code     8  tasks.o(.text)
    xTaskGetCurrentTaskHandle                0x08004eb7   Thumb Code     6  tasks.o(.text)
    vTaskPriorityInherit                     0x08004ebd   Thumb Code   118  tasks.o(.text)
    vTaskPriorityDisinherit                  0x08004f33   Thumb Code    70  tasks.o(.text)
    pvPortMalloc                             0x08005065   Thumb Code   140  heap_4.o(.text)
    vPortFree                                0x080050f1   Thumb Code    40  heap_4.o(.text)
    xPortGetFreeHeapSize                     0x08005119   Thumb Code     6  heap_4.o(.text)
    vPortInitialiseBlocks                    0x0800511f   Thumb Code     2  heap_4.o(.text)
    pxPortInitialiseStack                    0x08005135   Thumb Code    32  port.o(.text)
    vPortSetupTimerInterrupt                 0x08005155   Thumb Code    26  port.o(.text)
    xPortStartScheduler                      0x0800516f   Thumb Code    58  port.o(.text)
    vPortEndScheduler                        0x080051a9   Thumb Code     2  port.o(.text)
    vPortYieldFromISR                        0x080051ab   Thumb Code    12  port.o(.text)
    vPortEnterCritical                       0x080051b7   Thumb Code    18  port.o(.text)
    vPortExitCritical                        0x080051c9   Thumb Code    26  port.o(.text)
    xPortSysTickHandler                      0x080051e3   Thumb Code    28  port.o(.text)
    AC_task                                  0x08005211   Thumb Code    18  main.o(.text)
    DC_task                                  0x08005223   Thumb Code    18  main.o(.text)
    Touch_task                               0x08005235   Thumb Code    42  main.o(.text)
    Wifi_task                                0x0800525f   Thumb Code    18  main.o(.text)
    Main_task                                0x08005271   Thumb Code    18  main.o(.text)
    Init                                     0x08005283   Thumb Code    16  main.o(.text)
    main                                     0x08005293   Thumb Code   148  main.o(.text)
    NMI_Handler                              0x080053c1   Thumb Code     2  stm32f4xx_it.o(.text)
    HardFault_Handler                        0x080053c3   Thumb Code     4  stm32f4xx_it.o(.text)
    MemManage_Handler                        0x080053c7   Thumb Code     4  stm32f4xx_it.o(.text)
    BusFault_Handler                         0x080053cb   Thumb Code     4  stm32f4xx_it.o(.text)
    UsageFault_Handler                       0x080053cf   Thumb Code     4  stm32f4xx_it.o(.text)
    DebugMon_Handler                         0x080053d3   Thumb Code     2  stm32f4xx_it.o(.text)
    SysTick_Handler                          0x080053d5   Thumb Code     8  stm32f4xx_it.o(.text)
    ETH_IRQHandler                           0x080053dd   Thumb Code    58  stm32f4xx_it.o(.text)
    uart_init                                0x0800541d   Thumb Code   222  debug_uart.o(.text)
    USART6_IRQHandler                        0x080054fb   Thumb Code    24  debug_uart.o(.text)
    uart_putchar                             0x08005513   Thumb Code    28  debug_uart.o(.text)
    uart_putstr                              0x0800552f   Thumb Code    38  debug_uart.o(.text)
    uart_getchar                             0x08005555   Thumb Code    54  debug_uart.o(.text)
    fputc                                    0x0800558b   Thumb Code    16  debug_uart.o(.text)
    fgetc                                    0x0800559b   Thumb Code    12  debug_uart.o(.text)
    RTC_Configuration                        0x080055b1   Thumb Code   106  rtc.o(.text)
    GetLSIFrequency                          0x0800561b   Thumb Code   204  rtc.o(.text)
    RTC_Alarm_IRQHandler                     0x080056e7   Thumb Code    34  rtc.o(.text)
    rtc_init                                 0x08005709   Thumb Code    88  rtc.o(.text)
    cfg_LED                                  0x08005785   Thumb Code    72  led_buzzer.o(.text)
    test_LED                                 0x080057cd   Thumb Code    56  led_buzzer.o(.text)
    Led_Show                                 0x08005805   Thumb Code   104  led_buzzer.o(.text)
    Buzzer_GPIO                              0x0800586d   Thumb Code    46  led_buzzer.o(.text)
    Buzzer_Delay                             0x0800589b   Thumb Code    30  led_buzzer.o(.text)
    Buzzer_Test                              0x080058b9   Thumb Code    36  led_buzzer.o(.text)
    Buzzer_On                                0x080058dd   Thumb Code    48  led_buzzer.o(.text)
    Blu_Pwm_GPIO_Config                      0x0800590d   Thumb Code    66  led_buzzer.o(.text)
    Yel_Pwm_GPIO_Config                      0x0800594f   Thumb Code    64  led_buzzer.o(.text)
    Blu_Led_Pwm                              0x0800598f   Thumb Code   124  led_buzzer.o(.text)
    Yel_Led_Pwm                              0x08005a0b   Thumb Code   124  led_buzzer.o(.text)
    Led_Breath                               0x08005a87   Thumb Code   160  led_buzzer.o(.text)
    Led_Timer_Config                         0x08005b27   Thumb Code    70  led_buzzer.o(.text)
    Led_Timer_NVIC_Config                    0x08005b6d   Thumb Code    92  led_buzzer.o(.text)
    Led_Timer                                0x08005bc9   Thumb Code    12  led_buzzer.o(.text)
    Led_Colour_Change                        0x08005bd5   Thumb Code    60  led_buzzer.o(.text)
    __aeabi_memcpy                           0x08005c19   Thumb Code    36  memcpya.o(.text)
    __aeabi_memcpy4                          0x08005c19   Thumb Code     0  memcpya.o(.text)
    __aeabi_memcpy8                          0x08005c19   Thumb Code     0  memcpya.o(.text)
    __aeabi_memset                           0x08005c3d   Thumb Code    14  memseta.o(.text)
    __aeabi_memset4                          0x08005c3d   Thumb Code     0  memseta.o(.text)
    __aeabi_memset8                          0x08005c3d   Thumb Code     0  memseta.o(.text)
    __aeabi_memclr                           0x08005c4b   Thumb Code     4  memseta.o(.text)
    __aeabi_memclr4                          0x08005c4b   Thumb Code     0  memseta.o(.text)
    __aeabi_memclr8                          0x08005c4b   Thumb Code     0  memseta.o(.text)
    _memset$wrapper                          0x08005c4f   Thumb Code    18  memseta.o(.text)
    strcat                                   0x08005c61   Thumb Code    24  strcat.o(.text)
    strncpy                                  0x08005c79   Thumb Code    24  strncpy.o(.text)
    strlen                                   0x08005c91   Thumb Code    14  strlen.o(.text)
    __aeabi_uidiv                            0x08005c9f   Thumb Code     0  uidiv.o(.text)
    __aeabi_uidivmod                         0x08005c9f   Thumb Code    44  uidiv.o(.text)
    __scatterload                            0x08005ccd   Thumb Code    28  init.o(.text)
    __scatterload_rt2                        0x08005ccd   Thumb Code     0  init.o(.text)
    __0sprintf$3                             0x08005cf1   Thumb Code    34  printf3.o(i.__0sprintf$3)
    __1sprintf$3                             0x08005cf1   Thumb Code     0  printf3.o(i.__0sprintf$3)
    __2sprintf                               0x08005cf1   Thumb Code     0  printf3.o(i.__0sprintf$3)
    __scatterload_copy                       0x08005d19   Thumb Code    14  handlers.o(i.__scatterload_copy)
    __scatterload_null                       0x08005d27   Thumb Code     2  handlers.o(i.__scatterload_null)
    __scatterload_zeroinit                   0x08005d29   Thumb Code    14  handlers.o(i.__scatterload_zeroinit)
    Region$$Table$$Base                      0x08005efc   Number         0  anon$$obj.o(Region$$Table)
    Region$$Table$$Limit                     0x08005f1c   Number         0  anon$$obj.o(Region$$Table)
    SystemCoreClock                          0x20000000   Data           4  system_stm32f4xx.o(.data)
    AHBPrescTable                            0x20000004   Data          16  system_stm32f4xx.o(.data)
    DMATxDescToSet                           0x20000024   Data           4  stm32f4x7_eth.o(.data)
    DMARxDescToGet                           0x20000028   Data           4  stm32f4x7_eth.o(.data)
    DMA_RX_FRAME_infos                       0x2000002c   Data           4  stm32f4x7_eth.o(.data)
    Frame_Rx_index                           0x20000030   Data           4  stm32f4x7_eth.o(.data)
    s_xSemaphore                             0x20000038   Data           4  ethernetif.o(.data)
    pxCurrentTCB                             0x20000040   Data           4  tasks.o(.data)
    RTC_DateStruct_get                       0x20000090   Data           4  main.o(.data)
    RTC_TimeStruct_get                       0x20000094   Data           4  main.o(.data)
    RTC_Timeout                              0x20000098   Data           4  rtc.o(.data)
    RTC_Error                                0x2000009c   Data           1  rtc.o(.data)
    alarm_now                                0x2000009d   Data           1  rtc.o(.data)
    LsiFreq                                  0x200000a0   Data           4  rtc.o(.data)
    CaptureNumber                            0x200000a4   Data           4  rtc.o(.data)
    PeriodValue                              0x200000a8   Data           4  rtc.o(.data)
    RTC_HandlerFlag                          0x200000ac   Data           1  rtc.o(.data)
    Led_NO                                   0x200000ae   Data           1  led_buzzer.o(.data)
    led_up                                   0x200000af   Data           1  led_buzzer.o(.data)
    low_time                                 0x200000b0   Data           1  led_buzzer.o(.data)
    CCR4_Val                                 0x200000b2   Data           2  led_buzzer.o(.data)
    Breath_Colour                            0x200000b4   Data           1  led_buzzer.o(.data)
    DMARxDscrTab                             0x200000b8   Data         160  stm32f4x7_eth.o(.bss)
    DMATxDscrTab                             0x20000158   Data         160  stm32f4x7_eth.o(.bss)
    Rx_Buff                                  0x200001f8   Data        7620  stm32f4x7_eth.o(.bss)
    Tx_Buff                                  0x20001fbc   Data        7620  stm32f4x7_eth.o(.bss)
    RX_Frame_Descriptor                      0x20003d80   Data          12  stm32f4x7_eth.o(.bss)
    xQueueRegistry                           0x20003d8c   Data          64  queue.o(.bss)
    RTC_InitStructure                        0x20007af0   Data          12  rtc.o(.bss)
    __initial_sp                             0x20008b00   Data           0  startup_stm32f429x.o(STACK)



==============================================================================

Memory Map of the image

  Image Entry point : 0x080001ad

  Load Region LR_IROM1 (Base: 0x08000000, Size: 0x00005fd4, Max: 0x00100000, ABSOLUTE)

    Execution Region ER_IROM1 (Base: 0x08000000, Size: 0x00005f1c, Max: 0x00100000, ABSOLUTE)

    Base Addr    Size         Type   Attr      Idx    E Section Name        Object

    0x08000000   0x000001ac   Data   RO            3    RESET               startup_stm32f429x.o
    0x080001ac   0x00000000   Code   RO         2126  * .ARM.Collect$$$$00000000  mc_w.l(entry.o)
    0x080001ac   0x00000004   Code   RO         2404    .ARM.Collect$$$$00000001  mc_w.l(entry2.o)
    0x080001b0   0x00000004   Code   RO         2407    .ARM.Collect$$$$00000004  mc_w.l(entry5.o)
    0x080001b4   0x00000000   Code   RO         2409    .ARM.Collect$$$$00000008  mc_w.l(entry7b.o)
    0x080001b4   0x00000000   Code   RO         2411    .ARM.Collect$$$$0000000A  mc_w.l(entry8b.o)
    0x080001b4   0x00000008   Code   RO         2412    .ARM.Collect$$$$0000000B  mc_w.l(entry9a.o)
    0x080001bc   0x00000000   Code   RO         2414    .ARM.Collect$$$$0000000D  mc_w.l(entry10a.o)
    0x080001bc   0x00000000   Code   RO         2416    .ARM.Collect$$$$0000000F  mc_w.l(entry11a.o)
    0x080001bc   0x00000004   Code   RO         2405    .ARM.Collect$$$$00002712  mc_w.l(entry2.o)
    0x080001c0   0x000000a8   Code   RO         1899    .emb_text           port.o
    0x08000268   0x00000024   Code   RO            4    .text               startup_stm32f429x.o
    0x0800028c   0x000002d8   Code   RO           12    .text               system_stm32f4xx.o
    0x08000564   0x000000e4   Code   RO          139    .text               misc.o
    0x08000648   0x00000294   Code   RO          469    .text               stm32f4xx_gpio.o
    0x080008dc   0x00000130   Code   RO          612    .text               stm32f4xx_pwr.o
    0x08000a0c   0x00000638   Code   RO          632    .text               stm32f4xx_rcc.o
    0x08001044   0x00000d68   Code   RO          674    .text               stm32f4xx_rtc.o
    0x08001dac   0x00000ca2   Code   RO          777    .text               stm32f4xx_tim.o
    0x08002a4e   0x00000002   PAD
    0x08002a50   0x00000454   Code   RO          797    .text               stm32f4xx_usart.o
    0x08002ea4   0x00000e6c   Code   RO          837    .text               stm32f4x7_eth.o
    0x08003d10   0x00000728   Code   RO         1813    .text               queue.o
    0x08004438   0x00000098   Code   RO         1837    .text               list.o
    0x080044d0   0x00000ac8   Code   RO         1849    .text               tasks.o
    0x08004f98   0x0000019c   Code   RO         1884    .text               heap_4.o
    0x08005134   0x000000dc   Code   RO         1900    .text               port.o
    0x08005210   0x000001b0   Code   RO         1919    .text               main.o
    0x080053c0   0x0000005c   Code   RO         2026    .text               stm32f4xx_it.o
    0x0800541c   0x00000194   Code   RO         2047    .text               debug_uart.o
    0x080055b0   0x000001d4   Code   RO         2074    .text               rtc.o
    0x08005784   0x00000494   Code   RO         2101    .text               led_buzzer.o
    0x08005c18   0x00000024   Code   RO         2129    .text               mc_w.l(memcpya.o)
    0x08005c3c   0x00000024   Code   RO         2131    .text               mc_w.l(memseta.o)
    0x08005c60   0x00000018   Code   RO         2133    .text               mc_w.l(strcat.o)
    0x08005c78   0x00000018   Code   RO         2135    .text               mc_w.l(strncpy.o)
    0x08005c90   0x0000000e   Code   RO         2137    .text               mc_w.l(strlen.o)
    0x08005c9e   0x0000002c   Code   RO         2419    .text               mc_w.l(uidiv.o)
    0x08005cca   0x00000002   PAD
    0x08005ccc   0x00000024   Code   RO         2434    .text               mc_w.l(init.o)
    0x08005cf0   0x00000028   Code   RO         2234    i.__0sprintf$3      mc_w.l(printf3.o)
    0x08005d18   0x0000000e   Code   RO         2446    i.__scatterload_copy  mc_w.l(handlers.o)
    0x08005d26   0x00000002   Code   RO         2447    i.__scatterload_null  mc_w.l(handlers.o)
    0x08005d28   0x0000000e   Code   RO         2448    i.__scatterload_zeroinit  mc_w.l(handlers.o)
    0x08005d36   0x00000002   PAD
    0x08005d38   0x000001b8   Code   RO         2239    i._printf_core      mc_w.l(printf3.o)
    0x08005ef0   0x0000000a   Code   RO         2241    i._sputc            mc_w.l(printf3.o)
    0x08005efa   0x00000002   PAD
    0x08005efc   0x00000020   Data   RO         2444    Region$$Table       anon$$obj.o


    Execution Region RW_IRAM1 (Base: 0x20000000, Size: 0x00008b00, Max: 0x00030000, ABSOLUTE)

    Base Addr    Size         Type   Attr      Idx    E Section Name        Object

    0x20000000   0x00000014   Data   RW           13    .data               system_stm32f4xx.o
    0x20000014   0x00000010   Data   RW          633    .data               stm32f4xx_rcc.o
    0x20000024   0x00000010   Data   RW          839    .data               stm32f4x7_eth.o
    0x20000034   0x0000000c   Data   RW         1557    .data               ethernetif.o
    0x20000040   0x0000003c   Data   RW         1851    .data               tasks.o
    0x2000007c   0x00000010   Data   RW         1886    .data               heap_4.o
    0x2000008c   0x00000004   Data   RW         1901    .data               port.o
    0x20000090   0x00000008   Data   RW         1920    .data               main.o
    0x20000098   0x00000015   Data   RW         2076    .data               rtc.o
    0x200000ad   0x00000001   PAD
    0x200000ae   0x00000007   Data   RW         2102    .data               led_buzzer.o
    0x200000b5   0x00000003   PAD
    0x200000b8   0x00003cd4   Zero   RW          838    .bss                stm32f4x7_eth.o
    0x20003d8c   0x00000040   Zero   RW         1814    .bss                queue.o
    0x20003dcc   0x00000120   Zero   RW         1850    .bss                tasks.o
    0x20003eec   0x00000004   PAD
    0x20003ef0   0x00003c00   Zero   RW         1885    .bss                heap_4.o
    0x20007af0   0x0000000c   Zero   RW         2075    .bss                rtc.o
    0x20007afc   0x00000004   PAD
    0x20007b00   0x00001000   Zero   RW            1    STACK               startup_stm32f429x.o


==============================================================================

Image component sizes


      Code (inc. data)   RO Data    RW Data    ZI Data      Debug   Object Name

         0          0          0          0          0       5636   api_lib.o
       404         10          0          0          0       3000   debug_uart.o
         0          0          0         12          0     335041   ethernetif.o
       412         20          0         16      15360       3148   heap_4.o
      1172         60          0          7          0       3945   led_buzzer.o
       152          0          0          0          0       2054   list.o
       432        154          0          8          0       2003   main.o
       228         22          0          0          0       1945   misc.o
       388         34          0          4          0       3018   port.o
      1832          6          0          0         64      11481   queue.o
       468         36          0         21         12       2100   rtc.o
        36          8        428          0       4096        936   startup_stm32f429x.o
      3692        116          0         16      15572      55836   stm32f4x7_eth.o
       660         44          0          0          0       4225   stm32f4xx_gpio.o
        92          6          0          0          0       1374   stm32f4xx_it.o
       304         20          0          0          0       3150   stm32f4xx_pwr.o
      1592         54          0         16          0      12918   stm32f4xx_rcc.o
      3432         44          0          0          0      15180   stm32f4xx_rtc.o
      3234         60          0          0          0      22424   stm32f4xx_tim.o
      1108         34          0          0          0       7920   stm32f4xx_usart.o
       728         50          0         20          0     304135   system_stm32f4xx.o
      2760        210          0         60        288      13417   tasks.o

    ----------------------------------------------------------------------
     23128        988        460        184      35400     814886   Object Totals
         0          0         32          0          0          0   (incl. Generated)
         2          0          0          4          8          0   (incl. Padding)

    ----------------------------------------------------------------------

      Code (inc. data)   RO Data    RW Data    ZI Data      Debug   Library Member Name

         0          0          0          0          0          0   entry.o
         0          0          0          0          0          0   entry10a.o
         0          0          0          0          0          0   entry11a.o
         8          4          0          0          0          0   entry2.o
         4          0          0          0          0          0   entry5.o
         0          0          0          0          0          0   entry7b.o
         0          0          0          0          0          0   entry8b.o
         8          4          0          0          0          0   entry9a.o
        30          0          0          0          0          0   handlers.o
        36          8          0          0          0         68   init.o
        36          0          0          0          0         68   memcpya.o
        36          0          0          0          0        108   memseta.o
       490         10          0          0          0        248   printf3.o
        24          0          0          0          0         68   strcat.o
        14          0          0          0          0         68   strlen.o
        24          0          0          0          0         76   strncpy.o
        44          0          0          0          0         80   uidiv.o

    ----------------------------------------------------------------------
       760         26          0          0          0        784   Library Totals
         6          0          0          0          0          0   (incl. Padding)

    ----------------------------------------------------------------------

      Code (inc. data)   RO Data    RW Data    ZI Data      Debug   Library Name

       754         26          0          0          0        784   mc_w.l

    ----------------------------------------------------------------------
       760         26          0          0          0        784   Library Totals

    ----------------------------------------------------------------------

==============================================================================


      Code (inc. data)   RO Data    RW Data    ZI Data      Debug   

     23888       1014        460        184      35400     810058   Grand Totals
     23888       1014        460        184      35400     810058   ELF Image Totals
     23888       1014        460        184          0          0   ROM Totals

==============================================================================

    Total RO  Size (Code + RO Data)                24348 (  23.78kB)
    Total RW  Size (RW Data + ZI Data)             35584 (  34.75kB)
    Total ROM Size (Code + RO Data + RW Data)      24532 (  23.96kB)

==============================================================================

