ARM Linker, 5.03 [Build 76] [MDK-ARM Standard][RL-ARM]

==============================================================================

Section Cross References

    startup_stm32f429x.o(RESET) refers to startup_stm32f429x.o(STACK) for __initial_sp
    startup_stm32f429x.o(RESET) refers to startup_stm32f429x.o(.text) for Reset_Handler
    startup_stm32f429x.o(RESET) refers to stm32f4xx_it.o(.text) for NMI_Handler
    startup_stm32f429x.o(RESET) refers to port.o(.emb_text) for SVC_Handler
    startup_stm32f429x.o(RESET) refers to ac_rx.o(.text) for EXTI9_5_IRQHandler
    startup_stm32f429x.o(RESET) refers to rtc.o(.text) for RTC_Alarm_IRQHandler
    startup_stm32f429x.o(RESET) refers to timer.o(.text) for TIM7_IRQHandler
    startup_stm32f429x.o(RESET) refers to debug_uart.o(.text) for USART6_IRQHandler
    startup_stm32f429x.o(.text) refers to system_stm32f4xx.o(.text) for SystemInit
    startup_stm32f429x.o(.text) refers to entry.o(.ARM.Collect$$$$00000000) for __main
    system_stm32f4xx.o(.text) refers to system_stm32f4xx.o(.data) for SystemCoreClock
    stm32f4xx_adc.o(.text) refers to stm32f4xx_rcc.o(.text) for RCC_APB2PeriphResetCmd
    stm32f4xx_can.o(.text) refers to stm32f4xx_rcc.o(.text) for RCC_APB1PeriphResetCmd
    stm32f4xx_cryp.o(.text) refers to stm32f4xx_rcc.o(.text) for RCC_AHB2PeriphResetCmd
    stm32f4xx_cryp_aes.o(.text) refers to stm32f4xx_cryp.o(.text) for CRYP_KeyStructInit
    stm32f4xx_cryp_des.o(.text) refers to stm32f4xx_cryp.o(.text) for CRYP_KeyStructInit
    stm32f4xx_cryp_tdes.o(.text) refers to stm32f4xx_cryp.o(.text) for CRYP_KeyStructInit
    stm32f4xx_dac.o(.text) refers to stm32f4xx_rcc.o(.text) for RCC_APB1PeriphResetCmd
    stm32f4xx_dma2d.o(.text) refers to stm32f4xx_rcc.o(.text) for RCC_AHB1PeriphResetCmd
    stm32f4xx_gpio.o(.text) refers to stm32f4xx_rcc.o(.text) for RCC_AHB1PeriphResetCmd
    stm32f4xx_hash.o(.text) refers to stm32f4xx_rcc.o(.text) for RCC_AHB2PeriphResetCmd
    stm32f4xx_hash_md5.o(.text) refers to stm32f4xx_hash.o(.text) for HASH_DeInit
    stm32f4xx_hash_sha1.o(.text) refers to stm32f4xx_hash.o(.text) for HASH_DeInit
    stm32f4xx_i2c.o(.text) refers to stm32f4xx_rcc.o(.text) for RCC_APB1PeriphResetCmd
    stm32f4xx_ltdc.o(.text) refers to stm32f4xx_rcc.o(.text) for RCC_APB2PeriphResetCmd
    stm32f4xx_pwr.o(.text) refers to stm32f4xx_rcc.o(.text) for RCC_APB1PeriphResetCmd
    stm32f4xx_rcc.o(.text) refers to stm32f4xx_rcc.o(.data) for APBAHBPrescTable
    stm32f4xx_rng.o(.text) refers to stm32f4xx_rcc.o(.text) for RCC_AHB2PeriphResetCmd
    stm32f4xx_sai.o(.text) refers to stm32f4xx_rcc.o(.text) for RCC_APB2PeriphResetCmd
    stm32f4xx_sdio.o(.text) refers to stm32f4xx_rcc.o(.text) for RCC_APB2PeriphResetCmd
    stm32f4xx_spi.o(.text) refers to stm32f4xx_rcc.o(.text) for RCC_APB2PeriphResetCmd
    stm32f4xx_syscfg.o(.text) refers to stm32f4xx_rcc.o(.text) for RCC_APB2PeriphResetCmd
    stm32f4xx_tim.o(.text) refers to stm32f4xx_rcc.o(.text) for RCC_APB2PeriphResetCmd
    stm32f4xx_usart.o(.text) refers to stm32f4xx_rcc.o(.text) for RCC_APB2PeriphResetCmd
    stm32f4xx_wwdg.o(.text) refers to stm32f4xx_rcc.o(.text) for RCC_APB1PeriphResetCmd
    stm32f4x7_eth.o(.text) refers to stm32f4xx_rcc.o(.text) for RCC_AHB1PeriphResetCmd
    stm32f4x7_eth.o(.text) refers to stm32f4x7_eth.o(.data) for DMARxDescToGet
    stm32f4x7_eth.o(.text) refers to stm32f4x7_eth.o(.bss) for RX_Frame_Descriptor
    api_lib.o(.text) refers to api_msg.o(.text) for netconn_alloc
    api_lib.o(.text) refers to tcpip.o(.text) for tcpip_apimsg
    api_lib.o(.text) refers to sys_arch.o(.text) for sys_sem_valid
    api_lib.o(.text) refers to memp.o(.text) for memp_free
    api_msg.o(.text) refers to sys_arch.o(.text) for sys_mbox_valid
    api_msg.o(.text) refers to pbuf.o(.text) for pbuf_alloc
    api_msg.o(.text) refers to memp.o(.text) for memp_malloc
    api_msg.o(.text) refers to netbuf.o(.text) for netbuf_delete
    api_msg.o(.text) refers to tcp.o(.text) for tcp_recved
    api_msg.o(.text) refers to tcp_out.o(.text) for tcp_write
    api_msg.o(.text) refers to ip.o(.data) for current_iphdr_src
    api_msg.o(.text) refers to raw.o(.text) for raw_new
    api_msg.o(.text) refers to udp.o(.text) for udp_new
    netbuf.o(.text) refers to memp.o(.text) for memp_malloc
    netbuf.o(.text) refers to pbuf.o(.text) for pbuf_free
    tcpip.o(.text) refers to timers.o(.text) for sys_timeouts_mbox_fetch
    tcpip.o(.text) refers to etharp.o(.text) for ethernet_input
    tcpip.o(.text) refers to ip.o(.text) for ip_input
    tcpip.o(.text) refers to memp.o(.text) for memp_free
    tcpip.o(.text) refers to sys_arch.o(.text) for sys_mbox_valid
    tcpip.o(.text) refers to init.o(.text) for lwip_init
    tcpip.o(.text) refers to pbuf.o(.text) for pbuf_free
    tcpip.o(.text) refers to tcpip.o(.data) for tcpip_init_done
    tcpip.o(.text) refers to mem.o(.text) for mem_free
    dhcp.o(.text) refers to pbuf.o(.text) for pbuf_free
    dhcp.o(.text) refers to def.o(.text) for lwip_htonl
[...]
    uxCurrentNumberOfTasks                   0x20000048   Data           4  tasks.o(.data)
    xTickCount                               0x2000004c   Data           4  tasks.o(.data)
    uxTopUsedPriority                        0x20000050   Data           4  tasks.o(.data)
    uxTopReadyPriority                       0x20000054   Data           4  tasks.o(.data)
    xSchedulerRunning                        0x20000058   Data           4  tasks.o(.data)
    uxSchedulerSuspended                     0x2000005c   Data           4  tasks.o(.data)
    uxMissedTicks                            0x20000060   Data           4  tasks.o(.data)
    xMissedYield                             0x20000064   Data           4  tasks.o(.data)
    xNumOfOverflows                          0x20000068   Data           4  tasks.o(.data)
    uxTaskNumber                             0x2000006c   Data           4  tasks.o(.data)
    xNextTaskUnblockTime                     0x20000070   Data           4  tasks.o(.data)
    pxDelayedTaskList                        0x20000074   Data           4  tasks.o(.data)
    pxOverflowDelayedTaskList                0x20000078   Data           4  tasks.o(.data)
    .data                                    0x2000007c   Section       16  heap_4.o(.data)
    pxEnd                                    0x2000007c   Data           4  heap_4.o(.data)
    xFreeBytesRemaining                      0x20000080   Data           4  heap_4.o(.data)
    xStart                                   0x20000084   Data           8  heap_4.o(.data)
    .data                                    0x2000008c   Section        4  port.o(.data)
    uxCriticalNesting                        0x2000008c   Data           4  port.o(.data)
    .data                                    0x20000090   Section        8  main.o(.data)
    .data                                    0x20000098   Section       21  rtc.o(.data)
    .data                                    0x200000ae   Section        7  led_buzzer.o(.data)
    .data                                    0x200000b8   Section       20  timer.o(.data)
    tmr25ms                                  0x200000bc   Data           1  timer.o(.data)
    tmr32ms                                  0x200000bd   Data           1  timer.o(.data)
    tmr2ms                                   0x200000be   Data           1  timer.o(.data)
    tmr1ms                                   0x200000bf   Data           1  timer.o(.data)
    TimeShort_Struct                         0x200000c0   Data           1  timer.o(.data)
    tmr1sec                                  0x200000c1   Data           1  timer.o(.data)
    .data                                    0x200000cc   Section      105  ac_component.o(.data)
    .bss                                     0x20000138   Section    15572  stm32f4x7_eth.o(.bss)
    .bss                                     0x20003e0c   Section       64  queue.o(.bss)
    .bss                                     0x20003e4c   Section      288  tasks.o(.bss)
    pcStatusString                           0x20003e4c   Data          46  tasks.o(.bss)
    pxReadyTasksLists                        0x20003e7c   Data         160  tasks.o(.bss)
    xDelayedTaskList1                        0x20003f1c   Data          20  tasks.o(.bss)
    xDelayedTaskList2                        0x20003f30   Data          20  tasks.o(.bss)
    xPendingReadyList                        0x20003f44   Data          20  tasks.o(.bss)
    xTasksWaitingTermination                 0x20003f58   Data          20  tasks.o(.bss)
    .bss                                     0x20003f70   Section    15360  heap_4.o(.bss)
    xHeap                                    0x20003f70   Data       15360  heap_4.o(.bss)
    .bss                                     0x20007b70   Section       12  rtc.o(.bss)
    .bss                                     0x20007b7c   Section      402  timer.o(.bss)
    .bss                                     0x20007d0e   Section      189  ac_component.o(.bss)
    STACK                                    0x20007dd0   Section     4096  startup_stm32f429x.o(STACK)

    Global Symbols

    Symbol Name                              Value     Ov Type        Size  Object(Section)

    BuildAttributes$$THM_ISAv4$E$P$D$K$B$S$7EM$VFPi3$EXTD16$VFPS$VFMA$PE$A:L22UL41UL21$X:L11$S22US41US21$IEEE1$IW$USESV6$~STKCKD$USESV7$~SHL$OSPACE$ROPI$EBA8$MICROLIB$REQ8$PRES8$EABIv2 0x00000000   Number         0  anon$$obj.o ABSOLUTE
    __ARM_use_no_argv                        0x00000000   Number         0  main.o ABSOLUTE
    _printf_a                                0x00000000   Number         0  stubs.o ABSOLUTE
    _printf_c                                0x00000000   Number         0  stubs.o ABSOLUTE
    _printf_charcount                        0x00000000   Number         0  stubs.o ABSOLUTE
    _printf_d                                0x00000000   Number         0  stubs.o ABSOLUTE
    _printf_e                                0x00000000   Number         0  stubs.o ABSOLUTE
    _printf_f                                0x00000000   Number         0  stubs.o ABSOLUTE
    _printf_flags                            0x00000000   Number         0  stubs.o ABSOLUTE
    _printf_fp_dec                           0x00000000   Number         0  stubs.o ABSOLUTE
    _printf_fp_hex                           0x00000000   Number         0  stubs.o ABSOLUTE
    _printf_g                                0x00000000   Number         0  stubs.o ABSOLUTE
    _printf_i                                0x00000000   Number         0  stubs.o ABSOLUTE
    _printf_int_dec                          0x00000000   Number         0  stubs.o ABSOLUTE
    _printf_l                                0x00000000   Number         0  stubs.o ABSOLUTE
    _printf_lc                               0x00000000   Number         0  stubs.o ABSOLUTE
    _printf_ll                               0x00000000   Number         0  stubs.o ABSOLUTE
    _printf_lld                              0x00000000   Number         0  stubs.o ABSOLUTE
    _printf_lli                              0x00000000   Number         0  stubs.o ABSOLUTE
    _printf_llo                              0x00000000   Number         0  stubs.o ABSOLUTE
    _printf_llu                              0x00000000   Number         0  stubs.o ABSOLUTE
    _printf_llx                              0x00000000   Number         0  stubs.o ABSOLUTE
    _printf_longlong_dec                     0x00000000   Number         0  stubs.o ABSOLUTE
    _printf_longlong_hex                     0x00000000   Number         0  stubs.o ABSOLUTE
    _printf_longlong_oct                     0x00000000   Number         0  stubs.o ABSOLUTE
    _printf_ls                               0x00000000   Number         0  stubs.o ABSOLUTE
    _printf_mbtowc                           0x00000000   Number         0  stubs.o ABSOLUTE
    _printf_n                                0x00000000   Number         0  stubs.o ABSOLUTE
    _printf_o                                0x00000000   Number         0  stubs.o ABSOLUTE
    _printf_p                                0x00000000   Number         0  stubs.o ABSOLUTE
    _printf_percent                          0x00000000   Number         0  stubs.o ABSOLUTE
    _printf_pre_padding                      0x00000000   Number         0  stubs.o ABSOLUTE
    _printf_return_value                     0x00000000   Number         0  stubs.o ABSOLUTE
    _printf_s                                0x00000000   Number         0  stubs.o ABSOLUTE
    _printf_sizespec                         0x00000000   Number         0  stubs.o ABSOLUTE
    _printf_str                              0x00000000   Number         0  stubs.o ABSOLUTE
    _printf_truncate_signed                  0x00000000   Number         0  stubs.o ABSOLUTE
    _printf_truncate_unsigned                0x00000000   Number         0  stubs.o ABSOLUTE
    _printf_u                                0x00000000   Number         0  stubs.o ABSOLUTE
    _printf_wc                               0x00000000   Number         0  stubs.o ABSOLUTE
    _printf_wctomb                           0x00000000   Number         0  stubs.o ABSOLUTE
    _printf_widthprec                        0x00000000   Number         0  stubs.o ABSOLUTE
    _printf_x                                0x00000000   Number         0  stubs.o ABSOLUTE
    __cpp_initialize__aeabi_                  - Undefined Weak Reference
    __cxa_finalize                            - Undefined Weak Reference
    _clock_init                               - Undefined Weak Reference
    _microlib_exit                            - Undefined Weak Reference
    __Vectors_Size                           0x000001ac   Number         0  startup_stm32f429x.o ABSOLUTE
    __Vectors                                0x08000000   Data           4  startup_stm32f429x.o(RESET)
    __Vectors_End                            0x080001ac   Data           0  startup_stm32f429x.o(RESET)
    __main                                   0x080001ad   Thumb Code     0  entry.o(.ARM.Collect$$$$00000000)
    _main_stk                                0x080001ad   Thumb Code     0  entry2.o(.ARM.Collect$$$$00000001)
    _main_scatterload                        0x080001b1   Thumb Code     0  entry5.o(.ARM.Collect$$$$00000004)
    __main_after_scatterload                 0x080001b5   Thumb Code     0  entry5.o(.ARM.Collect$$$$00000004)
    _main_clock                              0x080001b5   Thumb Code     0  entry7b.o(.ARM.Collect$$$$00000008)
    _main_cpp_init                           0x080001b5   Thumb Code     0  entry8b.o(.ARM.Collect$$$$0000000A)
    _main_init                               0x080001b5   Thumb Code     0  entry9a.o(.ARM.Collect$$$$0000000B)
    __rt_final_cpp                           0x080001bd   Thumb Code     0  entry10a.o(.ARM.Collect$$$$0000000D)
    __rt_final_exit                          0x080001bd   Thumb Code     0  entry11a.o(.ARM.Collect$$$$0000000F)
    SVC_Handler                              0x080001c1   Thumb Code    24  port.o(.emb_text)
    __asm___6_port_c_39a90d8d__prvStartFirstTask 0x080001dd   Thumb Code    16  port.o(.emb_text)
    __asm___6_port_c_39a90d8d__prvEnableVFP  0x080001f1   Thumb Code    16  port.o(.emb_text)
    PendSV_Handler                           0x08000205   Thumb Code    76  port.o(.emb_text)
    ulPortSetInterruptMask                   0x08000255   Thumb Code    14  port.o(.emb_text)
    vPortClearInterruptMask                  0x08000263   Thumb Code     6  port.o(.emb_text)
    Reset_Handler                            0x08000269   Thumb Code     8  startup_stm32f429x.o(.text)
    ADC_IRQHandler                           0x08000283   Thumb Code     0  startup_stm32f429x.o(.text)
    CAN1_RX0_IRQHandler                      0x08000283   Thumb Code     0  startup_stm32f429x.o(.text)
    CAN1_RX1_IRQHandler                      0x08000283   Thumb Code     0  startup_stm32f429x.o(.text)
    CAN1_SCE_IRQHandler                      0x08000283   Thumb Code     0  startup_stm32f429x.o(.text)
    CAN1_TX_IRQHandler                       0x08000283   Thumb Code     0  startup_stm32f429x.o(.text)
    CAN2_RX0_IRQHandler                      0x08000283   Thumb Code     0  startup_stm32f429x.o(.text)
    CAN2_RX1_IRQHandler                      0x08000283   Thumb Code     0  startup_stm32f429x.o(.text)
    CAN2_SCE_IRQHandler                      0x08000283   Thumb Code     0  startup_stm32f429x.o(.text)
    CAN2_TX_IRQHandler                       0x08000283   Thumb Code     0  startup_stm32f429x.o(.text)
    CRYP_IRQHandler                          0x08000283   Thumb Code     0  startup_stm32f429x.o(.text)
    DCMI_IRQHandler                          0x08000283   Thumb Code     0  startup_stm32f429x.o(.text)
    DMA1_Stream0_IRQHandler                  0x08000283   Thumb Code     0  startup_stm32f429x.o(.text)
    DMA1_Stream1_IRQHandler                  0x08000283   Thumb Code     0  startup_stm32f429x.o(.text)
    DMA1_Stream2_IRQHandler                  0x08000283   Thumb Code     0  startup_stm32f429x.o(.text)
    DMA1_Stream3_IRQHandler                  0x08000283   Thumb Code     0  startup_stm32f429x.o(.text)
    DMA1_Stream4_IRQHandler                  0x08000283   Thumb Code     0  startup_stm32f429x.o(.text)
    DMA1_Stream5_IRQHandler                  0x08000283   Thumb Code     0  startup_stm32f429x.o(.text)
    DMA1_Stream6_IRQHandler                  0x08000283   Thumb Code     0  startup_stm32f429x.o(.text)
    DMA1_Stream7_IRQHandler                  0x08000283   Thumb Code     0  startup_stm32f429x.o(.text)
    DMA2D_IRQHandler                         0x08000283   Thumb Code     0  startup_stm32f429x.o(.text)
    DMA2_Stream0_IRQHandler                  0x08000283   Thumb Code     0  startup_stm32f429x.o(.text)
    DMA2_Stream1_IRQHandler                  0x08000283   Thumb Code     0  startup_stm32f429x.o(.text)
    DMA2_Stream2_IRQHandler                  0x08000283   Thumb Code     0  startup_stm32f429x.o(.text)
    DMA2_Stream3_IRQHandler                  0x08000283   Thumb Code     0  startup_stm32f429x.o(.text)
    DMA2_Stream4_IRQHandler                  0x08000283   Thumb Code     0  startup_stm32f429x.o(.text)
    DMA2_Stream5_IRQHandler                  0x08000283   Thumb Code     0  startup_stm32f429x.o(.text)
    DMA2_Stream6_IRQHandler                  0x08000283   Thumb Code     0  startup_stm32f429x.o(.text)
    DMA2_Stream7_IRQHandler                  0x08000283   Thumb Code     0  startup_stm32f429x.o(.text)
    ETH_WKUP_IRQHandler                      0x08000283   Thumb Code     0  startup_stm32f429x.o(.text)
    EXTI0_IRQHandler                         0x08000283   Thumb Code     0  startup_stm32f429x.o(.text)
    EXTI15_10_IRQHandler                     0x08000283   Thumb Code     0  startup_stm32f429x.o(.text)
    EXTI1_IRQHandler                         0x08000283   Thumb Code     0  startup_stm32f429x.o(.text)
    EXTI2_IRQHandler                         0x08000283   Thumb Code     0  startup_stm32f429x.o(.text)
    EXTI3_IRQHandler                         0x08000283   Thumb Code     0  startup_stm32f429x.o(.text)
    EXTI4_IRQHandler                         0x08000283   Thumb Code     0  startup_stm32f429x.o(.text)
    FLASH_IRQHandler                         0x08000283   Thumb Code     0  startup_stm32f429x.o(.text)
    FMC_IRQHandler                           0x08000283   Thumb Code     0  startup_stm32f429x.o(.text)
    FPU_IRQHandler                           0x08000283   Thumb Code     0  startup_stm32f429x.o(.text)
    HASH_RNG_IRQHandler                      0x08000283   Thumb Code     0  startup_stm32f429x.o(.text)
    I2C1_ER_IRQHandler                       0x08000283   Thumb Code     0  startup_stm32f429x.o(.text)
    I2C1_EV_IRQHandler                       0x08000283   Thumb Code     0  startup_stm32f429x.o(.text)
    I2C2_ER_IRQHandler                       0x08000283   Thumb Code     0  startup_stm32f429x.o(.text)
    I2C2_EV_IRQHandler                       0x08000283   Thumb Code     0  startup_stm32f429x.o(.text)
    I2C3_ER_IRQHandler                       0x08000283   Thumb Code     0  startup_stm32f429x.o(.text)
    I2C3_EV_IRQHandler                       0x08000283   Thumb Code     0  startup_stm32f429x.o(.text)
    LTDC_ER_IRQHandler                       0x08000283   Thumb Code     0  startup_stm32f429x.o(.text)
    LTDC_IRQHandler                          0x08000283   Thumb Code     0  startup_stm32f429x.o(.text)
    OTG_FS_IRQHandler                        0x08000283   Thumb Code     0  startup_stm32f429x.o(.text)
    OTG_FS_WKUP_IRQHandler                   0x08000283   Thumb Code     0  startup_stm32f429x.o(.text)
    OTG_HS_EP1_IN_IRQHandler                 0x08000283   Thumb Code     0  startup_stm32f429x.o(.text)
    OTG_HS_EP1_OUT_IRQHandler                0x08000283   Thumb Code     0  startup_stm32f429x.o(.text)
    OTG_HS_IRQHandler                        0x08000283   Thumb Code     0  startup_stm32f429x.o(.text)
    OTG_HS_WKUP_IRQHandler                   0x08000283   Thumb Code     0  startup_stm32f429x.o(.text)
    PVD_IRQHandler                           0x08000283   Thumb Code     0  startup_stm32f429x.o(.text)
    RCC_IRQHandler                           0x08000283   Thumb Code     0  startup_stm32f429x.o(.text)
    RTC_WKUP_IRQHandler                      0x08000283   Thumb Code     0  startup_stm32f429x.o(.text)
    SAI1_IRQHandler                          0x08000283   Thumb Code     0  startup_stm32f429x.o(.text)
    SDIO_IRQHandler                          0x08000283   Thumb Code     0  startup_stm32f429x.o(.text)
    SPI1_IRQHandler                          0x08000283   Thumb Code     0  startup_stm32f429x.o(.text)
    SPI2_IRQHandler                          0x08000283   Thumb Code     0  startup_stm32f429x.o(.text)
    SPI3_IRQHandler                          0x08000283   Thumb Code     0  startup_stm32f429x.o(.text)
    SPI4_IRQHandler                          0x08000283   Thumb Code     0  startup_stm32f429x.o(.text)
    SPI5_IRQHandler                          0x08000283   Thumb Code     0  startup_stm32f429x.o(.text)
    SPI6_IRQHandler                          0x08000283   Thumb Code     0  startup_stm32f429x.o(.text)
    TAMP_STAMP_IRQHandler                    0x08000283   Thumb Code     0  startup_stm32f429x.o(.text)
    TIM1_BRK_TIM9_IRQHandler                 0x08000283   Thumb Code     0  startup_stm32f429x.o(.text)
    TIM1_CC_IRQHandler                       0x08000283   Thumb Code     0  startup_stm32f429x.o(.text)
    TIM1_TRG_COM_TIM11_IRQHandler            0x08000283   Thumb Code     0  startup_stm32f429x.o(.text)
    TIM1_UP_TIM10_IRQHandler                 0x08000283   Thumb Code     0  startup_stm32f429x.o(.text)
    TIM2_IRQHandler                          0x08000283   Thumb Code     0  startup_stm32f429x.o(.text)
    TIM3_IRQHandler                          0x08000283   Thumb Code     0  startup_stm32f429x.o(.text)
    TIM4_IRQHandler                          0x08000283   Thumb Code     0  startup_stm32f429x.o(.text)
    TIM5_IRQHandler                          0x08000283   Thumb Code     0  startup_stm32f429x.o(.text)
    TIM6_DAC_IRQHandler                      0x08000283   Thumb Code     0  startup_stm32f429x.o(.text)
    TIM8_BRK_TIM12_IRQHandler                0x08000283   Thumb Code     0  startup_stm32f429x.o(.text)
    TIM8_CC_IRQHandler                       0x08000283   Thumb Code     0  startup_stm32f429x.o(.text)
    TIM8_TRG_COM_TIM14_IRQHandler            0x08000283   Thumb Code     0  startup_stm32f429x.o(.text)
    TIM8_UP_TIM13_IRQHandler                 0x08000283   Thumb Code     0  startup_stm32f429x.o(.text)
    UART4_IRQHandler                         0x08000283   Thumb Code     0  startup_stm32f429x.o(.text)
    UART5_IRQHandler                         0x08000283   Thumb Code     0  startup_stm32f429x.o(.text)
    UART7_IRQHandler                         0x08000283   Thumb Code     0  startup_stm32f429x.o(.text)
    UART8_IRQHandler                         0x08000283   Thumb Code     0  startup_stm32f429x.o(.text)
    USART1_IRQHandler                        0x08000283   Thumb Code     0  startup_stm32f429x.o(.text)
    USART2_IRQHandler                        0x08000283   Thumb Code     0  startup_stm32f429x.o(.text)
    USART3_IRQHandler                        0x08000283   Thumb Code     0  startup_stm32f429x.o(.text)
    WWDG_IRQHandler                          0x08000283   Thumb Code     0  startup_stm32f429x.o(.text)
    SystemInit                               0x0800042d   Thumb Code    88  system_stm32f4xx.o(.text)
    SystemCoreClockUpdate                    0x08000485   Thumb Code   174  system_stm32f4xx.o(.text)
    NVIC_PriorityGroupConfig                 0x08000565   Thumb Code    10  misc.o(.text)
    NVIC_Init                                0x0800056f   Thumb Code   108  misc.o(.text)
    NVIC_SetVectorTable                      0x080005db   Thumb Code    14  misc.o(.text)
    NVIC_SystemLPConfig                      0x080005e9   Thumb Code    34  misc.o(.text)
    SysTick_CLKSourceConfig                  0x0800060b   Thumb Code    40  misc.o(.text)
    EXTI_DeInit                              0x08000649   Thumb Code    28  stm32f4xx_exti.o(.text)
    EXTI_Init                                0x08000665   Thumb Code   142  stm32f4xx_exti.o(.text)
    EXTI_StructInit                          0x080006f3   Thumb Code    16  stm32f4xx_exti.o(.text)
    EXTI_GenerateSWInterrupt                 0x08000703   Thumb Code    16  stm32f4xx_exti.o(.text)
    EXTI_GetFlagStatus                       0x08000713   Thumb Code    22  stm32f4xx_exti.o(.text)
    EXTI_ClearFlag                           0x08000729   Thumb Code     8  stm32f4xx_exti.o(.text)
    EXTI_GetITStatus                         0x08000731   Thumb Code    22  stm32f4xx_exti.o(.text)
    EXTI_ClearITPendingBit                   0x08000747   Thumb Code     8  stm32f4xx_exti.o(.text)
    GPIO_DeInit                              0x08000759   Thumb Code   268  stm32f4xx_gpio.o(.text)
    GPIO_Init                                0x08000865   Thumb Code   144  stm32f4xx_gpio.o(.text)
    GPIO_StructInit                          0x080008f5   Thumb Code    18  stm32f4xx_gpio.o(.text)
    GPIO_PinLockConfig                       0x08000907   Thumb Code    34  stm32f4xx_gpio.o(.text)
    GPIO_ReadInputDataBit                    0x08000929   Thumb Code    18  stm32f4xx_gpio.o(.text)
    GPIO_ReadInputData                       0x0800093b   Thumb Code     8  stm32f4xx_gpio.o(.text)
    GPIO_ReadOutputDataBit                   0x08000943   Thumb Code    18  stm32f4xx_gpio.o(.text)
    GPIO_ReadOutputData                      0x08000955   Thumb Code     8  stm32f4xx_gpio.o(.text)
    GPIO_SetBits                             0x0800095d   Thumb Code     4  stm32f4xx_gpio.o(.text)
    GPIO_ResetBits                           0x08000961   Thumb Code     4  stm32f4xx_gpio.o(.text)
    GPIO_WriteBit                            0x08000965   Thumb Code    10  stm32f4xx_gpio.o(.text)
    GPIO_Write                               0x0800096f   Thumb Code     4  stm32f4xx_gpio.o(.text)
    GPIO_ToggleBits                          0x08000973   Thumb Code     8  stm32f4xx_gpio.o(.text)
    GPIO_PinAFConfig                         0x0800097b   Thumb Code    70  stm32f4xx_gpio.o(.text)
    PWR_DeInit                               0x080009ed   Thumb Code    22  stm32f4xx_pwr.o(.text)
    PWR_BackupAccessCmd                      0x08000a03   Thumb Code     6  stm32f4xx_pwr.o(.text)
    PWR_PVDLevelConfig                       0x08000a09   Thumb Code    18  stm32f4xx_pwr.o(.text)
    PWR_PVDCmd                               0x08000a1b   Thumb Code     6  stm32f4xx_pwr.o(.text)
    PWR_WakeUpPinCmd                         0x08000a21   Thumb Code     6  stm32f4xx_pwr.o(.text)
    PWR_BackupRegulatorCmd                   0x08000a27   Thumb Code     6  stm32f4xx_pwr.o(.text)
    PWR_MainRegulatorModeConfig              0x08000a2d   Thumb Code    18  stm32f4xx_pwr.o(.text)
    PWR_OverDriveCmd                         0x08000a3f   Thumb Code     6  stm32f4xx_pwr.o(.text)
    PWR_OverDriveSWCmd                       0x08000a45   Thumb Code     6  stm32f4xx_pwr.o(.text)
    PWR_UnderDriveCmd                        0x08000a4b   Thumb Code    30  stm32f4xx_pwr.o(.text)
    PWR_FlashPowerDownCmd                    0x08000a69   Thumb Code     6  stm32f4xx_pwr.o(.text)
    PWR_EnterSTOPMode                        0x08000a6f   Thumb Code    58  stm32f4xx_pwr.o(.text)
    PWR_EnterSTANDBYMode                     0x08000aa9   Thumb Code    42  stm32f4xx_pwr.o(.text)
    PWR_GetFlagStatus                        0x08000ad3   Thumb Code    20  stm32f4xx_pwr.o(.text)
    PWR_ClearFlag                            0x08000ae7   Thumb Code    34  stm32f4xx_pwr.o(.text)
    RCC_DeInit                               0x08000b1d   Thumb Code    82  stm32f4xx_rcc.o(.text)
    RCC_HSEConfig                            0x08000b6f   Thumb Code    14  stm32f4xx_rcc.o(.text)
    RCC_GetFlagStatus                        0x08000b7d   Thumb Code    60  stm32f4xx_rcc.o(.text)
    RCC_WaitForHSEStartUp                    0x08000bb9   Thumb Code    56  stm32f4xx_rcc.o(.text)
    RCC_AdjustHSICalibrationValue            0x08000bf1   Thumb Code    20  stm32f4xx_rcc.o(.text)
    RCC_HSICmd                               0x08000c05   Thumb Code     6  stm32f4xx_rcc.o(.text)
    RCC_LSEConfig                            0x08000c0b   Thumb Code    46  stm32f4xx_rcc.o(.text)
    RCC_LSICmd                               0x08000c39   Thumb Code     6  stm32f4xx_rcc.o(.text)
    RCC_PLLConfig                            0x08000c3f   Thumb Code    32  stm32f4xx_rcc.o(.text)
    RCC_PLLCmd                               0x08000c5f   Thumb Code     6  stm32f4xx_rcc.o(.text)
    RCC_PLLI2SConfig                         0x08000c65   Thumb Code    20  stm32f4xx_rcc.o(.text)
    RCC_PLLI2SCmd                            0x08000c79   Thumb Code     6  stm32f4xx_rcc.o(.text)
    RCC_PLLSAIConfig                         0x08000c7f   Thumb Code    20  stm32f4xx_rcc.o(.text)
    RCC_PLLSAICmd                            0x08000c93   Thumb Code     6  stm32f4xx_rcc.o(.text)
    RCC_ClockSecuritySystemCmd               0x08000c99   Thumb Code     6  stm32f4xx_rcc.o(.text)
    RCC_MCO1Config                           0x08000c9f   Thumb Code    28  stm32f4xx_rcc.o(.text)
    RCC_MCO2Config                           0x08000cbb   Thumb Code    28  stm32f4xx_rcc.o(.text)
    RCC_SYSCLKConfig                         0x08000cd7   Thumb Code    20  stm32f4xx_rcc.o(.text)
    RCC_GetSYSCLKSource                      0x08000ceb   Thumb Code    12  stm32f4xx_rcc.o(.text)
    RCC_HCLKConfig                           0x08000cf7   Thumb Code    20  stm32f4xx_rcc.o(.text)
    RCC_PCLK1Config                          0x08000d0b   Thumb Code    20  stm32f4xx_rcc.o(.text)
    RCC_PCLK2Config                          0x08000d1f   Thumb Code    22  stm32f4xx_rcc.o(.text)
    RCC_GetClocksFreq                        0x08000d35   Thumb Code   222  stm32f4xx_rcc.o(.text)
    RCC_RTCCLKConfig                         0x08000e13   Thumb Code    54  stm32f4xx_rcc.o(.text)
    RCC_RTCCLKCmd                            0x08000e49   Thumb Code     8  stm32f4xx_rcc.o(.text)
    RCC_BackupResetCmd                       0x08000e51   Thumb Code     8  stm32f4xx_rcc.o(.text)
    RCC_I2SCLKConfig                         0x08000e59   Thumb Code     6  stm32f4xx_rcc.o(.text)
    RCC_SAIPLLI2SClkDivConfig                0x08000e5f   Thumb Code    26  stm32f4xx_rcc.o(.text)
    RCC_SAIPLLSAIClkDivConfig                0x08000e79   Thumb Code    28  stm32f4xx_rcc.o(.text)
    RCC_SAIBlockACLKConfig                   0x08000e95   Thumb Code    20  stm32f4xx_rcc.o(.text)
    RCC_SAIBlockBCLKConfig                   0x08000ea9   Thumb Code    20  stm32f4xx_rcc.o(.text)
    RCC_LTDCCLKDivConfig                     0x08000ebd   Thumb Code    20  stm32f4xx_rcc.o(.text)
    RCC_TIMCLKPresConfig                     0x08000ed1   Thumb Code     6  stm32f4xx_rcc.o(.text)
    RCC_AHB1PeriphClockCmd                   0x08000ed7   Thumb Code    82  stm32f4xx_rcc.o(.text)
    RCC_AHB2PeriphClockCmd                   0x08000f29   Thumb Code    26  stm32f4xx_rcc.o(.text)
    RCC_AHB3PeriphClockCmd                   0x08000f43   Thumb Code    34  stm32f4xx_rcc.o(.text)
    RCC_APB1PeriphClockCmd                   0x08000f65   Thumb Code    34  stm32f4xx_rcc.o(.text)
    RCC_APB2PeriphClockCmd                   0x08000f87   Thumb Code    34  stm32f4xx_rcc.o(.text)
    RCC_AHB1PeriphResetCmd                   0x08000fa9   Thumb Code    34  stm32f4xx_rcc.o(.text)
    RCC_AHB2PeriphResetCmd                   0x08000fcb   Thumb Code    34  stm32f4xx_rcc.o(.text)
    RCC_AHB3PeriphResetCmd                   0x08000fed   Thumb Code    34  stm32f4xx_rcc.o(.text)
    RCC_APB1PeriphResetCmd                   0x0800100f   Thumb Code    34  stm32f4xx_rcc.o(.text)
    RCC_APB2PeriphResetCmd                   0x08001031   Thumb Code    34  stm32f4xx_rcc.o(.text)
    RCC_AHB1PeriphClockLPModeCmd             0x08001053   Thumb Code    34  stm32f4xx_rcc.o(.text)
    RCC_AHB2PeriphClockLPModeCmd             0x08001075   Thumb Code    34  stm32f4xx_rcc.o(.text)
    RCC_AHB3PeriphClockLPModeCmd             0x08001097   Thumb Code    34  stm32f4xx_rcc.o(.text)
    RCC_APB1PeriphClockLPModeCmd             0x080010b9   Thumb Code    34  stm32f4xx_rcc.o(.text)
    RCC_APB2PeriphClockLPModeCmd             0x080010db   Thumb Code    34  stm32f4xx_rcc.o(.text)
    RCC_ITConfig                             0x080010fd   Thumb Code    34  stm32f4xx_rcc.o(.text)
    RCC_ClearFlag                            0x0800111f   Thumb Code    18  stm32f4xx_rcc.o(.text)
    RCC_GetITStatus                          0x08001131   Thumb Code    22  stm32f4xx_rcc.o(.text)
    RCC_ClearITPendingBit                    0x08001147   Thumb Code     8  stm32f4xx_rcc.o(.text)
    RTC_WaitForSynchro                       0x08001155   Thumb Code    92  stm32f4xx_rtc.o(.text)
    RTC_EnterInitMode                        0x080011b1   Thumb Code    84  stm32f4xx_rtc.o(.text)
    RTC_DeInit                               0x08001205   Thumb Code   204  stm32f4xx_rtc.o(.text)
    RTC_ExitInitMode                         0x080012d1   Thumb Code    18  stm32f4xx_rtc.o(.text)
    RTC_Init                                 0x080012e3   Thumb Code    94  stm32f4xx_rtc.o(.text)
    RTC_StructInit                           0x08001341   Thumb Code    14  stm32f4xx_rtc.o(.text)
    RTC_WriteProtectionCmd                   0x0800134f   Thumb Code    22  stm32f4xx_rtc.o(.text)
    RTC_RefClockCmd                          0x08001365   Thumb Code    76  stm32f4xx_rtc.o(.text)
    RTC_BypassShadowCmd                      0x080013b1   Thumb Code    54  stm32f4xx_rtc.o(.text)
    RTC_SetTime                              0x08001419   Thumb Code   200  stm32f4xx_rtc.o(.text)
    RTC_TimeStructInit                       0x080014e1   Thumb Code    12  stm32f4xx_rtc.o(.text)
    RTC_GetTime                              0x080014ed   Thumb Code    74  stm32f4xx_rtc.o(.text)
    RTC_GetSubSecond                         0x08001537   Thumb Code    30  stm32f4xx_rtc.o(.text)
    RTC_SetDate                              0x08001555   Thumb Code   190  stm32f4xx_rtc.o(.text)
    RTC_DateStructInit                       0x08001613   Thumb Code    14  stm32f4xx_rtc.o(.text)
    RTC_GetDate                              0x08001621   Thumb Code    70  stm32f4xx_rtc.o(.text)
    RTC_SetAlarm                             0x08001667   Thumb Code   230  stm32f4xx_rtc.o(.text)
    RTC_AlarmStructInit                      0x0800174d   Thumb Code    22  stm32f4xx_rtc.o(.text)
    RTC_GetAlarm                             0x08001763   Thumb Code   114  stm32f4xx_rtc.o(.text)
    RTC_AlarmCmd                             0x080017d5   Thumb Code   112  stm32f4xx_rtc.o(.text)
    RTC_AlarmSubSecondConfig                 0x08001845   Thumb Code    46  stm32f4xx_rtc.o(.text)
    RTC_GetAlarmSubSecond                    0x08001873   Thumb Code    34  stm32f4xx_rtc.o(.text)
    RTC_WakeUpClockConfig                    0x08001895   Thumb Code    42  stm32f4xx_rtc.o(.text)
    RTC_SetWakeUpCounter                     0x080018bf   Thumb Code    22  stm32f4xx_rtc.o(.text)
    RTC_GetWakeUpCounter                     0x080018d5   Thumb Code    10  stm32f4xx_rtc.o(.text)
    RTC_WakeUpCmd                            0x080018df   Thumb Code   116  stm32f4xx_rtc.o(.text)
    RTC_DayLightSavingConfig                 0x08001953   Thumb Code    50  stm32f4xx_rtc.o(.text)
    RTC_GetStoreOperation                    0x08001985   Thumb Code    12  stm32f4xx_rtc.o(.text)
    RTC_OutputConfig                         0x08001991   Thumb Code    60  stm32f4xx_rtc.o(.text)
    RTC_CoarseCalibConfig                    0x080019cd   Thumb Code    52  stm32f4xx_rtc.o(.text)
    RTC_CoarseCalibCmd                       0x08001a01   Thumb Code    76  stm32f4xx_rtc.o(.text)
    RTC_CalibOutputCmd                       0x08001a4d   Thumb Code    54  stm32f4xx_rtc.o(.text)
    RTC_CalibOutputConfig                    0x08001a83   Thumb Code    42  stm32f4xx_rtc.o(.text)
    RTC_SmoothCalibConfig                    0x08001aad   Thumb Code    90  stm32f4xx_rtc.o(.text)
    RTC_TimeStampCmd                         0x08001b07   Thumb Code    54  stm32f4xx_rtc.o(.text)
    RTC_GetTimeStamp                         0x08001b3d   Thumb Code   144  stm32f4xx_rtc.o(.text)
    RTC_GetTimeStampSubSecond                0x08001bcd   Thumb Code     8  stm32f4xx_rtc.o(.text)
    RTC_TamperTriggerConfig                  0x08001bd5   Thumb Code    38  stm32f4xx_rtc.o(.text)
    RTC_TamperCmd                            0x08001bfb   Thumb Code    34  stm32f4xx_rtc.o(.text)
    RTC_TamperFilterConfig                   0x08001c1d   Thumb Code    26  stm32f4xx_rtc.o(.text)
    RTC_TamperSamplingFreqConfig             0x08001c37   Thumb Code    26  stm32f4xx_rtc.o(.text)
    RTC_TamperPinsPrechargeDuration          0x08001c51   Thumb Code    26  stm32f4xx_rtc.o(.text)
    RTC_TimeStampOnTamperDetectionCmd        0x08001c6b   Thumb Code    38  stm32f4xx_rtc.o(.text)
    RTC_TamperPullUpCmd                      0x08001c91   Thumb Code    38  stm32f4xx_rtc.o(.text)
    RTC_WriteBackupRegister                  0x08001cb7   Thumb Code    26  stm32f4xx_rtc.o(.text)
    RTC_ReadBackupRegister                   0x08001cd1   Thumb Code    28  stm32f4xx_rtc.o(.text)
    RTC_TamperPinSelection                   0x08001ced   Thumb Code    26  stm32f4xx_rtc.o(.text)
    RTC_TimeStampPinSelection                0x08001d07   Thumb Code    26  stm32f4xx_rtc.o(.text)
    RTC_OutputTypeConfig                     0x08001d21   Thumb Code    26  stm32f4xx_rtc.o(.text)
    RTC_SynchroShiftConfig                   0x08001d3b   Thumb Code   130  stm32f4xx_rtc.o(.text)
    RTC_ITConfig                             0x08001dbd   Thumb Code    94  stm32f4xx_rtc.o(.text)
    RTC_GetFlagStatus                        0x08001e1b   Thumb Code    32  stm32f4xx_rtc.o(.text)
    RTC_ClearFlag                            0x08001e3b   Thumb Code    28  stm32f4xx_rtc.o(.text)
    RTC_GetITStatus                          0x08001e57   Thumb Code    62  stm32f4xx_rtc.o(.text)
    RTC_ClearITPendingBit                    0x08001e95   Thumb Code    32  stm32f4xx_rtc.o(.text)
    SYSCFG_DeInit                            0x08001ebd   Thumb Code    22  stm32f4xx_syscfg.o(.text)
    SYSCFG_MemoryRemapConfig                 0x08001ed3   Thumb Code     6  stm32f4xx_syscfg.o(.text)
    SYSCFG_MemorySwappingBank                0x08001ed9   Thumb Code     6  stm32f4xx_syscfg.o(.text)
    SYSCFG_EXTILineConfig                    0x08001edf   Thumb Code    66  stm32f4xx_syscfg.o(.text)
    SYSCFG_ETH_MediaInterfaceConfig          0x08001f21   Thumb Code     6  stm32f4xx_syscfg.o(.text)
    SYSCFG_CompensationCellCmd               0x08001f27   Thumb Code     6  stm32f4xx_syscfg.o(.text)
    SYSCFG_GetCompensationCellStatus         0x08001f2d   Thumb Code    22  stm32f4xx_syscfg.o(.text)
    TIM_DeInit                               0x08001f55   Thumb Code   346  stm32f4xx_tim.o(.text)
    TIM_TimeBaseInit                         0x080020af   Thumb Code   104  stm32f4xx_tim.o(.text)
    TIM_TimeBaseStructInit                   0x08002117   Thumb Code    18  stm32f4xx_tim.o(.text)
    TIM_PrescalerConfig                      0x08002129   Thumb Code     6  stm32f4xx_tim.o(.text)
    TIM_CounterModeConfig                    0x0800212f   Thumb Code    18  stm32f4xx_tim.o(.text)
    TIM_SetCounter                           0x08002141   Thumb Code     4  stm32f4xx_tim.o(.text)
    TIM_SetAutoreload                        0x08002145   Thumb Code     4  stm32f4xx_tim.o(.text)
    TIM_GetCounter                           0x08002149   Thumb Code     6  stm32f4xx_tim.o(.text)
    TIM_GetPrescaler                         0x0800214f   Thumb Code     6  stm32f4xx_tim.o(.text)
    TIM_UpdateDisableConfig                  0x08002155   Thumb Code    24  stm32f4xx_tim.o(.text)
    TIM_UpdateRequestConfig                  0x0800216d   Thumb Code    24  stm32f4xx_tim.o(.text)
    TIM_ARRPreloadConfig                     0x08002185   Thumb Code    24  stm32f4xx_tim.o(.text)
    TIM_SelectOnePulseMode                   0x0800219d   Thumb Code    18  stm32f4xx_tim.o(.text)
    TIM_SetClockDivision                     0x080021af   Thumb Code    18  stm32f4xx_tim.o(.text)
    TIM_Cmd                                  0x080021c1   Thumb Code    24  stm32f4xx_tim.o(.text)
    TIM_OC1Init                              0x080021d9   Thumb Code   114  stm32f4xx_tim.o(.text)
    TIM_OC2Init                              0x0800224b   Thumb Code   154  stm32f4xx_tim.o(.text)
    TIM_OC3Init                              0x080022e5   Thumb Code   204  stm32f4xx_tim.o(.text)
    TIM_OC4Init                              0x080023b1   Thumb Code   112  stm32f4xx_tim.o(.text)
    TIM_OCStructInit                         0x08002421   Thumb Code    20  stm32f4xx_tim.o(.text)
    TIM_SelectOCxM                           0x08002435   Thumb Code    86  stm32f4xx_tim.o(.text)
    TIM_SetCompare1                          0x0800248b   Thumb Code     4  stm32f4xx_tim.o(.text)
    TIM_SetCompare2                          0x0800248f   Thumb Code     4  stm32f4xx_tim.o(.text)
    TIM_SetCompare3                          0x08002493   Thumb Code     4  stm32f4xx_tim.o(.text)
    TIM_SetCompare4                          0x08002497   Thumb Code     4  stm32f4xx_tim.o(.text)
    TIM_ForcedOC1Config                      0x0800249b   Thumb Code    18  stm32f4xx_tim.o(.text)
    TIM_ForcedOC2Config                      0x080024ad   Thumb Code    26  stm32f4xx_tim.o(.text)
    TIM_ForcedOC3Config                      0x080024c7   Thumb Code    18  stm32f4xx_tim.o(.text)
    TIM_ForcedOC4Config                      0x080024d9   Thumb Code    26  stm32f4xx_tim.o(.text)
    TIM_OC1PreloadConfig                     0x080024f3   Thumb Code    18  stm32f4xx_tim.o(.text)
    TIM_OC2PreloadConfig                     0x08002505   Thumb Code    26  stm32f4xx_tim.o(.text)
    TIM_OC3PreloadConfig                     0x0800251f   Thumb Code    18  stm32f4xx_tim.o(.text)
    TIM_OC4PreloadConfig                     0x08002531   Thumb Code    26  stm32f4xx_tim.o(.text)
    TIM_OC1FastConfig                        0x0800254b   Thumb Code    18  stm32f4xx_tim.o(.text)
    TIM_OC2FastConfig                        0x0800255d   Thumb Code    26  stm32f4xx_tim.o(.text)
    TIM_OC3FastConfig                        0x08002577   Thumb Code    18  stm32f4xx_tim.o(.text)
    TIM_OC4FastConfig                        0x08002589   Thumb Code    26  stm32f4xx_tim.o(.text)
    TIM_ClearOC1Ref                          0x080025a3   Thumb Code    18  stm32f4xx_tim.o(.text)
    TIM_ClearOC2Ref                          0x080025b5   Thumb Code    24  stm32f4xx_tim.o(.text)
    TIM_ClearOC3Ref                          0x080025cd   Thumb Code    18  stm32f4xx_tim.o(.text)
    TIM_ClearOC4Ref                          0x080025df   Thumb Code    24  stm32f4xx_tim.o(.text)
    TIM_OC1PolarityConfig                    0x080025f7   Thumb Code    18  stm32f4xx_tim.o(.text)
    TIM_OC1NPolarityConfig                   0x08002609   Thumb Code    18  stm32f4xx_tim.o(.text)
    TIM_OC2PolarityConfig                    0x0800261b   Thumb Code    26  stm32f4xx_tim.o(.text)
    TIM_OC2NPolarityConfig                   0x08002635   Thumb Code    26  stm32f4xx_tim.o(.text)
    TIM_OC3PolarityConfig                    0x0800264f   Thumb Code    26  stm32f4xx_tim.o(.text)
    TIM_OC3NPolarityConfig                   0x08002669   Thumb Code    26  stm32f4xx_tim.o(.text)
    TIM_OC4PolarityConfig                    0x08002683   Thumb Code    26  stm32f4xx_tim.o(.text)
    TIM_CCxCmd                               0x0800269d   Thumb Code    30  stm32f4xx_tim.o(.text)
    TIM_CCxNCmd                              0x080026bb   Thumb Code    30  stm32f4xx_tim.o(.text)
    TIM_SetIC4Prescaler                      0x080026d9   Thumb Code    26  stm32f4xx_tim.o(.text)
    TIM_SetIC3Prescaler                      0x08002743   Thumb Code    18  stm32f4xx_tim.o(.text)
    TIM_SetIC2Prescaler                      0x0800279d   Thumb Code    26  stm32f4xx_tim.o(.text)
    TIM_SetIC1Prescaler                      0x08002811   Thumb Code    18  stm32f4xx_tim.o(.text)
    TIM_ICInit                               0x0800285d   Thumb Code   110  stm32f4xx_tim.o(.text)
    TIM_ICStructInit                         0x080028cb   Thumb Code    18  stm32f4xx_tim.o(.text)
    TIM_PWMIConfig                           0x080028dd   Thumb Code   124  stm32f4xx_tim.o(.text)
    TIM_GetCapture1                          0x08002959   Thumb Code     6  stm32f4xx_tim.o(.text)
    TIM_GetCapture2                          0x0800295f   Thumb Code     6  stm32f4xx_tim.o(.text)
    TIM_GetCapture3                          0x08002965   Thumb Code     6  stm32f4xx_tim.o(.text)
    TIM_GetCapture4                          0x0800296b   Thumb Code     6  stm32f4xx_tim.o(.text)
    TIM_BDTRConfig                           0x08002971   Thumb Code    32  stm32f4xx_tim.o(.text)
    TIM_BDTRStructInit                       0x08002991   Thumb Code    18  stm32f4xx_tim.o(.text)
    TIM_CtrlPWMOutputs                       0x080029a3   Thumb Code    30  stm32f4xx_tim.o(.text)
    TIM_SelectCOM                            0x080029c1   Thumb Code    24  stm32f4xx_tim.o(.text)
    TIM_CCPreloadControl                     0x080029d9   Thumb Code    24  stm32f4xx_tim.o(.text)
    TIM_ITConfig                             0x080029f1   Thumb Code    18  stm32f4xx_tim.o(.text)
    TIM_GenerateEvent                        0x08002a03   Thumb Code     4  stm32f4xx_tim.o(.text)
    TIM_GetFlagStatus                        0x08002a07   Thumb Code    18  stm32f4xx_tim.o(.text)
    TIM_ClearFlag                            0x08002a19   Thumb Code     6  stm32f4xx_tim.o(.text)
    TIM_GetITStatus                          0x08002a1f   Thumb Code    34  stm32f4xx_tim.o(.text)
    TIM_ClearITPendingBit                    0x08002a41   Thumb Code     6  stm32f4xx_tim.o(.text)
    TIM_DMAConfig                            0x08002a47   Thumb Code    10  stm32f4xx_tim.o(.text)
    TIM_DMACmd                               0x08002a51   Thumb Code    18  stm32f4xx_tim.o(.text)
    TIM_SelectCCDMA                          0x08002a63   Thumb Code    24  stm32f4xx_tim.o(.text)
    TIM_InternalClockConfig                  0x08002a7b   Thumb Code    12  stm32f4xx_tim.o(.text)
    TIM_SelectInputTrigger                   0x08002a87   Thumb Code    18  stm32f4xx_tim.o(.text)
    TIM_ITRxExternalClockConfig              0x08002a99   Thumb Code    24  stm32f4xx_tim.o(.text)
    TIM_TIxExternalClockConfig               0x08002ab1   Thumb Code    62  stm32f4xx_tim.o(.text)
    TIM_ETRConfig                            0x08002aef   Thumb Code    28  stm32f4xx_tim.o(.text)
    TIM_ETRClockMode1Config                  0x08002b0b   Thumb Code    54  stm32f4xx_tim.o(.text)
    TIM_ETRClockMode2Config                  0x08002b41   Thumb Code    32  stm32f4xx_tim.o(.text)
    TIM_SelectOutputTrigger                  0x08002b61   Thumb Code    18  stm32f4xx_tim.o(.text)
    TIM_SelectSlaveMode                      0x08002b73   Thumb Code    18  stm32f4xx_tim.o(.text)
    TIM_SelectMasterSlaveMode                0x08002b85   Thumb Code    18  stm32f4xx_tim.o(.text)
    TIM_EncoderInterfaceConfig               0x08002b97   Thumb Code    66  stm32f4xx_tim.o(.text)
    TIM_SelectHallSensor                     0x08002bd9   Thumb Code    24  stm32f4xx_tim.o(.text)
    TIM_RemapConfig                          0x08002bf1   Thumb Code     6  stm32f4xx_tim.o(.text)
    USART_DeInit                             0x08002bf9   Thumb Code   206  stm32f4xx_usart.o(.text)
    USART_Init                               0x08002cc7   Thumb Code   204  stm32f4xx_usart.o(.text)
    USART_StructInit                         0x08002d93   Thumb Code    24  stm32f4xx_usart.o(.text)
    USART_ClockInit                          0x08002dab   Thumb Code    32  stm32f4xx_usart.o(.text)
    USART_ClockStructInit                    0x08002dcb   Thumb Code    12  stm32f4xx_usart.o(.text)
    USART_Cmd                                0x08002dd7   Thumb Code    24  stm32f4xx_usart.o(.text)
    USART_SetPrescaler                       0x08002def   Thumb Code    16  stm32f4xx_usart.o(.text)
    USART_OverSampling8Cmd                   0x08002dff   Thumb Code    22  stm32f4xx_usart.o(.text)
    USART_OneBitMethodCmd                    0x08002e15   Thumb Code    24  stm32f4xx_usart.o(.text)
    USART_SendData                           0x08002e2d   Thumb Code     8  stm32f4xx_usart.o(.text)
    USART_ReceiveData                        0x08002e35   Thumb Code    10  stm32f4xx_usart.o(.text)
    USART_SetAddress                         0x08002e3f   Thumb Code    18  stm32f4xx_usart.o(.text)
    USART_ReceiverWakeUpCmd                  0x08002e51   Thumb Code    24  stm32f4xx_usart.o(.text)
    USART_WakeUpConfig                       0x08002e69   Thumb Code    18  stm32f4xx_usart.o(.text)
    USART_LINBreakDetectLengthConfig         0x08002e7b   Thumb Code    18  stm32f4xx_usart.o(.text)
    USART_LINCmd                             0x08002e8d   Thumb Code    24  stm32f4xx_usart.o(.text)
    USART_SendBreak                          0x08002ea5   Thumb Code    10  stm32f4xx_usart.o(.text)
    USART_HalfDuplexCmd                      0x08002eaf   Thumb Code    24  stm32f4xx_usart.o(.text)
    USART_SetGuardTime                       0x08002ec7   Thumb Code    16  stm32f4xx_usart.o(.text)
    USART_SmartCardCmd                       0x08002ed7   Thumb Code    24  stm32f4xx_usart.o(.text)
    USART_SmartCardNACKCmd                   0x08002eef   Thumb Code    24  stm32f4xx_usart.o(.text)
    USART_IrDAConfig                         0x08002f07   Thumb Code    18  stm32f4xx_usart.o(.text)
    USART_IrDACmd                            0x08002f19   Thumb Code    24  stm32f4xx_usart.o(.text)
    USART_DMACmd                             0x08002f31   Thumb Code    18  stm32f4xx_usart.o(.text)
    USART_ITConfig                           0x08002f43   Thumb Code    74  stm32f4xx_usart.o(.text)
    USART_GetFlagStatus                      0x08002f8d   Thumb Code    26  stm32f4xx_usart.o(.text)
    USART_ClearFlag                          0x08002fa7   Thumb Code    18  stm32f4xx_usart.o(.text)
    USART_GetITStatus                        0x08002fb9   Thumb Code   118  stm32f4xx_usart.o(.text)
    USART_ClearITPendingBit                  0x0800302f   Thumb Code    30  stm32f4xx_usart.o(.text)
    ETH_DeInit                               0x08003069   Thumb Code    22  stm32f4x7_eth.o(.text)
    ETH_StructInit                           0x0800307f   Thumb Code   178  stm32f4x7_eth.o(.text)
    ETH_WritePHYRegister                     0x08003131   Thumb Code    96  stm32f4x7_eth.o(.text)
    ETH_ReadPHYRegister                      0x08003191   Thumb Code    98  stm32f4x7_eth.o(.text)
    ETH_Init                                 0x080031f3   Thumb Code   650  stm32f4x7_eth.o(.text)
    ETH_DMAReceptionCmd                      0x0800347d   Thumb Code    30  stm32f4x7_eth.o(.text)
    ETH_DMATransmissionCmd                   0x0800349b   Thumb Code    30  stm32f4x7_eth.o(.text)
    ETH_MACReceptionCmd                      0x080034b9   Thumb Code    30  stm32f4x7_eth.o(.text)
    ETH_FlushTransmitFIFO                    0x080034d7   Thumb Code    14  stm32f4x7_eth.o(.text)
    ETH_MACTransmissionCmd                   0x080034e5   Thumb Code    30  stm32f4x7_eth.o(.text)
    ETH_Start                                0x08003503   Thumb Code    78  stm32f4x7_eth.o(.text)
    ETH_GetFlowControlBusyStatus             0x08003551   Thumb Code    20  stm32f4x7_eth.o(.text)
    ETH_InitiatePauseControlFrame            0x08003565   Thumb Code    14  stm32f4x7_eth.o(.text)
    ETH_BackPressureActivationCmd            0x08003573   Thumb Code    30  stm32f4x7_eth.o(.text)
    ETH_GetMACFlagStatus                     0x08003591   Thumb Code    20  stm32f4x7_eth.o(.text)
    ETH_GetMACITStatus                       0x080035a5   Thumb Code    20  stm32f4x7_eth.o(.text)
    ETH_MACITConfig                          0x080035b9   Thumb Code    26  stm32f4x7_eth.o(.text)
    ETH_MACAddressConfig                     0x080035d3   Thumb Code    46  stm32f4x7_eth.o(.text)
    ETH_GetMACAddress                        0x08003601   Thumb Code    36  stm32f4x7_eth.o(.text)
    ETH_MACAddressPerfectFilterCmd           0x08003625   Thumb Code    38  stm32f4x7_eth.o(.text)
    ETH_MACAddressFilterConfig               0x0800364b   Thumb Code    40  stm32f4x7_eth.o(.text)
    ETH_MACAddressMaskBytesFilterConfig      0x08003673   Thumb Code    32  stm32f4x7_eth.o(.text)
    ETH_Get_Received_Frame                   0x08003693   Thumb Code    82  stm32f4x7_eth.o(.text)
    ETH_Get_Received_Frame_interrupt         0x080036e5   Thumb Code   268  stm32f4x7_eth.o(.text)
    ETH_Prepare_Transmit_Descriptors         0x080037f1   Thumb Code   222  stm32f4x7_eth.o(.text)
    ETH_DMARxDescChainInit                   0x080038cf   Thumb Code    82  stm32f4x7_eth.o(.text)
    ETH_CheckFrameReceived                   0x08003921   Thumb Code   216  stm32f4x7_eth.o(.text)
    ETH_DMATxDescChainInit                   0x080039f9   Thumb Code    70  stm32f4x7_eth.o(.text)
    ETH_GetDMATxDescFlagStatus               0x08003a3f   Thumb Code    18  stm32f4x7_eth.o(.text)
    ETH_GetDMATxDescCollisionCount           0x08003a51   Thumb Code    10  stm32f4x7_eth.o(.text)
    ETH_SetDMATxDescOwnBit                   0x08003a5b   Thumb Code    10  stm32f4x7_eth.o(.text)
    ETH_DMATxDescTransmitITConfig            0x08003a65   Thumb Code    22  stm32f4x7_eth.o(.text)
    ETH_DMATxDescFrameSegmentConfig          0x08003a7b   Thumb Code     8  stm32f4x7_eth.o(.text)
    ETH_DMATxDescChecksumInsertionConfig     0x08003a83   Thumb Code     8  stm32f4x7_eth.o(.text)
    ETH_DMATxDescCRCCmd                      0x08003a8b   Thumb Code    22  stm32f4x7_eth.o(.text)
    ETH_DMATxDescSecondAddressChainedCmd     0x08003aa1   Thumb Code    22  stm32f4x7_eth.o(.text)
    ETH_DMATxDescShortFramePaddingCmd        0x08003ab7   Thumb Code    22  stm32f4x7_eth.o(.text)
    ETH_DMATxDescBufferSizeConfig            0x08003acd   Thumb Code    14  stm32f4x7_eth.o(.text)
    ETH_GetDMARxDescFlagStatus               0x08003adb   Thumb Code    18  stm32f4x7_eth.o(.text)
    ETH_GetDMAPTPRxDescExtendedFlagStatus    0x08003aed   Thumb Code    18  stm32f4x7_eth.o(.text)
    ETH_SetDMARxDescOwnBit                   0x08003aff   Thumb Code    10  stm32f4x7_eth.o(.text)
    ETH_GetDMARxDescFrameLength              0x08003b09   Thumb Code    10  stm32f4x7_eth.o(.text)
    ETH_DMARxDescReceiveITConfig             0x08003b13   Thumb Code    22  stm32f4x7_eth.o(.text)
    ETH_GetDMARxDescBufferSize               0x08003b29   Thumb Code    20  stm32f4x7_eth.o(.text)
    ETH_GetRxPktSize                         0x08003b3d   Thumb Code    42  stm32f4x7_eth.o(.text)
    ETH_EnhancedDescriptorCmd                0x08003b67   Thumb Code    30  stm32f4x7_eth.o(.text)
    ETH_SoftwareReset                        0x08003b85   Thumb Code    14  stm32f4x7_eth.o(.text)
    ETH_GetSoftwareResetStatus               0x08003b93   Thumb Code    20  stm32f4x7_eth.o(.text)
    ETH_GetDMAFlagStatus                     0x08003ba7   Thumb Code    20  stm32f4x7_eth.o(.text)
    ETH_DMAClearFlag                         0x08003bbb   Thumb Code     6  stm32f4x7_eth.o(.text)
    ETH_DMAITConfig                          0x08003bc1   Thumb Code    26  stm32f4x7_eth.o(.text)
    ETH_GetDMAITStatus                       0x08003bdb   Thumb Code    20  stm32f4x7_eth.o(.text)
    ETH_DMAClearITPendingBit                 0x08003bef   Thumb Code     6  stm32f4x7_eth.o(.text)
    ETH_GetTransmitProcessState              0x08003bf5   Thumb Code    10  stm32f4x7_eth.o(.text)
    ETH_GetReceiveProcessState               0x08003bff   Thumb Code    10  stm32f4x7_eth.o(.text)
    ETH_GetFlushTransmitFIFOStatus           0x08003c09   Thumb Code    20  stm32f4x7_eth.o(.text)
    ETH_GetDMAOverflowStatus                 0x08003c1d   Thumb Code    20  stm32f4x7_eth.o(.text)
    ETH_GetRxOverflowMissedFrameCounter      0x08003c31   Thumb Code    10  stm32f4x7_eth.o(.text)
    ETH_GetBufferUnavailableMissedFrameCounter 0x08003c3b   Thumb Code     8  stm32f4x7_eth.o(.text)
    ETH_GetCurrentTxDescStartAddress         0x08003c43   Thumb Code     6  stm32f4x7_eth.o(.text)
    ETH_GetCurrentRxDescStartAddress         0x08003c49   Thumb Code     6  stm32f4x7_eth.o(.text)
    ETH_GetCurrentTxBufferAddress            0x08003c4f   Thumb Code     6  stm32f4x7_eth.o(.text)
    ETH_GetCurrentRxBufferAddress            0x08003c55   Thumb Code     6  stm32f4x7_eth.o(.text)
    ETH_ResumeDMATransmission                0x08003c5b   Thumb Code     8  stm32f4x7_eth.o(.text)
    ETH_ResumeDMAReception                   0x08003c63   Thumb Code     8  stm32f4x7_eth.o(.text)
    ETH_SetReceiveWatchdogTimer              0x08003c6b   Thumb Code     6  stm32f4x7_eth.o(.text)
    ETH_PHYLoopBackCmd                       0x08003c71   Thumb Code    52  stm32f4x7_eth.o(.text)
    ETH_ResetWakeUpFrameFilterRegisterPointer 0x08003ca5   Thumb Code    14  stm32f4x7_eth.o(.text)
    ETH_SetWakeUpFrameFilterRegister         0x08003cb3   Thumb Code    24  stm32f4x7_eth.o(.text)
    ETH_GlobalUnicastWakeUpCmd               0x08003ccb   Thumb Code    30  stm32f4x7_eth.o(.text)
    ETH_GetPMTFlagStatus                     0x08003ce9   Thumb Code    20  stm32f4x7_eth.o(.text)
    ETH_WakeUpFrameDetectionCmd              0x08003cfd   Thumb Code    30  stm32f4x7_eth.o(.text)
    ETH_MagicPacketDetectionCmd              0x08003d1b   Thumb Code    30  stm32f4x7_eth.o(.text)
    ETH_PowerDownCmd                         0x08003d39   Thumb Code    50  stm32f4x7_eth.o(.text)
    ETH_MMCCounterFullPreset                 0x08003d6b   Thumb Code    16  stm32f4x7_eth.o(.text)
    ETH_MMCCounterHalfPreset                 0x08003d7b   Thumb Code    30  stm32f4x7_eth.o(.text)
    ETH_MMCCounterFreezeCmd                  0x08003d99   Thumb Code    34  stm32f4x7_eth.o(.text)
    ETH_MMCResetOnReadCmd                    0x08003dbb   Thumb Code    34  stm32f4x7_eth.o(.text)
    ETH_MMCCounterRolloverCmd                0x08003ddd   Thumb Code    34  stm32f4x7_eth.o(.text)
    ETH_MMCCountersReset                     0x08003dff   Thumb Code    16  stm32f4x7_eth.o(.text)
    ETH_MMCITConfig                          0x08003e0f   Thumb Code    78  stm32f4x7_eth.o(.text)
    ETH_GetMMCITStatus                       0x08003e5d   Thumb Code    58  stm32f4x7_eth.o(.text)
    ETH_GetMMCRegister                       0x08003e97   Thumb Code     8  stm32f4x7_eth.o(.text)
    xQueueGenericReset                       0x08003eb9   Thumb Code   118  queue.o(.text)
    xQueueGenericCreate                      0x08003f2f   Thumb Code    92  queue.o(.text)
    xQueueGenericSend                        0x08004091   Thumb Code   234  queue.o(.text)
    xQueueCreateMutex                        0x0800417b   Thumb Code    86  queue.o(.text)
    xQueueGiveMutexRecursive                 0x080041d1   Thumb Code    56  queue.o(.text)
    xQueueGenericReceive                     0x0800424f   Thumb Code   310  queue.o(.text)
    xQueueTakeMutexRecursive                 0x08004385   Thumb Code    64  queue.o(.text)
    xQueueCreateCountingSemaphore            0x080043c5   Thumb Code    36  queue.o(.text)
    xQueueGenericSendFromISR                 0x080043e9   Thumb Code   128  queue.o(.text)
    xQueueReceiveFromISR                     0x08004469   Thumb Code   126  queue.o(.text)
    uxQueueMessagesWaiting                   0x080044e7   Thumb Code    28  queue.o(.text)
    uxQueueMessagesWaitingFromISR            0x08004503   Thumb Code    20  queue.o(.text)
    vQueueDelete                             0x0800453d   Thumb Code    34  queue.o(.text)
    ucQueueGetQueueNumber                    0x0800455f   Thumb Code     8  queue.o(.text)
    vQueueSetQueueNumber                     0x08004567   Thumb Code     6  queue.o(.text)
    ucQueueGetQueueType                      0x0800456d   Thumb Code     8  queue.o(.text)
    xQueueIsQueueEmptyFromISR                0x08004575   Thumb Code    30  queue.o(.text)
    xQueueIsQueueFullFromISR                 0x08004593   Thumb Code    34  queue.o(.text)
    vQueueAddToRegistry                      0x080045b5   Thumb Code    38  queue.o(.text)
    vListInitialise                          0x080045e1   Thumb Code    26  list.o(.text)
    vListInitialiseItem                      0x080045fb   Thumb Code     6  list.o(.text)
    vListInsertEnd                           0x08004601   Thumb Code    28  list.o(.text)
    vListInsert                              0x0800461d   Thumb Code    52  list.o(.text)
    uxListRemove                             0x08004651   Thumb Code    40  list.o(.text)
    xTaskGenericCreate                       0x08004739   Thumb Code   302  tasks.o(.text)
    vTaskDelete                              0x08004867   Thumb Code    94  tasks.o(.text)
    vTaskIncrementTick                       0x080048c5   Thumb Code   254  tasks.o(.text)
    xTaskResumeAll                           0x080049c3   Thumb Code   286  tasks.o(.text)
    vTaskSuspendAll                          0x08004b1f   Thumb Code    12  tasks.o(.text)
    vTaskDelay                               0x08004b2b   Thumb Code    48  tasks.o(.text)
    uxTaskPriorityGet                        0x08004b5b   Thumb Code    30  tasks.o(.text)
    vTaskPrioritySet                         0x08004b79   Thumb Code   184  tasks.o(.text)
    vTaskStartScheduler                      0x08004cad   Thumb Code    62  tasks.o(.text)
    vTaskEndScheduler                        0x08004ceb   Thumb Code    18  tasks.o(.text)
    xTaskGetTickCount                        0x08004cfd   Thumb Code    18  tasks.o(.text)
    xTaskGetTickCountFromISR                 0x08004d0f   Thumb Code    22  tasks.o(.text)
    uxTaskGetNumberOfTasks                   0x08004d25   Thumb Code     6  tasks.o(.text)
    vTaskList                                0x08004db5   Thumb Code   158  tasks.o(.text)
    vTaskSwitchContext                       0x08004e53   Thumb Code   206  tasks.o(.text)
    vTaskPlaceOnEventList                    0x08004f21   Thumb Code    52  tasks.o(.text)
    xTaskRemoveFromEventList                 0x08004f55   Thumb Code   106  tasks.o(.text)
    vTaskSetTimeOutState                     0x08004fbf   Thumb Code    28  tasks.o(.text)
    xTaskCheckForTimeOut                     0x08004fdb   Thumb Code   102  tasks.o(.text)
    vTaskMissedYield                         0x08005041   Thumb Code     8  tasks.o(.text)
    uxTaskGetTaskNumber                      0x08005049   Thumb Code    14  tasks.o(.text)
    vTaskSetTaskNumber                       0x08005057   Thumb Code     8  tasks.o(.text)
    xTaskGetCurrentTaskHandle                0x0800505f   Thumb Code     6  tasks.o(.text)
    vTaskPriorityInherit                     0x08005065   Thumb Code   118  tasks.o(.text)
    vTaskPriorityDisinherit                  0x080050db   Thumb Code    70  tasks.o(.text)
    pvPortMalloc                             0x0800520d   Thumb Code   140  heap_4.o(.text)
    vPortFree                                0x08005299   Thumb Code    40  heap_4.o(.text)
    xPortGetFreeHeapSize                     0x080052c1   Thumb Code     6  heap_4.o(.text)
    vPortInitialiseBlocks                    0x080052c7   Thumb Code     2  heap_4.o(.text)
    pxPortInitialiseStack                    0x080052dd   Thumb Code    32  port.o(.text)
    vPortSetupTimerInterrupt                 0x080052fd   Thumb Code    26  port.o(.text)
    xPortStartScheduler                      0x08005317   Thumb Code    58  port.o(.text)
    vPortEndScheduler                        0x08005351   Thumb Code     2  port.o(.text)
    vPortYieldFromISR                        0x08005353   Thumb Code    12  port.o(.text)
    vPortEnterCritical                       0x0800535f   Thumb Code    18  port.o(.text)
    vPortExitCritical                        0x08005371   Thumb Code    26  port.o(.text)
    xPortSysTickHandler                      0x0800538b   Thumb Code    28  port.o(.text)
    AC_task                                  0x080053b9   Thumb Code    18  main.o(.text)
    DC_task                                  0x080053cb   Thumb Code    18  main.o(.text)
    Touch_task                               0x080053dd   Thumb Code    58  main.o(.text)
    Wifi_task                                0x08005417   Thumb Code    18  main.o(.text)
    Main_task                                0x08005429   Thumb Code    18  main.o(.text)
    Init                                     0x0800543b   Thumb Code    16  main.o(.text)
    main                                     0x0800544b   Thumb Code   148  main.o(.text)
    NMI_Handler                              0x08005579   Thumb Code     2  stm32f4xx_it.o(.text)
    HardFault_Handler                        0x0800557b   Thumb Code     4  stm32f4xx_it.o(.text)
    MemManage_Handler                        0x0800557f   Thumb Code     4  stm32f4xx_it.o(.text)
    BusFault_Handler                         0x08005583   Thumb Code     4  stm32f4xx_it.o(.text)
    UsageFault_Handler                       0x08005587   Thumb Code     4  stm32f4xx_it.o(.text)
    DebugMon_Handler                         0x0800558b   Thumb Code     2  stm32f4xx_it.o(.text)
    SysTick_Handler                          0x0800558d   Thumb Code     8  stm32f4xx_it.o(.text)
    ETH_IRQHandler                           0x08005595   Thumb Code    58  stm32f4xx_it.o(.text)
    uart_init                                0x080055d5   Thumb Code   222  debug_uart.o(.text)
    USART6_IRQHandler                        0x080056b3   Thumb Code    24  debug_uart.o(.text)
    uart_putchar                             0x080056cb   Thumb Code    28  debug_uart.o(.text)
    uart_putstr                              0x080056e7   Thumb Code    38  debug_uart.o(.text)
    uart_getchar                             0x0800570d   Thumb Code    54  debug_uart.o(.text)
    fputc                                    0x08005743   Thumb Code    16  debug_uart.o(.text)
    fgetc                                    0x08005753   Thumb Code    12  debug_uart.o(.text)
    RTC_Configuration                        0x08005769   Thumb Code   106  rtc.o(.text)
    GetLSIFrequency                          0x080057d3   Thumb Code   204  rtc.o(.text)
    RTC_Alarm_IRQHandler                     0x0800589f   Thumb Code    34  rtc.o(.text)
    rtc_init                                 0x080058c1   Thumb Code    88  rtc.o(.text)
    cfg_LED                                  0x0800593d   Thumb Code    72  led_buzzer.o(.text)
    test_LED                                 0x08005985   Thumb Code    56  led_buzzer.o(.text)
    Led_Show                                 0x080059bd   Thumb Code   104  led_buzzer.o(.text)
    Buzzer_GPIO                              0x08005a25   Thumb Code    46  led_buzzer.o(.text)
    Buzzer_Delay                             0x08005a53   Thumb Code    30  led_buzzer.o(.text)
    Buzzer_Test                              0x08005a71   Thumb Code    36  led_buzzer.o(.text)
    Buzzer_On                                0x08005a95   Thumb Code    48  led_buzzer.o(.text)
    Blu_Pwm_GPIO_Config                      0x08005ac5   Thumb Code    66  led_buzzer.o(.text)
    Yel_Pwm_GPIO_Config                      0x08005b07   Thumb Code    64  led_buzzer.o(.text)
    Blu_Led_Pwm                              0x08005b47   Thumb Code   124  led_buzzer.o(.text)
    Yel_Led_Pwm                              0x08005bc3   Thumb Code   124  led_buzzer.o(.text)
    Led_Breath                               0x08005c3f   Thumb Code   160  led_buzzer.o(.text)
    Led_Timer_Config                         0x08005cdf   Thumb Code    70  led_buzzer.o(.text)
    Led_Timer_NVIC_Config                    0x08005d25   Thumb Code    92  led_buzzer.o(.text)
    Led_Timer                                0x08005d81   Thumb Code    12  led_buzzer.o(.text)
    Led_Colour_Change                        0x08005d8d   Thumb Code    60  led_buzzer.o(.text)
    Tenms_Timer_Config                       0x08005dd1   Thumb Code    66  timer.o(.text)
    Tenms_Timer_NVIC_Config                  0x08005e13   Thumb Code    40  timer.o(.text)
    Tenms_Timer_Init                         0x08005e3b   Thumb Code    12  timer.o(.text)
    TIM7_IRQHandler                          0x08005e47   Thumb Code   318  timer.o(.text)
    updateTimer                              0x08005f85   Thumb Code  1162  timer.o(.text)
    freeGTimer                               0x0800640f   Thumb Code    94  timer.o(.text)
    configGTimer                             0x0800646d   Thumb Code   120  timer.o(.text)
    getGTimer                                0x080064e5   Thumb Code    74  timer.o(.text)
    getGTimerValue                           0x0800652f   Thumb Code    18  timer.o(.text)
    setGTimerValue                           0x08006541   Thumb Code    12  timer.o(.text)
    startGTimer                              0x0800654d   Thumb Code    42  timer.o(.text)
    stopGTimer                               0x08006577   Thumb Code    42  timer.o(.text)
    setTimerTask                             0x080065a1   Thumb Code   166  timer.o(.text)
    clearTimerTask                           0x08006647   Thumb Code    96  timer.o(.text)
    setTimerTaskValue                        0x080066a7   Thumb Code    62  timer.o(.text)
    setTimerTaskParam                        0x080066e5   Thumb Code    26  timer.o(.text)
    resumeTimerTask                          0x080066ff   Thumb Code    38  timer.o(.text)
    suspendTimerTask                         0x08006725   Thumb Code    34  timer.o(.text)
    Get_time_e8                              0x0800674d   Thumb Code     6  ac_component.o(.text)
    Set_time_e8                              0x08006753   Thumb Code     8  ac_component.o(.text)
    Get_time_collide                         0x0800675b   Thumb Code     6  ac_component.o(.text)
    Set_time_collide                         0x08006761   Thumb Code     8  ac_component.o(.text)
    Get_time_busy                            0x08006769   Thumb Code     6  ac_component.o(.text)
    Set_time_busy                            0x0800676f   Thumb Code     8  ac_component.o(.text)
    Uart_putchar                             0x08006777   Thumb Code    28  ac_component.o(.text)
    Uart_putstr                              0x08006793   Thumb Code    38  ac_component.o(.text)
    vTaskCntTime                             0x080067b9   Thumb Code    82  ac_component.o(.text)
    Get_clientID                             0x0800680b   Thumb Code     6  ac_component.o(.text)
    Set_clientID                             0x08006811   Thumb Code     6  ac_component.o(.text)
    Get_busy                                 0x08006817   Thumb Code     6  ac_component.o(.text)
    Set_busy                                 0x0800681d   Thumb Code     6  ac_component.o(.text)
    Ret_here                                 0x08006823   Thumb Code     6  ac_component.o(.text)
    Get_here                                 0x08006829   Thumb Code    16  ac_component.o(.text)
    Set_here                                 0x08006839   Thumb Code    34  ac_component.o(.text)
    Get_a1twice                              0x0800685b   Thumb Code    16  ac_component.o(.text)
    Set_a1twice                              0x0800686b   Thumb Code    34  ac_component.o(.text)
    Get_a2param                              0x0800688d   Thumb Code    16  ac_component.o(.text)
    Set_a2param                              0x0800689d   Thumb Code    34  ac_component.o(.text)
    Get_ack                                  0x080068bf   Thumb Code     6  ac_component.o(.text)
    Set_ack                                  0x080068c5   Thumb Code     6  ac_component.o(.text)
    Get_existlevel                           0x080068cb   Thumb Code     8  ac_component.o(.text)
    Set_existlevel                           0x080068d3   Thumb Code     8  ac_component.o(.text)
    Descend_existlevel                       0x080068db   Thumb Code    18  ac_component.o(.text)
    Get_primeframe                           0x080068ed   Thumb Code     6  ac_component.o(.text)
    Set_primeframe                           0x080068f3   Thumb Code     8  ac_component.o(.text)
    Ascend_primeframe                        0x080068fb   Thumb Code    20  ac_component.o(.text)
    Get_flag_A3A2                            0x0800690f   Thumb Code     6  ac_component.o(.text)
    Set_flag_A3A2                            0x08006915   Thumb Code     6  ac_component.o(.text)
    Get_flag_aa                              0x0800691b   Thumb Code     6  ac_component.o(.text)
    Set_flag_aa                              0x08006921   Thumb Code     6  ac_component.o(.text)
    Get_flag_sub                             0x08006927   Thumb Code     6  ac_component.o(.text)
    Set_flag_sub                             0x0800692d   Thumb Code     6  ac_component.o(.text)
    RCC_Configuration                        0x08006933   Thumb Code    92  ac_component.o(.text)
    TX_GPIO_Configuration                    0x0800698f   Thumb Code    54  ac_component.o(.text)
    RX_EXTI_Configuration                    0x080069c5   Thumb Code   160  ac_component.o(.text)
    INPUT_EXTI_Configuration                 0x08006a65   Thumb Code   160  ac_component.o(.text)
    Uart_Configuration                       0x08006b05   Thumb Code   318  ac_component.o(.text)
    Uart_sendingbuf                          0x08006c43   Thumb Code    40  ac_component.o(.text)
    CheckingSum                              0x08006c6b   Thumb Code    34  ac_component.o(.text)
    Wait_busfree                             0x08006c8d   Thumb Code    74  ac_component.o(.text)
    Init_Data                                0x08006cd7   Thumb Code   210  ac_component.o(.text)
    E8guzhang                                0x08006da9   Thumb Code     2  ac_component.o(.text)
    tongxunguzhang                           0x08006dab   Thumb Code     2  ac_component.o(.text)
    AnalysisA1Sub                            0x08006e15   Thumb Code     2  ac_rx.o(.text)
    AnalysisA3                               0x08006e17   Thumb Code    52  ac_rx.o(.text)
    AnalysisA2                               0x08006e4b   Thumb Code    56  ac_rx.o(.text)
    AnalysisA1                               0x08006e83   Thumb Code   132  ac_rx.o(.text)
    Analysis                                 0x08006f07   Thumb Code   112  ac_rx.o(.text)
    Recv                                     0x08006f77   Thumb Code   450  ac_rx.o(.text)
    vTaskRecv                                0x08007139   Thumb Code    96  ac_rx.o(.text)
    EXTI9_5_IRQHandler                       0x08007199   Thumb Code   192  ac_rx.o(.text)
    __aeabi_memcpy                           0x08007259   Thumb Code    36  memcpya.o(.text)
    __aeabi_memcpy4                          0x08007259   Thumb Code     0  memcpya.o(.text)
    __aeabi_memcpy8                          0x08007259   Thumb Code     0  memcpya.o(.text)
    __aeabi_memset                           0x0800727d   Thumb Code    14  memseta.o(.text)
    __aeabi_memset4                          0x0800727d   Thumb Code     0  memseta.o(.text)
    __aeabi_memset8                          0x0800727d   Thumb Code     0  memseta.o(.text)
    __aeabi_memclr                           0x0800728b   Thumb Code     4  memseta.o(.text)
    __aeabi_memclr4                          0x0800728b   Thumb Code     0  memseta.o(.text)
    __aeabi_memclr8                          0x0800728b   Thumb Code     0  memseta.o(.text)
    _memset$wrapper                          0x0800728f   Thumb Code    18  memseta.o(.text)
    strcat                                   0x080072a1   Thumb Code    24  strcat.o(.text)
    strncpy                                  0x080072b9   Thumb Code    24  strncpy.o(.text)
    strlen                                   0x080072d1   Thumb Code    14  strlen.o(.text)
    memcmp                                   0x080072df   Thumb Code    26  memcmp.o(.text)
    __aeabi_uidiv                            0x080072f9   Thumb Code     0  uidiv.o(.text)
    __aeabi_uidivmod                         0x080072f9   Thumb Code    44  uidiv.o(.text)
    __scatterload                            0x08007325   Thumb Code    28  init.o(.text)
    __scatterload_rt2                        0x08007325   Thumb Code     0  init.o(.text)
    __decompress                             0x08007349   Thumb Code     0  __dczerorl2.o(.text)
    __decompress1                            0x08007349   Thumb Code    92  __dczerorl2.o(.text)
    __0sprintf$3                             0x080073a5   Thumb Code    34  printf3.o(i.__0sprintf$3)
    __1sprintf$3                             0x080073a5   Thumb Code     0  printf3.o(i.__0sprintf$3)
    __2sprintf                               0x080073a5   Thumb Code     0  printf3.o(i.__0sprintf$3)
    __scatterload_copy                       0x080073cd   Thumb Code    14  handlers.o(i.__scatterload_copy)
    __scatterload_null                       0x080073db   Thumb Code     2  handlers.o(i.__scatterload_null)
    __scatterload_zeroinit                   0x080073dd   Thumb Code    14  handlers.o(i.__scatterload_zeroinit)
    TimerPattern                             0x080075ae   Data          18  timer.o(.constdata)
    Region$$Table$$Base                      0x080075c0   Number         0  anon$$obj.o(Region$$Table)
    Region$$Table$$Limit                     0x080075e0   Number         0  anon$$obj.o(Region$$Table)
    SystemCoreClock                          0x20000000   Data           4  system_stm32f4xx.o(.data)
    AHBPrescTable                            0x20000004   Data          16  system_stm32f4xx.o(.data)
    DMATxDescToSet                           0x20000024   Data           4  stm32f4x7_eth.o(.data)
    DMARxDescToGet                           0x20000028   Data           4  stm32f4x7_eth.o(.data)
    DMA_RX_FRAME_infos                       0x2000002c   Data           4  stm32f4x7_eth.o(.data)
    Frame_Rx_index                           0x20000030   Data           4  stm32f4x7_eth.o(.data)
    s_xSemaphore                             0x20000038   Data           4  ethernetif.o(.data)
    pxCurrentTCB                             0x20000040   Data           4  tasks.o(.data)
    RTC_DateStruct_get                       0x20000090   Data           4  main.o(.data)
    RTC_TimeStruct_get                       0x20000094   Data           4  main.o(.data)
    RTC_Timeout                              0x20000098   Data           4  rtc.o(.data)
    RTC_Error                                0x2000009c   Data           1  rtc.o(.data)
    alarm_now                                0x2000009d   Data           1  rtc.o(.data)
    LsiFreq                                  0x200000a0   Data           4  rtc.o(.data)
    CaptureNumber                            0x200000a4   Data           4  rtc.o(.data)
    PeriodValue                              0x200000a8   Data           4  rtc.o(.data)
    RTC_HandlerFlag                          0x200000ac   Data           1  rtc.o(.data)
    Led_NO                                   0x200000ae   Data           1  led_buzzer.o(.data)
    led_up                                   0x200000af   Data           1  led_buzzer.o(.data)
    low_time                                 0x200000b0   Data           1  led_buzzer.o(.data)
    CCR4_Val                                 0x200000b2   Data           2  led_buzzer.o(.data)
    Breath_Colour                            0x200000b4   Data           1  led_buzzer.o(.data)
    MainTimerFlag                            0x200000b8   Data           2  timer.o(.data)
    TimeShortFlag                            0x200000ba   Data           1  timer.o(.data)
    TimeShortCmd                             0x200000bb   Data           1  timer.o(.data)
    ThermoOnOffTimeSec                       0x200000c4   Data           4  timer.o(.data)
    INVOnOffTimeSec                          0x200000c8   Data           4  timer.o(.data)
    time_e8                                  0x200000cc   Data           2  ac_component.o(.data)
    time_collide                             0x200000ce   Data           2  ac_component.o(.data)
    time_busy                                0x200000d0   Data           2  ac_component.o(.data)
    clientID                                 0x200000d2   Data           1  ac_component.o(.data)
    busy                                     0x200000d3   Data           1  ac_component.o(.data)
    here                                     0x200000d4   Data           2  ac_component.o(.data)
    a1twice                                  0x200000d6   Data           2  ac_component.o(.data)
    a2param                                  0x200000d8   Data           2  ac_component.o(.data)
    ack                                      0x200000da   Data           1  ac_component.o(.data)
    primeframe                               0x200000db   Data           1  ac_component.o(.data)
    Buf_A1_OUT                               0x200000dc   Data           7  ac_component.o(.data)
    Buf_A2_OUT                               0x200000e3   Data           3  ac_component.o(.data)
    Buf_A3_OUT                               0x200000e6   Data           3  ac_component.o(.data)
    Buf_A4_OUT                               0x200000e9   Data           4  ac_component.o(.data)
    Buf_A1_OUT_Prime                         0x200000ed   Data           7  ac_component.o(.data)
    flag_A3A2                                0x200000f4   Data           1  ac_component.o(.data)
    ret_send                                 0x200000f5   Data           1  ac_component.o(.data)
    send_param                               0x200000f8   Data           8  ac_component.o(.data)
    flag_aa                                  0x20000100   Data           1  ac_component.o(.data)
    Buf_A1_IN                                0x20000101   Data           8  ac_component.o(.data)
    Buf_A3_IN                                0x20000109   Data           4  ac_component.o(.data)
    exti9flag                                0x2000010d   Data           1  ac_component.o(.data)
    xqh_One                                  0x20000110   Data           4  ac_component.o(.data)
    xqh_Tpdata                               0x20000114   Data           4  ac_component.o(.data)
    xqh_Tpframe                              0x20000118   Data           4  ac_component.o(.data)
    xqh_Two                                  0x2000011c   Data           4  ac_component.o(.data)
    th_PrimeLoc                              0x20000120   Data           4  ac_component.o(.data)
    th_Primeframe_Send                       0x20000124   Data           4  ac_component.o(.data)
    th_Fill_Tpframe                          0x20000128   Data           4  ac_component.o(.data)
    th_Tpframe_Send                          0x2000012c   Data           4  ac_component.o(.data)
    xsh_flag_aa                              0x20000130   Data           4  ac_component.o(.data)
    flag_sub                                 0x20000134   Data           1  ac_component.o(.data)
    DMARxDscrTab                             0x20000138   Data         160  stm32f4x7_eth.o(.bss)
    DMATxDscrTab                             0x200001d8   Data         160  stm32f4x7_eth.o(.bss)
    Rx_Buff                                  0x20000278   Data        7620  stm32f4x7_eth.o(.bss)
    Tx_Buff                                  0x2000203c   Data        7620  stm32f4x7_eth.o(.bss)
    RX_Frame_Descriptor                      0x20003e00   Data          12  stm32f4x7_eth.o(.bss)
    xQueueRegistry                           0x20003e0c   Data          64  queue.o(.bss)
    RTC_InitStructure                        0x20007b70   Data          12  rtc.o(.bss)
    TimerBuffer                              0x20007b7c   Data         256  timer.o(.bss)
    TimerBase                                0x20007c7c   Data          32  timer.o(.bss)
    TimerBase_Short                          0x20007c9c   Data          32  timer.o(.bss)
    TimerTasks                               0x20007cbc   Data          64  timer.o(.bss)
    FastTimerBuffer                          0x20007cfc   Data          18  timer.o(.bss)
    existlevel                               0x20007d0e   Data          16  ac_component.o(.bss)
    sendingbuf                               0x20007d1e   Data          10  ac_component.o(.bss)
    Buf_A2_IN                                0x20007d28   Data           9  ac_component.o(.bss)
    recvedbuf                                0x20007d31   Data          10  ac_component.o(.bss)
    Registing                                0x20007d3b   Data         144  ac_component.o(.bss)
    __initial_sp                             0x20008dd0   Data           0  startup_stm32f429x.o(STACK)



==============================================================================

Memory Map of the image

  Image Entry point : 0x080001ad

  Load Region LR_IROM1 (Base: 0x08000000, Size: 0x00007718, Max: 0x00100000, ABSOLUTE, COMPRESSED[0x00007608])

    Execution Region ER_IROM1 (Base: 0x08000000, Size: 0x000075e0, Max: 0x00100000, ABSOLUTE)

    Base Addr    Size         Type   Attr      Idx    E Section Name        Object

    0x08000000   0x000001ac   Data   RO            3    RESET               startup_stm32f429x.o
    0x080001ac   0x00000000   Code   RO         2108  * .ARM.Collect$$$$00000000  mc_w.l(entry.o)
    0x080001ac   0x00000004   Code   RO         2386    .ARM.Collect$$$$00000001  mc_w.l(entry2.o)
    0x080001b0   0x00000004   Code   RO         2389    .ARM.Collect$$$$00000004  mc_w.l(entry5.o)
    0x080001b4   0x00000000   Code   RO         2391    .ARM.Collect$$$$00000008  mc_w.l(entry7b.o)
    0x080001b4   0x00000000   Code   RO         2393    .ARM.Collect$$$$0000000A  mc_w.l(entry8b.o)
    0x080001b4   0x00000008   Code   RO         2394    .ARM.Collect$$$$0000000B  mc_w.l(entry9a.o)
    0x080001bc   0x00000000   Code   RO         2396    .ARM.Collect$$$$0000000D  mc_w.l(entry10a.o)
    0x080001bc   0x00000000   Code   RO         2398    .ARM.Collect$$$$0000000F  mc_w.l(entry11a.o)
    0x080001bc   0x00000004   Code   RO         2387    .ARM.Collect$$$$00002712  mc_w.l(entry2.o)
    0x080001c0   0x000000a8   Code   RO         1709    .emb_text           port.o
    0x08000268   0x00000024   Code   RO            4    .text               startup_stm32f429x.o
    0x0800028c   0x000002d8   Code   RO           12    .text               system_stm32f4xx.o
    0x08000564   0x000000e4   Code   RO          139    .text               misc.o
    0x08000648   0x00000110   Code   RO          406    .text               stm32f4xx_exti.o
    0x08000758   0x00000294   Code   RO          469    .text               stm32f4xx_gpio.o
    0x080009ec   0x00000130   Code   RO          612    .text               stm32f4xx_pwr.o
    0x08000b1c   0x00000638   Code   RO          632    .text               stm32f4xx_rcc.o
    0x08001154   0x00000d68   Code   RO          674    .text               stm32f4xx_rtc.o
    0x08001ebc   0x00000098   Code   RO          757    .text               stm32f4xx_syscfg.o
    0x08001f54   0x00000ca2   Code   RO          777    .text               stm32f4xx_tim.o
    0x08002bf6   0x00000002   PAD
    0x08002bf8   0x00000454   Code   RO          797    .text               stm32f4xx_usart.o
    0x0800304c   0x00000e6c   Code   RO          837    .text               stm32f4x7_eth.o
    0x08003eb8   0x00000728   Code   RO         1623    .text               queue.o
    0x080045e0   0x00000098   Code   RO         1647    .text               list.o
    0x08004678   0x00000ac8   Code   RO         1659    .text               tasks.o
    0x08005140   0x0000019c   Code   RO         1694    .text               heap_4.o
    0x080052dc   0x000000dc   Code   RO         1710    .text               port.o
    0x080053b8   0x000001c0   Code   RO         1729    .text               main.o
    0x08005578   0x0000005c   Code   RO         1817    .text               stm32f4xx_it.o
    0x080055d4   0x00000194   Code   RO         1838    .text               debug_uart.o
    0x08005768   0x000001d4   Code   RO         1865    .text               rtc.o
    0x0800593c   0x00000494   Code   RO         1892    .text               led_buzzer.o
    0x08005dd0   0x0000097c   Code   RO         1919    .text               timer.o
    0x0800674c   0x000006c8   Code   RO         1986    .text               ac_component.o
    0x08006e14   0x00000444   Code   RO         2040    .text               ac_rx.o
    0x08007258   0x00000024   Code   RO         2111    .text               mc_w.l(memcpya.o)
    0x0800727c   0x00000024   Code   RO         2113    .text               mc_w.l(memseta.o)
    0x080072a0   0x00000018   Code   RO         2115    .text               mc_w.l(strcat.o)
    0x080072b8   0x00000018   Code   RO         2117    .text               mc_w.l(strncpy.o)
    0x080072d0   0x0000000e   Code   RO         2119    .text               mc_w.l(strlen.o)
    0x080072de   0x0000001a   Code   RO         2121    .text               mc_w.l(memcmp.o)
    0x080072f8   0x0000002c   Code   RO         2401    .text               mc_w.l(uidiv.o)
    0x08007324   0x00000024   Code   RO         2416    .text               mc_w.l(init.o)
    0x08007348   0x0000005c   Code   RO         2434    .text               mc_w.l(__dczerorl2.o)
    0x080073a4   0x00000028   Code   RO         2216    i.__0sprintf$3      mc_w.l(printf3.o)
    0x080073cc   0x0000000e   Code   RO         2428    i.__scatterload_copy  mc_w.l(handlers.o)
    0x080073da   0x00000002   Code   RO         2429    i.__scatterload_null  mc_w.l(handlers.o)
    0x080073dc   0x0000000e   Code   RO         2430    i.__scatterload_zeroinit  mc_w.l(handlers.o)
    0x080073ea   0x00000002   PAD
    0x080073ec   0x000001b8   Code   RO         2221    i._printf_core      mc_w.l(printf3.o)
    0x080075a4   0x0000000a   Code   RO         2223    i._sputc            mc_w.l(printf3.o)
    0x080075ae   0x00000012   Data   RO         1921    .constdata          timer.o
    0x080075c0   0x00000020   Data   RO         2426    Region$$Table       anon$$obj.o


    Execution Region RW_IRAM1 (Base: 0x20000000, Size: 0x00008dd0, Max: 0x00030000, ABSOLUTE, COMPRESSED[0x00000028])

    Base Addr    Size         Type   Attr      Idx    E Section Name        Object

    0x20000000   0x00000014   Data   RW           13    .data               system_stm32f4xx.o
    0x20000014   0x00000010   Data   RW          633    .data               stm32f4xx_rcc.o
    0x20000024   0x00000010   Data   RW          839    .data               stm32f4x7_eth.o
    0x20000034   0x0000000c   Data   RW         1557    .data               ethernetif.o
    0x20000040   0x0000003c   Data   RW         1661    .data               tasks.o
    0x2000007c   0x00000010   Data   RW         1696    .data               heap_4.o
    0x2000008c   0x00000004   Data   RW         1711    .data               port.o
    0x20000090   0x00000008   Data   RW         1730    .data               main.o
    0x20000098   0x00000015   Data   RW         1867    .data               rtc.o
    0x200000ad   0x00000001   PAD
    0x200000ae   0x00000007   Data   RW         1893    .data               led_buzzer.o
    0x200000b5   0x00000003   PAD
    0x200000b8   0x00000014   Data   RW         1922    .data               timer.o
    0x200000cc   0x00000069   Data   RW         1988    .data               ac_component.o
    0x20000135   0x00000003   PAD
    0x20000138   0x00003cd4   Zero   RW          838    .bss                stm32f4x7_eth.o
    0x20003e0c   0x00000040   Zero   RW         1624    .bss                queue.o
    0x20003e4c   0x00000120   Zero   RW         1660    .bss                tasks.o
    0x20003f6c   0x00000004   PAD
    0x20003f70   0x00003c00   Zero   RW         1695    .bss                heap_4.o
    0x20007b70   0x0000000c   Zero   RW         1866    .bss                rtc.o
    0x20007b7c   0x00000192   Zero   RW         1920    .bss                timer.o
    0x20007d0e   0x000000bd   Zero   RW         1987    .bss                ac_component.o
    0x20007dcb   0x00000005   PAD
    0x20007dd0   0x00001000   Zero   RW            1    STACK               startup_stm32f429x.o


==============================================================================

Image component sizes


      Code (inc. data)   RO Data    RW Data    ZI Data      Debug   Object Name

      1736        198          0        105        189      12701   ac_component.o
         0          0          0          0          0       3895   ac_prime.o
      1092         86          0          0          0       2452   ac_rx.o
         0          0          0          0          0      18331   api_lib.o
       404         10          0          0          0       2976   debug_uart.o
         0          0          0         12          0       3394   ethernetif.o
       412         20          0         16      15360       3152   heap_4.o
      1172         60          0          7          0       3901   led_buzzer.o
       152          0          0          0          0       2054   list.o
       448        154          0          8          0       1963   main.o
       228         22          0          0          0       1945   misc.o
       388         34          0          4          0       3018   port.o
      1832          6          0          0         64      11485   queue.o
       468         36          0         21         12       2028   rtc.o
        36          8        428          0       4096        936   startup_stm32f429x.o
      3692        116          0         16      15572      55836   stm32f4x7_eth.o
       272         10          0          0          0       2391   stm32f4xx_exti.o
       660         44          0          0          0       4229   stm32f4xx_gpio.o
        92          6          0          0          0       1350   stm32f4xx_it.o
       304         20          0          0          0       3150   stm32f4xx_pwr.o
      1592         54          0         16          0      12918   stm32f4xx_rcc.o
      3432         44          0          0          0      15188   stm32f4xx_rtc.o
       152         18          0          0          0       1889   stm32f4xx_syscfg.o
      3234         60          0          0          0      22428   stm32f4xx_tim.o
      1108         34          0          0          0       7924   stm32f4xx_usart.o
       728         50          0         20          0     306571   system_stm32f4xx.o
      2760        210          0         60        288      13425   tasks.o
      2428         84         18         20        402     248838   timer.o

    ----------------------------------------------------------------------
     28824       1384        478        312      35992     770368   Object Totals
         0          0         32          0          0          0   (incl. Generated)
         2          0          0          7          9          0   (incl. Padding)

    ----------------------------------------------------------------------

      Code (inc. data)   RO Data    RW Data    ZI Data      Debug   Library Member Name

        92          0          0          0          0          0   __dczerorl2.o
         0          0          0          0          0          0   entry.o
         0          0          0          0          0          0   entry10a.o
         0          0          0          0          0          0   entry11a.o
         8          4          0          0          0          0   entry2.o
         4          0          0          0          0          0   entry5.o
         0          0          0          0          0          0   entry7b.o
         0          0          0          0          0          0   entry8b.o
         8          4          0          0          0          0   entry9a.o
        30          0          0          0          0          0   handlers.o
        36          8          0          0          0         68   init.o
        26          0          0          0          0         80   memcmp.o
        36          0          0          0          0         68   memcpya.o
        36          0          0          0          0        108   memseta.o
       490         10          0          0          0        248   printf3.o
        24          0          0          0          0         68   strcat.o
        14          0          0          0          0         68   strlen.o
        24          0          0          0          0         76   strncpy.o
        44          0          0          0          0         80   uidiv.o

    ----------------------------------------------------------------------
       874         26          0          0          0        864   Library Totals
         2          0          0          0          0          0   (incl. Padding)

    ----------------------------------------------------------------------

      Code (inc. data)   RO Data    RW Data    ZI Data      Debug   Library Name

       872         26          0          0          0        864   mc_w.l

    ----------------------------------------------------------------------
       874         26          0          0          0        864   Library Totals

    ----------------------------------------------------------------------

==============================================================================


      Code (inc. data)   RO Data    RW Data    ZI Data      Debug   

     29698       1410        478        312      35992     763768   Grand Totals
     29698       1410        478         40      35992     763768   ELF Image Totals (compressed)
     29698       1410        478         40          0          0   ROM Totals

==============================================================================

    Total RO  Size (Code + RO Data)                30176 (  29.47kB)
    Total RW  Size (RW Data + ZI Data)             36304 (  35.45kB)
    Total ROM Size (Code + RO Data + RW Data)      30216 (  29.51kB)

==============================================================================

